stm32f4xx_hal_msp.c:49:6:HAL_MspInit	8	static
stm32f4xx_hal_msp.c:78:6:HAL_ADC_MspInit	48	static
stm32f4xx_hal_msp.c:148:6:HAL_ADC_MspDeInit	16	static
stm32f4xx_hal_msp.c:208:6:HAL_CAN_MspInit	40	static
stm32f4xx_hal_msp.c:238:6:HAL_CAN_MspDeInit	16	static
stm32f4xx_hal_msp.c:262:6:HAL_DAC_MspInit	40	static
stm32f4xx_hal_msp.c:290:6:HAL_DAC_MspDeInit	16	static
stm32f4xx_hal_msp.c:314:6:HAL_I2C_MspInit	40	static
stm32f4xx_hal_msp.c:344:6:HAL_I2C_MspDeInit	16	static
stm32f4xx_hal_msp.c:368:6:HAL_SPI_MspInit	40	static
stm32f4xx_hal_msp.c:406:6:HAL_SPI_MspDeInit	16	static
