Archive member included to satisfy reference by file (symbol)

c:/program files (x86)/atollic/truestudio for stm32 9.0.1/armtools/bin/../lib/gcc/arm-atollic-eabi/6.3.1/../../../../arm-atollic-eabi/lib/armv7e-m/fpu\libc_nano.a(lib_a-init.o)
                              startup\startup_stm32f446xx.o (__libc_init_array)
c:/program files (x86)/atollic/truestudio for stm32 9.0.1/armtools/bin/../lib/gcc/arm-atollic-eabi/6.3.1/armv7e-m/fpu\libgcc.a(_aeabi_uldivmod.o)
                              Drivers\STM32F4xx_HAL_Driver\Src\stm32f4xx_hal_rcc.o (__aeabi_uldivmod)
c:/program files (x86)/atollic/truestudio for stm32 9.0.1/armtools/bin/../lib/gcc/arm-atollic-eabi/6.3.1/armv7e-m/fpu\libgcc.a(_udivmoddi4.o)
                              c:/program files (x86)/atollic/truestudio for stm32 9.0.1/armtools/bin/../lib/gcc/arm-atollic-eabi/6.3.1/armv7e-m/fpu\libgcc.a(_aeabi_uldivmod.o) (__udivmoddi4)
c:/program files (x86)/atollic/truestudio for stm32 9.0.1/armtools/bin/../lib/gcc/arm-atollic-eabi/6.3.1/armv7e-m/fpu\libgcc.a(_dvmd_tls.o)
                              c:/program files (x86)/atollic/truestudio for stm32 9.0.1/armtools/bin/../lib/gcc/arm-atollic-eabi/6.3.1/armv7e-m/fpu\libgcc.a(_aeabi_uldivmod.o) (__aeabi_ldiv0)

Allocating common symbols
Common symbol       size              file

uwTick              0x4               Drivers\STM32F4xx_HAL_Driver\Src\stm32f4xx_hal.o
pFlash              0x20              Drivers\STM32F4xx_HAL_Driver\Src\stm32f4xx_hal_flash.o
hadc1               0x48              Src\adc.o
htim1               0x3c              Src\tim.o
hcan1               0x44              Src\can.o

Discarded input sections

 .text          0x00000000        0x0 c:/program files (x86)/atollic/truestudio for stm32 9.0.1/armtools/bin/../lib/gcc/arm-atollic-eabi/6.3.1/armv7e-m/fpu/crti.o
 .data          0x00000000        0x0 c:/program files (x86)/atollic/truestudio for stm32 9.0.1/armtools/bin/../lib/gcc/arm-atollic-eabi/6.3.1/armv7e-m/fpu/crti.o
 .bss           0x00000000        0x0 c:/program files (x86)/atollic/truestudio for stm32 9.0.1/armtools/bin/../lib/gcc/arm-atollic-eabi/6.3.1/armv7e-m/fpu/crti.o
 .data          0x00000000        0x4 c:/program files (x86)/atollic/truestudio for stm32 9.0.1/armtools/bin/../lib/gcc/arm-atollic-eabi/6.3.1/armv7e-m/fpu/crtbegin.o
 .text          0x00000000        0x0 Drivers\STM32F4xx_HAL_Driver\Src\stm32f4xx_hal.o
 .data          0x00000000        0x0 Drivers\STM32F4xx_HAL_Driver\Src\stm32f4xx_hal.o
 .bss           0x00000000        0x0 Drivers\STM32F4xx_HAL_Driver\Src\stm32f4xx_hal.o
 .text.HAL_DeInit
                0x00000000       0x58 Drivers\STM32F4xx_HAL_Driver\Src\stm32f4xx_hal.o
 .text.HAL_MspInit
                0x00000000        0xe Drivers\STM32F4xx_HAL_Driver\Src\stm32f4xx_hal.o
 .text.HAL_MspDeInit
                0x00000000        0xe Drivers\STM32F4xx_HAL_Driver\Src\stm32f4xx_hal.o
 .text.HAL_SuspendTick
                0x00000000       0x20 Drivers\STM32F4xx_HAL_Driver\Src\stm32f4xx_hal.o
 .text.HAL_ResumeTick
                0x00000000       0x20 Drivers\STM32F4xx_HAL_Driver\Src\stm32f4xx_hal.o
 .text.HAL_GetHalVersion
                0x00000000       0x14 Drivers\STM32F4xx_HAL_Driver\Src\stm32f4xx_hal.o
 .text.HAL_GetREVID
                0x00000000       0x18 Drivers\STM32F4xx_HAL_Driver\Src\stm32f4xx_hal.o
 .text.HAL_GetDEVID
                0x00000000       0x1c Drivers\STM32F4xx_HAL_Driver\Src\stm32f4xx_hal.o
 .text.HAL_DBGMCU_EnableDBGSleepMode
                0x00000000       0x20 Drivers\STM32F4xx_HAL_Driver\Src\stm32f4xx_hal.o
 .text.HAL_DBGMCU_DisableDBGSleepMode
                0x00000000       0x20 Drivers\STM32F4xx_HAL_Driver\Src\stm32f4xx_hal.o
 .text.HAL_DBGMCU_EnableDBGStopMode
                0x00000000       0x20 Drivers\STM32F4xx_HAL_Driver\Src\stm32f4xx_hal.o
 .text.HAL_DBGMCU_DisableDBGStopMode
                0x00000000       0x20 Drivers\STM32F4xx_HAL_Driver\Src\stm32f4xx_hal.o
 .text.HAL_DBGMCU_EnableDBGStandbyMode
                0x00000000       0x20 Drivers\STM32F4xx_HAL_Driver\Src\stm32f4xx_hal.o
 .text.HAL_DBGMCU_DisableDBGStandbyMode
                0x00000000       0x20 Drivers\STM32F4xx_HAL_Driver\Src\stm32f4xx_hal.o
 .text.HAL_EnableCompensationCell
                0x00000000       0x18 Drivers\STM32F4xx_HAL_Driver\Src\stm32f4xx_hal.o
 .text.HAL_DisableCompensationCell
                0x00000000       0x18 Drivers\STM32F4xx_HAL_Driver\Src\stm32f4xx_hal.o
 .text.HAL_GetUID
                0x00000000       0x3c Drivers\STM32F4xx_HAL_Driver\Src\stm32f4xx_hal.o
 .text          0x00000000        0x0 Drivers\STM32F4xx_HAL_Driver\Src\stm32f4xx_hal_adc.o
 .data          0x00000000        0x0 Drivers\STM32F4xx_HAL_Driver\Src\stm32f4xx_hal_adc.o
 .bss           0x00000000        0x0 Drivers\STM32F4xx_HAL_Driver\Src\stm32f4xx_hal_adc.o
 .text.HAL_ADC_DeInit
                0x00000000       0x64 Drivers\STM32F4xx_HAL_Driver\Src\stm32f4xx_hal_adc.o
[...]
Memory Configuration

Name             Origin             Length             Attributes
RAM              0x20000000         0x00020000         xrw
FLASH            0x08000000         0x00080000         xr
*default*        0x00000000         0xffffffff

Linker script and memory map

LOAD c:/program files (x86)/atollic/truestudio for stm32 9.0.1/armtools/bin/../lib/gcc/arm-atollic-eabi/6.3.1/armv7e-m/fpu/crti.o
LOAD c:/program files (x86)/atollic/truestudio for stm32 9.0.1/armtools/bin/../lib/gcc/arm-atollic-eabi/6.3.1/armv7e-m/fpu/crtbegin.o
LOAD Drivers\STM32F4xx_HAL_Driver\Src\stm32f4xx_hal.o
LOAD Drivers\STM32F4xx_HAL_Driver\Src\stm32f4xx_hal_adc.o
LOAD Drivers\STM32F4xx_HAL_Driver\Src\stm32f4xx_hal_adc_ex.o
LOAD Drivers\STM32F4xx_HAL_Driver\Src\stm32f4xx_hal_can.o
LOAD Drivers\STM32F4xx_HAL_Driver\Src\stm32f4xx_hal_cortex.o
LOAD Drivers\STM32F4xx_HAL_Driver\Src\stm32f4xx_hal_dma.o
LOAD Drivers\STM32F4xx_HAL_Driver\Src\stm32f4xx_hal_dma_ex.o
LOAD Drivers\STM32F4xx_HAL_Driver\Src\stm32f4xx_hal_flash.o
LOAD Drivers\STM32F4xx_HAL_Driver\Src\stm32f4xx_hal_flash_ex.o
LOAD Drivers\STM32F4xx_HAL_Driver\Src\stm32f4xx_hal_flash_ramfunc.o
LOAD Drivers\STM32F4xx_HAL_Driver\Src\stm32f4xx_hal_gpio.o
LOAD Drivers\STM32F4xx_HAL_Driver\Src\stm32f4xx_hal_pwr.o
LOAD Drivers\STM32F4xx_HAL_Driver\Src\stm32f4xx_hal_pwr_ex.o
LOAD Drivers\STM32F4xx_HAL_Driver\Src\stm32f4xx_hal_rcc.o
LOAD Drivers\STM32F4xx_HAL_Driver\Src\stm32f4xx_hal_rcc_ex.o
LOAD Drivers\STM32F4xx_HAL_Driver\Src\stm32f4xx_hal_tim.o
LOAD Drivers\STM32F4xx_HAL_Driver\Src\stm32f4xx_hal_tim_ex.o
LOAD Src\adc.o
LOAD Src\can.o
LOAD Src\gpio.o
LOAD Src\main.o
LOAD Src\stm32f4xx_hal_msp.o
LOAD Src\stm32f4xx_it.o
LOAD Src\system_stm32f4xx.o
LOAD Src\tim.o
LOAD startup\startup_stm32f446xx.o
                0x00000080                malloc_getpagesize_P = 0x80
START GROUP
LOAD c:/program files (x86)/atollic/truestudio for stm32 9.0.1/armtools/bin/../lib/gcc/arm-atollic-eabi/6.3.1/../../../../arm-atollic-eabi/lib/armv7e-m/fpu\libc_nano.a
LOAD c:/program files (x86)/atollic/truestudio for stm32 9.0.1/armtools/bin/../lib/gcc/arm-atollic-eabi/6.3.1/../../../../arm-atollic-eabi/lib/armv7e-m/fpu\libm.a
END GROUP
START GROUP
LOAD c:/program files (x86)/atollic/truestudio for stm32 9.0.1/armtools/bin/../lib/gcc/arm-atollic-eabi/6.3.1/armv7e-m/fpu\libgcc.a
LOAD c:/program files (x86)/atollic/truestudio for stm32 9.0.1/armtools/bin/../lib/gcc/arm-atollic-eabi/6.3.1/../../../../arm-atollic-eabi/lib/armv7e-m/fpu\libc_nano.a
END GROUP
START GROUP
LOAD c:/program files (x86)/atollic/truestudio for stm32 9.0.1/armtools/bin/../lib/gcc/arm-atollic-eabi/6.3.1/armv7e-m/fpu\libgcc.a
LOAD c:/program files (x86)/atollic/truestudio for stm32 9.0.1/armtools/bin/../lib/gcc/arm-atollic-eabi/6.3.1/../../../../arm-atollic-eabi/lib/armv7e-m/fpu\libc_nano.a
LOAD c:/program files (x86)/atollic/truestudio for stm32 9.0.1/armtools/bin/../lib/gcc/arm-atollic-eabi/6.3.1/../../../../arm-atollic-eabi/lib/armv7e-m/fpu\libnosys.a
END GROUP
START GROUP
LOAD c:/program files (x86)/atollic/truestudio for stm32 9.0.1/armtools/bin/../lib/gcc/arm-atollic-eabi/6.3.1/armv7e-m/fpu\libgcc.a
LOAD c:/program files (x86)/atollic/truestudio for stm32 9.0.1/armtools/bin/../lib/gcc/arm-atollic-eabi/6.3.1/../../../../arm-atollic-eabi/lib/armv7e-m/fpu\libc_nano.a
LOAD c:/program files (x86)/atollic/truestudio for stm32 9.0.1/armtools/bin/../lib/gcc/arm-atollic-eabi/6.3.1/../../../../arm-atollic-eabi/lib/armv7e-m/fpu\libnosys.a
END GROUP
LOAD c:/program files (x86)/atollic/truestudio for stm32 9.0.1/armtools/bin/../lib/gcc/arm-atollic-eabi/6.3.1/armv7e-m/fpu/crtend.o
LOAD c:/program files (x86)/atollic/truestudio for stm32 9.0.1/armtools/bin/../lib/gcc/arm-atollic-eabi/6.3.1/armv7e-m/fpu/crtn.o
                0x20020000                _estack = 0x20020000
                0x00000200                _Min_Heap_Size = 0x200
                0x00000400                _Min_Stack_Size = 0x400

.isr_vector     0x08000000      0x1c4
                0x08000000                . = ALIGN (0x4)
 *(.isr_vector)
 .isr_vector    0x08000000      0x1c4 startup\startup_stm32f446xx.o
                0x08000000                g_pfnVectors
                0x080001c4                . = ALIGN (0x4)

.text           0x080001c4     0x2e38
                0x080001c4                . = ALIGN (0x4)
 *(.text)
 .text          0x080001c4       0x40 c:/program files (x86)/atollic/truestudio for stm32 9.0.1/armtools/bin/../lib/gcc/arm-atollic-eabi/6.3.1/armv7e-m/fpu/crtbegin.o
 .text          0x08000204       0x30 c:/program files (x86)/atollic/truestudio for stm32 9.0.1/armtools/bin/../lib/gcc/arm-atollic-eabi/6.3.1/armv7e-m/fpu\libgcc.a(_aeabi_uldivmod.o)
                0x08000204                __aeabi_uldivmod
 .text          0x08000234      0x2dc c:/program files (x86)/atollic/truestudio for stm32 9.0.1/armtools/bin/../lib/gcc/arm-atollic-eabi/6.3.1/armv7e-m/fpu\libgcc.a(_udivmoddi4.o)
                0x08000234                __udivmoddi4
 .text          0x08000510        0x4 c:/program files (x86)/atollic/truestudio for stm32 9.0.1/armtools/bin/../lib/gcc/arm-atollic-eabi/6.3.1/armv7e-m/fpu\libgcc.a(_dvmd_tls.o)
                0x08000510                __aeabi_idiv0
                0x08000510                __aeabi_ldiv0
 *(.text*)
 .text.HAL_Init
                0x08000514       0x44 Drivers\STM32F4xx_HAL_Driver\Src\stm32f4xx_hal.o
                0x08000514                HAL_Init
 .text.HAL_InitTick
                0x08000558       0x38 Drivers\STM32F4xx_HAL_Driver\Src\stm32f4xx_hal.o
                0x08000558                HAL_InitTick
 .text.HAL_IncTick
                0x08000590       0x1c Drivers\STM32F4xx_HAL_Driver\Src\stm32f4xx_hal.o
                0x08000590                HAL_IncTick
 .text.HAL_GetTick
                0x080005ac       0x18 Drivers\STM32F4xx_HAL_Driver\Src\stm32f4xx_hal.o
                0x080005ac                HAL_GetTick
 .text.HAL_Delay
                0x080005c4       0x3a Drivers\STM32F4xx_HAL_Driver\Src\stm32f4xx_hal.o
                0x080005c4                HAL_Delay
 .text.HAL_ADC_Init
                0x080005fe       0x86 Drivers\STM32F4xx_HAL_Driver\Src\stm32f4xx_hal_adc.o
                0x080005fe                HAL_ADC_Init
 .text.HAL_ADC_Start
                0x08000684      0x14c Drivers\STM32F4xx_HAL_Driver\Src\stm32f4xx_hal_adc.o
                0x08000684                HAL_ADC_Start
 .text.HAL_ADC_Stop
                0x080007d0       0x66 Drivers\STM32F4xx_HAL_Driver\Src\stm32f4xx_hal_adc.o
                0x080007d0                HAL_ADC_Stop
 .text.HAL_ADC_PollForConversion
                0x08000836      0x104 Drivers\STM32F4xx_HAL_Driver\Src\stm32f4xx_hal_adc.o
                0x08000836                HAL_ADC_PollForConversion
 .text.HAL_ADC_GetValue
                0x0800093a       0x1a Drivers\STM32F4xx_HAL_Driver\Src\stm32f4xx_hal_adc.o
                0x0800093a                HAL_ADC_GetValue
 .text.HAL_ADC_ConfigChannel
                0x08000954      0x250 Drivers\STM32F4xx_HAL_Driver\Src\stm32f4xx_hal_adc.o
                0x08000954                HAL_ADC_ConfigChannel
 .text.ADC_Init
                0x08000ba4      0x1f4 Drivers\STM32F4xx_HAL_Driver\Src\stm32f4xx_hal_adc.o
 .text.HAL_CAN_Init
                0x08000d98      0x248 Drivers\STM32F4xx_HAL_Driver\Src\stm32f4xx_hal_can.o
                0x08000d98                HAL_CAN_Init
 .text.NVIC_SetPriorityGrouping
                0x08000fe0       0x48 Drivers\STM32F4xx_HAL_Driver\Src\stm32f4xx_hal_cortex.o
 .text.NVIC_GetPriorityGrouping
                0x08001028       0x1c Drivers\STM32F4xx_HAL_Driver\Src\stm32f4xx_hal_cortex.o
 .text.NVIC_SetPriority
                0x08001044       0x54 Drivers\STM32F4xx_HAL_Driver\Src\stm32f4xx_hal_cortex.o
 .text.NVIC_EncodePriority
                0x08001098       0x62 Drivers\STM32F4xx_HAL_Driver\Src\stm32f4xx_hal_cortex.o
 *fill*         0x080010fa        0x2 
 .text.SysTick_Config
                0x080010fc       0x44 Drivers\STM32F4xx_HAL_Driver\Src\stm32f4xx_hal_cortex.o
 .text.HAL_NVIC_SetPriorityGrouping
                0x08001140       0x16 Drivers\STM32F4xx_HAL_Driver\Src\stm32f4xx_hal_cortex.o
                0x08001140                HAL_NVIC_SetPriorityGrouping
 .text.HAL_NVIC_SetPriority
                0x08001156       0x38 Drivers\STM32F4xx_HAL_Driver\Src\stm32f4xx_hal_cortex.o
                0x08001156                HAL_NVIC_SetPriority
 .text.HAL_SYSTICK_Config
                0x0800118e       0x18 Drivers\STM32F4xx_HAL_Driver\Src\stm32f4xx_hal_cortex.o
                0x0800118e                HAL_SYSTICK_Config
 *fill*         0x080011a6        0x2 
 .text.HAL_SYSTICK_CLKSourceConfig
                0x080011a8       0x38 Drivers\STM32F4xx_HAL_Driver\Src\stm32f4xx_hal_cortex.o
                0x080011a8                HAL_SYSTICK_CLKSourceConfig
 .text.HAL_SYSTICK_IRQHandler
                0x080011e0        0xc Drivers\STM32F4xx_HAL_Driver\Src\stm32f4xx_hal_cortex.o
                0x080011e0                HAL_SYSTICK_IRQHandler
 .text.HAL_SYSTICK_Callback
                0x080011ec        0xe Drivers\STM32F4xx_HAL_Driver\Src\stm32f4xx_hal_cortex.o
                0x080011ec                HAL_SYSTICK_Callback
 *fill*         0x080011fa        0x2 
 .text.HAL_GPIO_Init
                0x080011fc      0x324 Drivers\STM32F4xx_HAL_Driver\Src\stm32f4xx_hal_gpio.o
                0x080011fc                HAL_GPIO_Init
 .text.HAL_GPIO_WritePin
                0x08001520       0x32 Drivers\STM32F4xx_HAL_Driver\Src\stm32f4xx_hal_gpio.o
                0x08001520                HAL_GPIO_WritePin
 *fill*         0x08001552        0x2 
 .text.HAL_RCC_ClockConfig
                0x08001554      0x1c4 Drivers\STM32F4xx_HAL_Driver\Src\stm32f4xx_hal_rcc.o
                0x08001554                HAL_RCC_ClockConfig
 .text.HAL_RCC_GetHCLKFreq
                0x08001718       0x18 Drivers\STM32F4xx_HAL_Driver\Src\stm32f4xx_hal_rcc.o
                0x08001718                HAL_RCC_GetHCLKFreq
 .text.HAL_RCC_GetSysClockFreq
                0x08001730      0x36c Drivers\STM32F4xx_HAL_Driver\Src\stm32f4xx_hal_rcc_ex.o
                0x08001730                HAL_RCC_GetSysClockFreq
 .text.HAL_RCC_OscConfig
                0x08001a9c      0x480 Drivers\STM32F4xx_HAL_Driver\Src\stm32f4xx_hal_rcc_ex.o
                0x08001a9c                HAL_RCC_OscConfig
 .text.HAL_TIM_OC_Init
                0x08001f1c       0x56 Drivers\STM32F4xx_HAL_Driver\Src\stm32f4xx_hal_tim.o
                0x08001f1c                HAL_TIM_OC_Init
 *fill*         0x08001f72        0x2 
 .text.HAL_TIM_OC_ConfigChannel
                0x08001f74       0xc0 Drivers\STM32F4xx_HAL_Driver\Src\stm32f4xx_hal_tim.o
                0x08001f74                HAL_TIM_OC_ConfigChannel
 .text.TIM_Base_SetConfig
                0x08002034      0x154 Drivers\STM32F4xx_HAL_Driver\Src\stm32f4xx_hal_tim.o
                0x08002034                TIM_Base_SetConfig
 .text.TIM_OC2_SetConfig
                0x08002188       0xf0 Drivers\STM32F4xx_HAL_Driver\Src\stm32f4xx_hal_tim.o
                0x08002188                TIM_OC2_SetConfig
 .text.TIM_OC1_SetConfig
                0x08002278       0xe8 Drivers\STM32F4xx_HAL_Driver\Src\stm32f4xx_hal_tim.o
 .text.TIM_OC3_SetConfig
                0x08002360       0xf0 Drivers\STM32F4xx_HAL_Driver\Src\stm32f4xx_hal_tim.o
 .text.TIM_OC4_SetConfig
                0x08002450       0xc0 Drivers\STM32F4xx_HAL_Driver\Src\stm32f4xx_hal_tim.o
 .text.HAL_TIMEx_MasterConfigSynchronization
                0x08002510       0x8a Drivers\STM32F4xx_HAL_Driver\Src\stm32f4xx_hal_tim_ex.o
                0x08002510                HAL_TIMEx_MasterConfigSynchronization
 .text.HAL_TIMEx_ConfigBreakDeadTime
                0x0800259a       0xb2 Drivers\STM32F4xx_HAL_Driver\Src\stm32f4xx_hal_tim_ex.o
                0x0800259a                HAL_TIMEx_ConfigBreakDeadTime
 .text.MX_ADC1_Init
                0x0800264c      0x1c0 Src\adc.o
                0x0800264c                MX_ADC1_Init
 .text.HAL_ADC_MspInit
                0x0800280c       0x78 Src\adc.o
                0x0800280c                HAL_ADC_MspInit
 .text.MX_CAN1_Init
                0x08002884       0x70 Src\can.o
                0x08002884                MX_CAN1_Init
 .text.HAL_CAN_MspInit
                0x080028f4       0x64 Src\can.o
                0x080028f4                HAL_CAN_MspInit
 .text.MX_GPIO_Init
                0x08002958      0x128 Src\gpio.o
                0x08002958                MX_GPIO_Init
 .text.main     0x08002a80      0x124 Src\main.o
                0x08002a80                main
 .text.SystemClock_Config
                0x08002ba4       0xf8 Src\main.o
                0x08002ba4                SystemClock_Config
 .text._Error_Handler
                0x08002c9c        0xc Src\main.o
                0x08002c9c                _Error_Handler
 .text.HAL_MspInit
                0x08002ca8       0x62 Src\stm32f4xx_hal_msp.o
                0x08002ca8                HAL_MspInit
 .text.NMI_Handler
                0x08002d0a        0xe Src\stm32f4xx_it.o
                0x08002d0a                NMI_Handler
 .text.HardFault_Handler
                0x08002d18        0x6 Src\stm32f4xx_it.o
                0x08002d18                HardFault_Handler
 .text.MemManage_Handler
                0x08002d1e        0x6 Src\stm32f4xx_it.o
                0x08002d1e                MemManage_Handler
 .text.BusFault_Handler
                0x08002d24        0x6 Src\stm32f4xx_it.o
                0x08002d24                BusFault_Handler
 .text.UsageFault_Handler
                0x08002d2a        0x6 Src\stm32f4xx_it.o
                0x08002d2a                UsageFault_Handler
 .text.SVC_Handler
                0x08002d30        0xe Src\stm32f4xx_it.o
                0x08002d30                SVC_Handler
 .text.DebugMon_Handler
                0x08002d3e        0xe Src\stm32f4xx_it.o
                0x08002d3e                DebugMon_Handler
 .text.PendSV_Handler
                0x08002d4c        0xe Src\stm32f4xx_it.o
                0x08002d4c                PendSV_Handler
 .text.SysTick_Handler
                0x08002d5a       0x10 Src\stm32f4xx_it.o
                0x08002d5a                SysTick_Handler
 *fill*         0x08002d6a        0x2 
 .text.SystemInit
                0x08002d6c       0x6c Src\system_stm32f4xx.o
                0x08002d6c                SystemInit
 .text.MX_TIM1_Init
                0x08002dd8       0xe8 Src\tim.o
                0x08002dd8                MX_TIM1_Init
 .text.HAL_TIM_OC_MspInit
                0x08002ec0       0x44 Src\tim.o
                0x08002ec0                HAL_TIM_OC_MspInit
 .text.HAL_TIM_MspPostInit
                0x08002f04       0x44 Src\tim.o
                0x08002f04                HAL_TIM_MspPostInit
 .text.Reset_Handler
                0x08002f48       0x50 startup\startup_stm32f446xx.o
                0x08002f48                Reset_Handler
 .text.Default_Handler
                0x08002f98        0x2 startup\startup_stm32f446xx.o
                0x08002f98                RTC_Alarm_IRQHandler
                0x08002f98                EXTI2_IRQHandler
                0x08002f98                TIM8_CC_IRQHandler
                0x08002f98                SPI4_IRQHandler
                0x08002f98                TIM1_CC_IRQHandler
                0x08002f98                DMA2_Stream5_IRQHandler
                0x08002f98                DMA1_Stream5_IRQHandler
                0x08002f98                PVD_IRQHandler
                0x08002f98                SDIO_IRQHandler
                0x08002f98                TAMP_STAMP_IRQHandler
                0x08002f98                CAN2_RX1_IRQHandler
                0x08002f98                EXTI3_IRQHandler
                0x08002f98                TIM8_TRG_COM_TIM14_IRQHandler
                0x08002f98                TIM1_UP_TIM10_IRQHandler
                0x08002f98                TIM8_UP_TIM13_IRQHandler
                0x08002f98                I2C3_ER_IRQHandler
                0x08002f98                FMPI2C1_Event_IRQHandler
                0x08002f98                EXTI0_IRQHandler
                0x08002f98                I2C2_EV_IRQHandler
                0x08002f98                DMA1_Stream2_IRQHandler
                0x08002f98                CAN1_RX0_IRQHandler
                0x08002f98                FPU_IRQHandler
                0x08002f98                OTG_HS_WKUP_IRQHandler
                0x08002f98                CAN2_SCE_IRQHandler
                0x08002f98                DMA2_Stream2_IRQHandler
                0x08002f98                SPI1_IRQHandler
                0x08002f98                TIM6_DAC_IRQHandler
                0x08002f98                TIM1_BRK_TIM9_IRQHandler
                0x08002f98                DCMI_IRQHandler
                0x08002f98                CAN2_RX0_IRQHandler
                0x08002f98                DMA2_Stream3_IRQHandler
                0x08002f98                SAI2_IRQHandler
                0x08002f98                USART6_IRQHandler
                0x08002f98                USART3_IRQHandler
                0x08002f98                CAN1_RX1_IRQHandler
                0x08002f98                UART5_IRQHandler
                0x08002f98                DMA2_Stream0_IRQHandler
                0x08002f98                TIM4_IRQHandler
                0x08002f98                QUADSPI_IRQHandler
                0x08002f98                I2C1_EV_IRQHandler
                0x08002f98                DMA1_Stream6_IRQHandler
                0x08002f98                DMA1_Stream1_IRQHandler
                0x08002f98                UART4_IRQHandler
                0x08002f98                TIM3_IRQHandler
                0x08002f98                RCC_IRQHandler
                0x08002f98                TIM8_BRK_TIM12_IRQHandler
                0x08002f98                Default_Handler
                0x08002f98                CEC_IRQHandler
                0x08002f98                EXTI15_10_IRQHandler
                0x08002f98                ADC_IRQHandler
                0x08002f98                DMA1_Stream7_IRQHandler
                0x08002f98                TIM7_IRQHandler
                0x08002f98                CAN2_TX_IRQHandler
                0x08002f98                TIM5_IRQHandler
                0x08002f98                DMA2_Stream7_IRQHandler
                0x08002f98                I2C3_EV_IRQHandler
                0x08002f98                EXTI9_5_IRQHandler
                0x08002f98                RTC_WKUP_IRQHandler
                0x08002f98                SPDIF_RX_IRQHandler
                0x08002f98                SPI2_IRQHandler
                0x08002f98                OTG_HS_EP1_IN_IRQHandler
                0x08002f98                DMA1_Stream0_IRQHandler
                0x08002f98                CAN1_TX_IRQHandler
                0x08002f98                EXTI4_IRQHandler
                0x08002f98                OTG_HS_EP1_OUT_IRQHandler
                0x08002f98                WWDG_IRQHandler
                0x08002f98                TIM2_IRQHandler
                0x08002f98                OTG_FS_WKUP_IRQHandler
                0x08002f98                TIM1_TRG_COM_TIM11_IRQHandler
                0x08002f98                OTG_HS_IRQHandler
                0x08002f98                EXTI1_IRQHandler
                0x08002f98                USART2_IRQHandler
                0x08002f98                I2C2_ER_IRQHandler
                0x08002f98                DMA2_Stream1_IRQHandler
                0x08002f98                CAN1_SCE_IRQHandler
                0x08002f98                FLASH_IRQHandler
                0x08002f98                DMA2_Stream4_IRQHandler
                0x08002f98                USART1_IRQHandler
                0x08002f98                OTG_FS_IRQHandler
                0x08002f98                SPI3_IRQHandler
                0x08002f98                DMA1_Stream4_IRQHandler
                0x08002f98                I2C1_ER_IRQHandler
                0x08002f98                FMC_IRQHandler
                0x08002f98                DMA2_Stream6_IRQHandler
                0x08002f98                SAI1_IRQHandler
                0x08002f98                DMA1_Stream3_IRQHandler
                0x08002f98                FMPI2C1_Error_IRQHandler
 *fill*         0x08002f9a        0x2 
 .text.__libc_init_array
                0x08002f9c       0x48 c:/program files (x86)/atollic/truestudio for stm32 9.0.1/armtools/bin/../lib/gcc/arm-atollic-eabi/6.3.1/../../../../arm-atollic-eabi/lib/armv7e-m/fpu\libc_nano.a(lib_a-init.o)
                0x08002f9c                __libc_init_array
 *(.glue_7)
 .glue_7        0x08002fe4        0x0 linker stubs
 *(.glue_7t)
 .glue_7t       0x08002fe4        0x0 linker stubs
 *(.eh_frame)
 .eh_frame      0x08002fe4        0x0 c:/program files (x86)/atollic/truestudio for stm32 9.0.1/armtools/bin/../lib/gcc/arm-atollic-eabi/6.3.1/armv7e-m/fpu/crtbegin.o
 *(.init)
 .init          0x08002fe4        0x4 c:/program files (x86)/atollic/truestudio for stm32 9.0.1/armtools/bin/../lib/gcc/arm-atollic-eabi/6.3.1/armv7e-m/fpu/crti.o
                0x08002fe4                _init
 .init          0x08002fe8        0x8 c:/program files (x86)/atollic/truestudio for stm32 9.0.1/armtools/bin/../lib/gcc/arm-atollic-eabi/6.3.1/armv7e-m/fpu/crtn.o
 *(.fini)
 .fini          0x08002ff0        0x4 c:/program files (x86)/atollic/truestudio for stm32 9.0.1/armtools/bin/../lib/gcc/arm-atollic-eabi/6.3.1/armv7e-m/fpu/crti.o
                0x08002ff0                _fini
 .fini          0x08002ff4        0x8 c:/program files (x86)/atollic/truestudio for stm32 9.0.1/armtools/bin/../lib/gcc/arm-atollic-eabi/6.3.1/armv7e-m/fpu/crtn.o
                0x08002ffc                . = ALIGN (0x4)
                0x08002ffc                _etext = .

.vfp11_veneer   0x08002ffc        0x0
 .vfp11_veneer  0x08002ffc        0x0 linker stubs

.v4_bx          0x08002ffc        0x0
 .v4_bx         0x08002ffc        0x0 linker stubs

.iplt           0x08002ffc        0x0
 .iplt          0x08002ffc        0x0 c:/program files (x86)/atollic/truestudio for stm32 9.0.1/armtools/bin/../lib/gcc/arm-atollic-eabi/6.3.1/armv7e-m/fpu/crtbegin.o

.rodata         0x08002ffc       0x50
                0x08002ffc                . = ALIGN (0x4)
 *(.rodata)
 .rodata        0x08002ffc        0xd Src\adc.o
 *fill*         0x08003009        0x3 
 .rodata        0x0800300c        0xd Src\can.o
 *fill*         0x08003019        0x3 
 .rodata        0x0800301c        0xe Src\main.o
 *fill*         0x0800302a        0x2 
 .rodata        0x0800302c        0xd Src\tim.o
 *(.rodata*)
 *fill*         0x08003039        0x3 
 .rodata.AHBPrescTable
                0x0800303c       0x10 Src\system_stm32f4xx.o
                0x0800303c                AHBPrescTable
                0x0800304c                . = ALIGN (0x4)

.ARM.extab
 *(.ARM.extab* .gnu.linkonce.armextab.*)

.ARM            0x0800304c        0x8
                0x0800304c                __exidx_start = .
 *(.ARM.exidx*)
 .ARM.exidx     0x0800304c        0x8 c:/program files (x86)/atollic/truestudio for stm32 9.0.1/armtools/bin/../lib/gcc/arm-atollic-eabi/6.3.1/armv7e-m/fpu\libgcc.a(_udivmoddi4.o)
                0x08003054                __exidx_end = .

.rel.dyn        0x08003054        0x0
 .rel.iplt      0x08003054        0x0 c:/program files (x86)/atollic/truestudio for stm32 9.0.1/armtools/bin/../lib/gcc/arm-atollic-eabi/6.3.1/armv7e-m/fpu/crtbegin.o

.preinit_array  0x08003054        0x0
                0x08003054                PROVIDE (__preinit_array_start, .)
 *(.preinit_array*)
                0x08003054                PROVIDE (__preinit_array_end, .)

.init_array     0x08003054        0x4
                0x08003054                PROVIDE (__init_array_start, .)
 *(SORT(.init_array.*))
 *(.init_array*)
 .init_array    0x08003054        0x4 c:/program files (x86)/atollic/truestudio for stm32 9.0.1/armtools/bin/../lib/gcc/arm-atollic-eabi/6.3.1/armv7e-m/fpu/crtbegin.o
                0x08003058                PROVIDE (__init_array_end, .)

.fini_array     0x08003058        0x4
                [!provide]                PROVIDE (__fini_array_start, .)
 *(SORT(.fini_array.*))
 *(.fini_array*)
 .fini_array    0x08003058        0x4 c:/program files (x86)/atollic/truestudio for stm32 9.0.1/armtools/bin/../lib/gcc/arm-atollic-eabi/6.3.1/armv7e-m/fpu/crtbegin.o
                [!provide]                PROVIDE (__fini_array_end, .)
                0x0800305c                _sidata = LOADADDR (.data)

.data           0x20000000        0x4 load address 0x0800305c
                0x20000000                . = ALIGN (0x4)
                0x20000000                _sdata = .
 *(.data)
 *(.data*)
 .data.SystemCoreClock
                0x20000000        0x4 Src\system_stm32f4xx.o
                0x20000000                SystemCoreClock
                0x20000004                . = ALIGN (0x4)
                0x20000004                _edata = .

.igot.plt       0x20000004        0x0 load address 0x08003060
 .igot.plt      0x20000004        0x0 c:/program files (x86)/atollic/truestudio for stm32 9.0.1/armtools/bin/../lib/gcc/arm-atollic-eabi/6.3.1/armv7e-m/fpu/crtbegin.o
                0x20000004                . = ALIGN (0x4)

.bss            0x20000004       0xe8 load address 0x08003060
                0x20000004                _sbss = .
                0x20000004                __bss_start__ = _sbss
 *(.bss)
 .bss           0x20000004       0x1c c:/program files (x86)/atollic/truestudio for stm32 9.0.1/armtools/bin/../lib/gcc/arm-atollic-eabi/6.3.1/armv7e-m/fpu/crtbegin.o
 *(.bss*)
 *(COMMON)
 COMMON         0x20000020        0x4 Drivers\STM32F4xx_HAL_Driver\Src\stm32f4xx_hal.o
                0x20000020                uwTick
 COMMON         0x20000024       0x48 Src\adc.o
                0x20000024                hadc1
 COMMON         0x2000006c       0x44 Src\can.o
                0x2000006c                hcan1
 COMMON         0x200000b0       0x3c Src\tim.o
                0x200000b0                htim1
                0x200000ec                . = ALIGN (0x4)
                0x200000ec                _ebss = .
                0x200000ec                __bss_end__ = _ebss

._user_heap_stack
                0x200000ec      0x600 load address 0x08003060
                0x200000ec                . = ALIGN (0x4)
                [!provide]                PROVIDE (end, .)
                [!provide]                PROVIDE (_end, .)
                0x200002ec                . = (. + _Min_Heap_Size)
 *fill*         0x200000ec      0x200 
                0x200006ec                . = (. + _Min_Stack_Size)
 *fill*         0x200002ec      0x400 
                0x200006ec                . = ALIGN (0x4)

/DISCARD/
 libc.a(*)
 libm.a(*)
 libgcc.a(*)

.ARM.attributes
                0x00000000       0x30
 *(.ARM.attributes)
 .ARM.attributes
                0x00000000       0x22 c:/program files (x86)/atollic/truestudio for stm32 9.0.1/armtools/bin/../lib/gcc/arm-atollic-eabi/6.3.1/armv7e-m/fpu/crti.o
 .ARM.attributes
                0x00000022       0x34 c:/program files (x86)/atollic/truestudio for stm32 9.0.1/armtools/bin/../lib/gcc/arm-atollic-eabi/6.3.1/armv7e-m/fpu/crtbegin.o
 .ARM.attributes
                0x00000056       0x39 Drivers\STM32F4xx_HAL_Driver\Src\stm32f4xx_hal.o
 .ARM.attributes
                0x0000008f       0x39 Drivers\STM32F4xx_HAL_Driver\Src\stm32f4xx_hal_adc.o
 .ARM.attributes
                0x000000c8       0x39 Drivers\STM32F4xx_HAL_Driver\Src\stm32f4xx_hal_can.o
 .ARM.attributes
                0x00000101       0x39 Drivers\STM32F4xx_HAL_Driver\Src\stm32f4xx_hal_cortex.o
 .ARM.attributes
                0x0000013a       0x39 Drivers\STM32F4xx_HAL_Driver\Src\stm32f4xx_hal_gpio.o
 .ARM.attributes
                0x00000173       0x39 Drivers\STM32F4xx_HAL_Driver\Src\stm32f4xx_hal_rcc.o
 .ARM.attributes
                0x000001ac       0x39 Drivers\STM32F4xx_HAL_Driver\Src\stm32f4xx_hal_rcc_ex.o
 .ARM.attributes
                0x000001e5       0x39 Drivers\STM32F4xx_HAL_Driver\Src\stm32f4xx_hal_tim.o
 .ARM.attributes
                0x0000021e       0x39 Drivers\STM32F4xx_HAL_Driver\Src\stm32f4xx_hal_tim_ex.o
 .ARM.attributes
                0x00000257       0x39 Src\adc.o
 .ARM.attributes
                0x00000290       0x39 Src\can.o
 .ARM.attributes
                0x000002c9       0x39 Src\gpio.o
 .ARM.attributes
                0x00000302       0x39 Src\main.o
 .ARM.attributes
                0x0000033b       0x39 Src\stm32f4xx_hal_msp.o
 .ARM.attributes
                0x00000374       0x39 Src\stm32f4xx_it.o
 .ARM.attributes
                0x000003ad       0x39 Src\system_stm32f4xx.o
 .ARM.attributes
                0x000003e6       0x39 Src\tim.o
 .ARM.attributes
                0x0000041f       0x21 startup\startup_stm32f446xx.o
 .ARM.attributes
                0x00000440       0x34 c:/program files (x86)/atollic/truestudio for stm32 9.0.1/armtools/bin/../lib/gcc/arm-atollic-eabi/6.3.1/../../../../arm-atollic-eabi/lib/armv7e-m/fpu\libc_nano.a(lib_a-init.o)
 .ARM.attributes
                0x00000474       0x22 c:/program files (x86)/atollic/truestudio for stm32 9.0.1/armtools/bin/../lib/gcc/arm-atollic-eabi/6.3.1/armv7e-m/fpu\libgcc.a(_aeabi_uldivmod.o)
 .ARM.attributes
                0x00000496       0x34 c:/program files (x86)/atollic/truestudio for stm32 9.0.1/armtools/bin/../lib/gcc/arm-atollic-eabi/6.3.1/armv7e-m/fpu\libgcc.a(_udivmoddi4.o)
 .ARM.attributes
                0x000004ca       0x22 c:/program files (x86)/atollic/truestudio for stm32 9.0.1/armtools/bin/../lib/gcc/arm-atollic-eabi/6.3.1/armv7e-m/fpu\libgcc.a(_dvmd_tls.o)
 .ARM.attributes
                0x000004ec       0x22 c:/program files (x86)/atollic/truestudio for stm32 9.0.1/armtools/bin/../lib/gcc/arm-atollic-eabi/6.3.1/armv7e-m/fpu/crtn.o
OUTPUT(Valve_Code3.elf elf32-littlearm)

.debug_info     0x00000000    0x14423
 .debug_info    0x00000000     0x10b9 Drivers\STM32F4xx_HAL_Driver\Src\stm32f4xx_hal.o
 .debug_info    0x000010b9     0x149f Drivers\STM32F4xx_HAL_Driver\Src\stm32f4xx_hal_adc.o
 .debug_info    0x00002558     0x1366 Drivers\STM32F4xx_HAL_Driver\Src\stm32f4xx_hal_can.o
 .debug_info    0x000038be     0x1600 Drivers\STM32F4xx_HAL_Driver\Src\stm32f4xx_hal_cortex.o
 .debug_info    0x00004ebe      0xfc4 Drivers\STM32F4xx_HAL_Driver\Src\stm32f4xx_hal_gpio.o
 .debug_info    0x00005e82     0x10d2 Drivers\STM32F4xx_HAL_Driver\Src\stm32f4xx_hal_rcc.o
 .debug_info    0x00006f54     0x109f Drivers\STM32F4xx_HAL_Driver\Src\stm32f4xx_hal_rcc_ex.o
 .debug_info    0x00007ff3     0x29f8 Drivers\STM32F4xx_HAL_Driver\Src\stm32f4xx_hal_tim.o
 .debug_info    0x0000a9eb     0x17d2 Drivers\STM32F4xx_HAL_Driver\Src\stm32f4xx_hal_tim_ex.o
 .debug_info    0x0000c1bd     0x11aa Src\adc.o
 .debug_info    0x0000d367     0x11d5 Src\can.o
 .debug_info    0x0000e53c      0xcda Src\gpio.o
 .debug_info    0x0000f216     0x1bef Src\main.o
 .debug_info    0x00010e05      0xb81 Src\stm32f4xx_hal_msp.o
 .debug_info    0x00011986      0x9c8 Src\stm32f4xx_it.o
 .debug_info    0x0001234e      0xd4b Src\system_stm32f4xx.o
 .debug_info    0x00013099     0x12da Src\tim.o
 .debug_info    0x00014373       0xb0 startup\startup_stm32f446xx.o

.debug_abbrev   0x00000000     0x2690
 .debug_abbrev  0x00000000      0x280 Drivers\STM32F4xx_HAL_Driver\Src\stm32f4xx_hal.o
 .debug_abbrev  0x00000280      0x262 Drivers\STM32F4xx_HAL_Driver\Src\stm32f4xx_hal_adc.o
 .debug_abbrev  0x000004e2      0x295 Drivers\STM32F4xx_HAL_Driver\Src\stm32f4xx_hal_can.o
 .debug_abbrev  0x00000777      0x371 Drivers\STM32F4xx_HAL_Driver\Src\stm32f4xx_hal_cortex.o
 .debug_abbrev  0x00000ae8      0x24c Drivers\STM32F4xx_HAL_Driver\Src\stm32f4xx_hal_gpio.o
 .debug_abbrev  0x00000d34      0x2c8 Drivers\STM32F4xx_HAL_Driver\Src\stm32f4xx_hal_rcc.o
 .debug_abbrev  0x00000ffc      0x23f Drivers\STM32F4xx_HAL_Driver\Src\stm32f4xx_hal_rcc_ex.o
 .debug_abbrev  0x0000123b      0x2ab Drivers\STM32F4xx_HAL_Driver\Src\stm32f4xx_hal_tim.o
 .debug_abbrev  0x000014e6      0x288 Drivers\STM32F4xx_HAL_Driver\Src\stm32f4xx_hal_tim_ex.o
 .debug_abbrev  0x0000176e      0x1eb Src\adc.o
 .debug_abbrev  0x00001959      0x216 Src\can.o
 .debug_abbrev  0x00001b6f      0x1c0 Src\gpio.o
 .debug_abbrev  0x00001d2f      0x248 Src\main.o
 .debug_abbrev  0x00001f77      0x199 Src\stm32f4xx_hal_msp.o
 .debug_abbrev  0x00002110      0x190 Src\stm32f4xx_it.o
 .debug_abbrev  0x000022a0      0x1ca Src\system_stm32f4xx.o
 .debug_abbrev  0x0000246a      0x214 Src\tim.o
 .debug_abbrev  0x0000267e       0x12 startup\startup_stm32f446xx.o

.debug_aranges  0x00000000      0xb10
 .debug_aranges
                0x00000000       0xc8 Drivers\STM32F4xx_HAL_Driver\Src\stm32f4xx_hal.o
 .debug_aranges
                0x000000c8       0xe8 Drivers\STM32F4xx_HAL_Driver\Src\stm32f4xx_hal_adc.o
 .debug_aranges
                0x000001b0       0xb0 Drivers\STM32F4xx_HAL_Driver\Src\stm32f4xx_hal_can.o
 .debug_aranges
                0x00000260      0x118 Drivers\STM32F4xx_HAL_Driver\Src\stm32f4xx_hal_cortex.o
 .debug_aranges
                0x00000378       0x58 Drivers\STM32F4xx_HAL_Driver\Src\stm32f4xx_hal_gpio.o
 .debug_aranges
                0x000003d0       0x88 Drivers\STM32F4xx_HAL_Driver\Src\stm32f4xx_hal_rcc.o
 .debug_aranges
                0x00000458       0x58 Drivers\STM32F4xx_HAL_Driver\Src\stm32f4xx_hal_rcc_ex.o
 .debug_aranges
                0x000004b0      0x368 Drivers\STM32F4xx_HAL_Driver\Src\stm32f4xx_hal_tim.o
 .debug_aranges
                0x00000818      0x140 Drivers\STM32F4xx_HAL_Driver\Src\stm32f4xx_hal_tim_ex.o
 .debug_aranges
                0x00000958       0x30 Src\adc.o
 .debug_aranges
                0x00000988       0x30 Src\can.o
 .debug_aranges
                0x000009b8       0x20 Src\gpio.o
 .debug_aranges
                0x000009d8       0x30 Src\main.o
 .debug_aranges
                0x00000a08       0x20 Src\stm32f4xx_hal_msp.o
 .debug_aranges
                0x00000a28       0x60 Src\stm32f4xx_it.o
 .debug_aranges
                0x00000a88       0x28 Src\system_stm32f4xx.o
 .debug_aranges
                0x00000ab0       0x38 Src\tim.o
 .debug_aranges
                0x00000ae8       0x28 startup\startup_stm32f446xx.o

.debug_ranges   0x00000000      0x9f8
 .debug_ranges  0x00000000       0xb8 Drivers\STM32F4xx_HAL_Driver\Src\stm32f4xx_hal.o
 .debug_ranges  0x000000b8       0xd8 Drivers\STM32F4xx_HAL_Driver\Src\stm32f4xx_hal_adc.o
 .debug_ranges  0x00000190       0xa0 Drivers\STM32F4xx_HAL_Driver\Src\stm32f4xx_hal_can.o
 .debug_ranges  0x00000230      0x108 Drivers\STM32F4xx_HAL_Driver\Src\stm32f4xx_hal_cortex.o
 .debug_ranges  0x00000338       0x48 Drivers\STM32F4xx_HAL_Driver\Src\stm32f4xx_hal_gpio.o
 .debug_ranges  0x00000380       0x78 Drivers\STM32F4xx_HAL_Driver\Src\stm32f4xx_hal_rcc.o
 .debug_ranges  0x000003f8       0x48 Drivers\STM32F4xx_HAL_Driver\Src\stm32f4xx_hal_rcc_ex.o
 .debug_ranges  0x00000440      0x358 Drivers\STM32F4xx_HAL_Driver\Src\stm32f4xx_hal_tim.o
 .debug_ranges  0x00000798      0x130 Drivers\STM32F4xx_HAL_Driver\Src\stm32f4xx_hal_tim_ex.o
 .debug_ranges  0x000008c8       0x20 Src\adc.o
 .debug_ranges  0x000008e8       0x20 Src\can.o
 .debug_ranges  0x00000908       0x10 Src\gpio.o
 .debug_ranges  0x00000918       0x20 Src\main.o
 .debug_ranges  0x00000938       0x10 Src\stm32f4xx_hal_msp.o
 .debug_ranges  0x00000948       0x50 Src\stm32f4xx_it.o
 .debug_ranges  0x00000998       0x18 Src\system_stm32f4xx.o
 .debug_ranges  0x000009b0       0x28 Src\tim.o
 .debug_ranges  0x000009d8       0x20 startup\startup_stm32f446xx.o

.debug_line     0x00000000     0x5d45
 .debug_line    0x00000000      0x43f Drivers\STM32F4xx_HAL_Driver\Src\stm32f4xx_hal.o
 .debug_line    0x0000043f      0x6e2 Drivers\STM32F4xx_HAL_Driver\Src\stm32f4xx_hal_adc.o
 .debug_line    0x00000b21      0x7c9 Drivers\STM32F4xx_HAL_Driver\Src\stm32f4xx_hal_can.o
 .debug_line    0x000012ea      0x5c9 Drivers\STM32F4xx_HAL_Driver\Src\stm32f4xx_hal_cortex.o
 .debug_line    0x000018b3      0x483 Drivers\STM32F4xx_HAL_Driver\Src\stm32f4xx_hal_gpio.o
 .debug_line    0x00001d36      0x52a Drivers\STM32F4xx_HAL_Driver\Src\stm32f4xx_hal_rcc.o
 .debug_line    0x00002260      0x63a Drivers\STM32F4xx_HAL_Driver\Src\stm32f4xx_hal_rcc_ex.o
 .debug_line    0x0000289a     0x1464 Drivers\STM32F4xx_HAL_Driver\Src\stm32f4xx_hal_tim.o
 .debug_line    0x00003cfe      0x885 Drivers\STM32F4xx_HAL_Driver\Src\stm32f4xx_hal_tim_ex.o
 .debug_line    0x00004583      0x33f Src\adc.o
 .debug_line    0x000048c2      0x2f8 Src\can.o
 .debug_line    0x00004bba      0x288 Src\gpio.o
 .debug_line    0x00004e42      0x3c6 Src\main.o
 .debug_line    0x00005208      0x24a Src\stm32f4xx_hal_msp.o
 .debug_line    0x00005452      0x2c6 Src\stm32f4xx_it.o
 .debug_line    0x00005718      0x270 Src\system_stm32f4xx.o
 .debug_line    0x00005988      0x33e Src\tim.o
 .debug_line    0x00005cc6       0x7f startup\startup_stm32f446xx.o

.debug_str      0x00000000     0x3b90
 .debug_str     0x00000000      0xea9 Drivers\STM32F4xx_HAL_Driver\Src\stm32f4xx_hal.o
                                0xf5d (size before relaxing)
 .debug_str     0x00000ea9      0x68f Drivers\STM32F4xx_HAL_Driver\Src\stm32f4xx_hal_adc.o
                                0xda4 (size before relaxing)
 .debug_str     0x00001538      0x4cf Drivers\STM32F4xx_HAL_Driver\Src\stm32f4xx_hal_can.o
                                0xc54 (size before relaxing)
 .debug_str     0x00001a07      0x40d Drivers\STM32F4xx_HAL_Driver\Src\stm32f4xx_hal_cortex.o
                               0x110a (size before relaxing)
 .debug_str     0x00001e14      0x1d3 Drivers\STM32F4xx_HAL_Driver\Src\stm32f4xx_hal_gpio.o
                                0x9c4 (size before relaxing)
 .debug_str     0x00001fe7      0x2d5 Drivers\STM32F4xx_HAL_Driver\Src\stm32f4xx_hal_rcc.o
                                0xb5c (size before relaxing)
 .debug_str     0x000022bc      0x2e1 Drivers\STM32F4xx_HAL_Driver\Src\stm32f4xx_hal_rcc_ex.o
                                0xbf9 (size before relaxing)
 .debug_str     0x0000259d      0xea4 Drivers\STM32F4xx_HAL_Driver\Src\stm32f4xx_hal_tim.o
                               0x180f (size before relaxing)
 .debug_str     0x00003441      0x543 Drivers\STM32F4xx_HAL_Driver\Src\stm32f4xx_hal_tim_ex.o
                               0x10ca (size before relaxing)
 .debug_str     0x00003984       0x2a Src\adc.o
                                0xc6d (size before relaxing)
 .debug_str     0x000039ae       0x2a Src\can.o
                                0xb53 (size before relaxing)
 .debug_str     0x000039d8       0x1b Src\gpio.o
                                0x83d (size before relaxing)
 .debug_str     0x000039f3       0x48 Src\main.o
                               0x1683 (size before relaxing)
 .debug_str     0x00003a3b       0x1b Src\stm32f4xx_hal_msp.o
                                0xbb3 (size before relaxing)
 .debug_str     0x00003a56       0xa6 Src\stm32f4xx_it.o
                                0x703 (size before relaxing)
 .debug_str     0x00003afc       0x45 Src\system_stm32f4xx.o
                                0x828 (size before relaxing)
 .debug_str     0x00003b41       0x4f Src\tim.o
                                0xde7 (size before relaxing)

.comment        0x00000000       0x7c
 .comment       0x00000000       0x7c Drivers\STM32F4xx_HAL_Driver\Src\stm32f4xx_hal.o
                                 0x7d (size before relaxing)
 .comment       0x0000007c       0x7d Drivers\STM32F4xx_HAL_Driver\Src\stm32f4xx_hal_adc.o
 .comment       0x0000007c       0x7d Drivers\STM32F4xx_HAL_Driver\Src\stm32f4xx_hal_can.o
 .comment       0x0000007c       0x7d Drivers\STM32F4xx_HAL_Driver\Src\stm32f4xx_hal_cortex.o
 .comment       0x0000007c       0x7d Drivers\STM32F4xx_HAL_Driver\Src\stm32f4xx_hal_gpio.o
 .comment       0x0000007c       0x7d Drivers\STM32F4xx_HAL_Driver\Src\stm32f4xx_hal_rcc.o
 .comment       0x0000007c       0x7d Drivers\STM32F4xx_HAL_Driver\Src\stm32f4xx_hal_rcc_ex.o
 .comment       0x0000007c       0x7d Drivers\STM32F4xx_HAL_Driver\Src\stm32f4xx_hal_tim.o
 .comment       0x0000007c       0x7d Drivers\STM32F4xx_HAL_Driver\Src\stm32f4xx_hal_tim_ex.o
 .comment       0x0000007c       0x7d Src\adc.o
 .comment       0x0000007c       0x7d Src\can.o
 .comment       0x0000007c       0x7d Src\gpio.o
 .comment       0x0000007c       0x7d Src\main.o
 .comment       0x0000007c       0x7d Src\stm32f4xx_hal_msp.o
 .comment       0x0000007c       0x7d Src\stm32f4xx_it.o
 .comment       0x0000007c       0x7d Src\system_stm32f4xx.o
 .comment       0x0000007c       0x7d Src\tim.o

.debug_frame    0x00000000     0x2c84
 .debug_frame   0x00000000      0x2d8 Drivers\STM32F4xx_HAL_Driver\Src\stm32f4xx_hal.o
 .debug_frame   0x000002d8      0x400 Drivers\STM32F4xx_HAL_Driver\Src\stm32f4xx_hal_adc.o
 .debug_frame   0x000006d8      0x2f8 Drivers\STM32F4xx_HAL_Driver\Src\stm32f4xx_hal_can.o
 .debug_frame   0x000009d0      0x498 Drivers\STM32F4xx_HAL_Driver\Src\stm32f4xx_hal_cortex.o
 .debug_frame   0x00000e68      0x14c Drivers\STM32F4xx_HAL_Driver\Src\stm32f4xx_hal_gpio.o
 .debug_frame   0x00000fb4      0x1f8 Drivers\STM32F4xx_HAL_Driver\Src\stm32f4xx_hal_rcc.o
 .debug_frame   0x000011ac      0x158 Drivers\STM32F4xx_HAL_Driver\Src\stm32f4xx_hal_rcc_ex.o
 .debug_frame   0x00001304      0xfb4 Drivers\STM32F4xx_HAL_Driver\Src\stm32f4xx_hal_tim.o
 .debug_frame   0x000022b8      0x574 Drivers\STM32F4xx_HAL_Driver\Src\stm32f4xx_hal_tim_ex.o
 .debug_frame   0x0000282c       0x7c Src\adc.o
 .debug_frame   0x000028a8       0x74 Src\can.o
 .debug_frame   0x0000291c       0x34 Src\gpio.o
 .debug_frame   0x00002950       0x70 Src\main.o
 .debug_frame   0x000029c0       0x2c Src\stm32f4xx_hal_msp.o
 .debug_frame   0x000029ec      0x10c Src\stm32f4xx_it.o
 .debug_frame   0x00002af8       0x58 Src\system_stm32f4xx.o
 .debug_frame   0x00002b50       0xa8 Src\tim.o
 .debug_frame   0x00002bf8       0x2c c:/program files (x86)/atollic/truestudio for stm32 9.0.1/armtools/bin/../lib/gcc/arm-atollic-eabi/6.3.1/../../../../arm-atollic-eabi/lib/armv7e-m/fpu\libc_nano.a(lib_a-init.o)
 .debug_frame   0x00002c24       0x2c c:/program files (x86)/atollic/truestudio for stm32 9.0.1/armtools/bin/../lib/gcc/arm-atollic-eabi/6.3.1/armv7e-m/fpu\libgcc.a(_aeabi_uldivmod.o)
 .debug_frame   0x00002c50       0x34 c:/program files (x86)/atollic/truestudio for stm32 9.0.1/armtools/bin/../lib/gcc/arm-atollic-eabi/6.3.1/armv7e-m/fpu\libgcc.a(_udivmoddi4.o)
