stm32f4xx_hal.c:171:19:HAL_Init	8	static
stm32f4xx_hal.c:204:19:HAL_DeInit	8	static
stm32f4xx_hal.c:233:13:HAL_MspInit	4	static
stm32f4xx_hal.c:244:13:HAL_MspDeInit	4	static
stm32f4xx_hal.c:267:26:HAL_InitTick	16	static
stm32f4xx_hal.c:315:13:HAL_IncTick	4	static
stm32f4xx_hal.c:326:17:HAL_GetTick	4	static
stm32f4xx_hal.c:342:13:HAL_Delay	24	static
stm32f4xx_hal.c:368:13:HAL_SuspendTick	4	static
stm32f4xx_hal.c:384:13:HAL_ResumeTick	4	static
stm32f4xx_hal.c:394:10:HAL_GetHalVersion	4	static
stm32f4xx_hal.c:403:10:HAL_GetREVID	4	static
stm32f4xx_hal.c:412:10:HAL_GetDEVID	4	static
stm32f4xx_hal.c:421:6:HAL_DBGMCU_EnableDBGSleepMode	4	static
stm32f4xx_hal.c:430:6:HAL_DBGMCU_DisableDBGSleepMode	4	static
stm32f4xx_hal.c:439:6:HAL_DBGMCU_EnableDBGStopMode	4	static
stm32f4xx_hal.c:448:6:HAL_DBGMCU_DisableDBGStopMode	4	static
stm32f4xx_hal.c:457:6:HAL_DBGMCU_EnableDBGStandbyMode	4	static
stm32f4xx_hal.c:466:6:HAL_DBGMCU_DisableDBGStandbyMode	4	static
stm32f4xx_hal.c:477:6:HAL_EnableCompensationCell	4	static
stm32f4xx_hal.c:488:6:HAL_DisableCompensationCell	4	static
stm32f4xx_hal.c:498:6:HAL_GetUID	16	static
