stm32f4xx_hal_adc.c:256:19:HAL_ADC_Init	24	static
stm32f4xx_hal_adc.c:334:19:HAL_ADC_DeInit	24	static
stm32f4xx_hal_adc.c:381:13:HAL_ADC_MspInit	16	static
stm32f4xx_hal_adc.c:396:13:HAL_ADC_MspDeInit	16	static
stm32f4xx_hal_adc.c:435:19:HAL_ADC_Start	24	static
stm32f4xx_hal_adc.c:542:19:HAL_ADC_Stop	16	static
stm32f4xx_hal_adc.c:585:19:HAL_ADC_PollForConversion	24	static
stm32f4xx_hal_adc.c:670:19:HAL_ADC_PollForEvent	32	static
stm32f4xx_hal_adc.c:732:19:HAL_ADC_Start_IT	24	static
stm32f4xx_hal_adc.c:841:19:HAL_ADC_Stop_IT	16	static
stm32f4xx_hal_adc.c:878:6:HAL_ADC_IRQHandler	24	static
stm32f4xx_hal_adc.c:1023:19:HAL_ADC_Start_DMA	32	static
stm32f4xx_hal_adc.c:1148:19:HAL_ADC_Stop_DMA	24	static
stm32f4xx_hal_adc.c:1194:10:HAL_ADC_GetValue	16	static
stm32f4xx_hal_adc.c:1206:13:HAL_ADC_ConvCpltCallback	16	static
stm32f4xx_hal_adc.c:1221:13:HAL_ADC_ConvHalfCpltCallback	16	static
stm32f4xx_hal_adc.c:1236:13:HAL_ADC_LevelOutOfWindowCallback	16	static
stm32f4xx_hal_adc.c:1257:13:HAL_ADC_ErrorCallback	16	static
stm32f4xx_hal_adc.c:1295:19:HAL_ADC_ConfigChannel	24	static
stm32f4xx_hal_adc.c:1407:19:HAL_ADC_AnalogWDGConfig	16	static
stm32f4xx_hal_adc.c:1489:10:HAL_ADC_GetState	16	static
stm32f4xx_hal_adc.c:1501:10:HAL_ADC_GetError	16	static
stm32f4xx_hal_adc.c:1521:13:ADC_Init	24	static
stm32f4xx_hal_adc.c:1609:13:ADC_DMAConvCplt	24	static
stm32f4xx_hal_adc.c:1662:13:ADC_DMAHalfConvCplt	24	static
stm32f4xx_hal_adc.c:1675:13:ADC_DMAError	24	static
