stm32f4xx_hal_dac.c:232:19:HAL_DAC_Init	16	static
stm32f4xx_hal_dac.c:269:19:HAL_DAC_DeInit	16	static
stm32f4xx_hal_dac.c:305:13:HAL_DAC_MspInit	16	static
stm32f4xx_hal_dac.c:320:13:HAL_DAC_MspDeInit	16	static
stm32f4xx_hal_dac.c:361:19:HAL_DAC_Start	24	static
stm32f4xx_hal_dac.c:420:19:HAL_DAC_Stop	16	static
stm32f4xx_hal_dac.c:452:19:HAL_DAC_Start_DMA	32	static
stm32f4xx_hal_dac.c:571:19:HAL_DAC_Stop_DMA	24	static
stm32f4xx_hal_dac.c:621:10:HAL_DAC_GetValue	16	static
stm32f4xx_hal_dac.c:643:6:HAL_DAC_IRQHandler	16	static
stm32f4xx_hal_dac.c:689:13:HAL_DAC_ConvCpltCallbackCh1	16	static
stm32f4xx_hal_dac.c:704:13:HAL_DAC_ConvHalfCpltCallbackCh1	16	static
stm32f4xx_hal_dac.c:719:13:HAL_DAC_ErrorCallbackCh1	16	static
stm32f4xx_hal_dac.c:734:13:HAL_DAC_DMAUnderrunCallbackCh1	16	static
stm32f4xx_hal_dac.c:773:19:HAL_DAC_ConfigChannel	32	static
stm32f4xx_hal_dac.c:829:19:HAL_DAC_SetValue	32	static
stm32f4xx_hal_dac.c:881:22:HAL_DAC_GetState	16	static
stm32f4xx_hal_dac.c:894:10:HAL_DAC_GetError	16	static
stm32f4xx_hal_dac.c:909:13:DAC_DMAConvCpltCh1	24	static
stm32f4xx_hal_dac.c:924:13:DAC_DMAHalfConvCpltCh1	24	static
stm32f4xx_hal_dac.c:937:13:DAC_DMAErrorCh1	24	static
