stm32f4xx_hal_rcc.c:221:13:HAL_RCC_DeInit	4	static
stm32f4xx_hal_rcc.c:238:26:HAL_RCC_OscConfig	64	static
stm32f4xx_hal_rcc.c:560:19:HAL_RCC_ClockConfig	32	static
stm32f4xx_hal_rcc.c:758:6:HAL_RCC_MCOConfig	56	static
stm32f4xx_hal_rcc.c:824:6:HAL_RCC_EnableCSS	4	static
stm32f4xx_hal_rcc.c:833:6:HAL_RCC_DisableCSS	4	static
stm32f4xx_hal_rcc.c:868:17:HAL_RCC_GetSysClockFreq	48	static
stm32f4xx_hal_rcc.c:924:10:HAL_RCC_GetHCLKFreq	4	static
stm32f4xx_hal_rcc.c:935:10:HAL_RCC_GetPCLK1Freq	16	static
stm32f4xx_hal_rcc.c:947:10:HAL_RCC_GetPCLK2Freq	16	static
stm32f4xx_hal_rcc.c:960:13:HAL_RCC_GetOscConfig	48	static
stm32f4xx_hal_rcc.c:1039:6:HAL_RCC_GetClockConfig	16	static
stm32f4xx_hal_rcc.c:1065:6:HAL_RCC_NMI_IRQHandler	8	static
stm32f4xx_hal_rcc.c:1082:13:HAL_RCC_CSSCallback	4	static
