core_cm4.h:1596:22:NVIC_SetPriorityGrouping	24	static
core_cm4.h:1615:26:NVIC_GetPriorityGrouping	4	static
core_cm4.h:1626:22:NVIC_EnableIRQ	16	static
core_cm4.h:1637:22:NVIC_DisableIRQ	16	static
core_cm4.h:1650:26:NVIC_GetPendingIRQ	16	static
core_cm4.h:1661:22:NVIC_SetPendingIRQ	16	static
core_cm4.h:1672:22:NVIC_ClearPendingIRQ	16	static
core_cm4.h:1685:26:NVIC_GetActive	16	static
core_cm4.h:1698:22:NVIC_SetPriority	16	static
core_cm4.h:1720:26:NVIC_GetPriority	16	static
core_cm4.h:1745:26:NVIC_EncodePriority	40	static
core_cm4.h:1772:22:NVIC_DecodePriority	40	static
core_cm4.h:1790:22:NVIC_SystemReset	4	static
core_cm4.h:1830:26:SysTick_Config	16	static
stm32f4xx_hal_cortex.c:161:6:HAL_NVIC_SetPriorityGrouping	16	static
stm32f4xx_hal_cortex.c:183:6:HAL_NVIC_SetPriority	32	static
stm32f4xx_hal_cortex.c:205:6:HAL_NVIC_EnableIRQ	16	static
stm32f4xx_hal_cortex.c:221:6:HAL_NVIC_DisableIRQ	16	static
stm32f4xx_hal_cortex.c:234:6:HAL_NVIC_SystemReset	8	static
stm32f4xx_hal_cortex.c:247:10:HAL_SYSTICK_Config	16	static
stm32f4xx_hal_cortex.c:276:6:HAL_MPU_Disable	4	static
stm32f4xx_hal_cortex.c:299:6:HAL_MPU_Enable	16	static
stm32f4xx_hal_cortex.c:318:6:HAL_MPU_ConfigRegion	16	static
stm32f4xx_hal_cortex.c:362:10:HAL_NVIC_GetPriorityGrouping	8	static
stm32f4xx_hal_cortex.c:389:6:HAL_NVIC_GetPriority	24	static
stm32f4xx_hal_cortex.c:404:6:HAL_NVIC_SetPendingIRQ	16	static
stm32f4xx_hal_cortex.c:422:10:HAL_NVIC_GetPendingIRQ	16	static
stm32f4xx_hal_cortex.c:438:6:HAL_NVIC_ClearPendingIRQ	16	static
stm32f4xx_hal_cortex.c:455:10:HAL_NVIC_GetActive	16	static
stm32f4xx_hal_cortex.c:472:6:HAL_SYSTICK_CLKSourceConfig	16	static
stm32f4xx_hal_cortex.c:490:6:HAL_SYSTICK_IRQHandler	8	static
stm32f4xx_hal_cortex.c:499:13:HAL_SYSTICK_Callback	4	static
