Archive member included to satisfy reference by file (symbol)

c:/program files (x86)/atollic/truestudio for stm32 9.0.1/armtools/bin/../lib/gcc/arm-atollic-eabi/6.3.1/../../../../arm-atollic-eabi/lib/armv7e-m/fpu\libc_nano.a(lib_a-init.o)
                              startup\startup_stm32f446xx.o (__libc_init_array)
c:/program files (x86)/atollic/truestudio for stm32 9.0.1/armtools/bin/../lib/gcc/arm-atollic-eabi/6.3.1/armv7e-m/fpu\libgcc.a(_aeabi_uldivmod.o)
                              Drivers\STM32F4xx_HAL_Driver\Src\stm32f4xx_hal_rcc.o (__aeabi_uldivmod)
c:/program files (x86)/atollic/truestudio for stm32 9.0.1/armtools/bin/../lib/gcc/arm-atollic-eabi/6.3.1/armv7e-m/fpu\libgcc.a(_udivmoddi4.o)
                              c:/program files (x86)/atollic/truestudio for stm32 9.0.1/armtools/bin/../lib/gcc/arm-atollic-eabi/6.3.1/armv7e-m/fpu\libgcc.a(_aeabi_uldivmod.o) (__udivmoddi4)
c:/program files (x86)/atollic/truestudio for stm32 9.0.1/armtools/bin/../lib/gcc/arm-atollic-eabi/6.3.1/armv7e-m/fpu\libgcc.a(_dvmd_tls.o)
                              c:/program files (x86)/atollic/truestudio for stm32 9.0.1/armtools/bin/../lib/gcc/arm-atollic-eabi/6.3.1/armv7e-m/fpu\libgcc.a(_aeabi_uldivmod.o) (__aeabi_ldiv0)

Allocating common symbols
Common symbol       size              file

hadc2               0x48              Src\adc.o
hi2c1               0x54              Src\i2c.o
uwTick              0x4               Drivers\STM32F4xx_HAL_Driver\Src\stm32f4xx_hal.o
pFlash              0x20              Drivers\STM32F4xx_HAL_Driver\Src\stm32f4xx_hal_flash.o
hadc1               0x48              Src\adc.o
hadc3               0x48              Src\adc.o
hdac                0x14              Src\dac.o
hspi1               0x58              Src\spi.o
hcan1               0x44              Src\can.o

Discarded input sections

 .text          0x00000000        0x0 c:/program files (x86)/atollic/truestudio for stm32 9.0.1/armtools/bin/../lib/gcc/arm-atollic-eabi/6.3.1/armv7e-m/fpu/crti.o
 .data          0x00000000        0x0 c:/program files (x86)/atollic/truestudio for stm32 9.0.1/armtools/bin/../lib/gcc/arm-atollic-eabi/6.3.1/armv7e-m/fpu/crti.o
 .bss           0x00000000        0x0 c:/program files (x86)/atollic/truestudio for stm32 9.0.1/armtools/bin/../lib/gcc/arm-atollic-eabi/6.3.1/armv7e-m/fpu/crti.o
 .data          0x00000000        0x4 c:/program files (x86)/atollic/truestudio for stm32 9.0.1/armtools/bin/../lib/gcc/arm-atollic-eabi/6.3.1/armv7e-m/fpu/crtbegin.o
 .text          0x00000000        0x0 Drivers\STM32F4xx_HAL_Driver\Src\stm32f4xx_hal.o
 .data          0x00000000        0x0 Drivers\STM32F4xx_HAL_Driver\Src\stm32f4xx_hal.o
 .bss           0x00000000        0x0 Drivers\STM32F4xx_HAL_Driver\Src\stm32f4xx_hal.o
 .text.HAL_MspInit
                0x00000000        0x2 Drivers\STM32F4xx_HAL_Driver\Src\stm32f4xx_hal.o
 .text.HAL_MspDeInit
                0x00000000        0x2 Drivers\STM32F4xx_HAL_Driver\Src\stm32f4xx_hal.o
 .text.HAL_DeInit
                0x00000000       0x2c Drivers\STM32F4xx_HAL_Driver\Src\stm32f4xx_hal.o
 .text.HAL_SuspendTick
                0x00000000       0x10 Drivers\STM32F4xx_HAL_Driver\Src\stm32f4xx_hal.o
 .text.HAL_ResumeTick
                0x00000000       0x10 Drivers\STM32F4xx_HAL_Driver\Src\stm32f4xx_hal.o
 .text.HAL_GetHalVersion
                0x00000000        0x8 Drivers\STM32F4xx_HAL_Driver\Src\stm32f4xx_hal.o
 .text.HAL_GetREVID
                0x00000000        0xc Drivers\STM32F4xx_HAL_Driver\Src\stm32f4xx_hal.o
 .text.HAL_GetDEVID
                0x00000000       0x10 Drivers\STM32F4xx_HAL_Driver\Src\stm32f4xx_hal.o
 .text.HAL_DBGMCU_EnableDBGSleepMode
                0x00000000       0x10 Drivers\STM32F4xx_HAL_Driver\Src\stm32f4xx_hal.o
 .text.HAL_DBGMCU_DisableDBGSleepMode
                0x00000000       0x10 Drivers\STM32F4xx_HAL_Driver\Src\stm32f4xx_hal.o
 .text.HAL_DBGMCU_EnableDBGStopMode
                0x00000000       0x10 Drivers\STM32F4xx_HAL_Driver\Src\stm32f4xx_hal.o
 .text.HAL_DBGMCU_DisableDBGStopMode
                0x00000000       0x10 Drivers\STM32F4xx_HAL_Driver\Src\stm32f4xx_hal.o
 .text.HAL_DBGMCU_EnableDBGStandbyMode
                0x00000000       0x10 Drivers\STM32F4xx_HAL_Driver\Src\stm32f4xx_hal.o
 .text.HAL_DBGMCU_DisableDBGStandbyMode
                0x00000000       0x10 Drivers\STM32F4xx_HAL_Driver\Src\stm32f4xx_hal.o
 .text.HAL_EnableCompensationCell
                0x00000000        0xc Drivers\STM32F4xx_HAL_Driver\Src\stm32f4xx_hal.o
 .text.HAL_DisableCompensationCell
                0x00000000        0xc Drivers\STM32F4xx_HAL_Driver\Src\stm32f4xx_hal.o
 .text.HAL_GetUID
                0x00000000       0x20 Drivers\STM32F4xx_HAL_Driver\Src\stm32f4xx_hal.o
 .text          0x00000000        0x0 Drivers\STM32F4xx_HAL_Driver\Src\stm32f4xx_hal_adc.o
 .data          0x00000000        0x0 Drivers\STM32F4xx_HAL_Driver\Src\stm32f4xx_hal_adc.o
[...]
Memory Configuration

Name             Origin             Length             Attributes
RAM              0x20000000         0x00020000         xrw
FLASH            0x08000000         0x00080000         xr
*default*        0x00000000         0xffffffff

Linker script and memory map

LOAD c:/program files (x86)/atollic/truestudio for stm32 9.0.1/armtools/bin/../lib/gcc/arm-atollic-eabi/6.3.1/armv7e-m/fpu/crti.o
LOAD c:/program files (x86)/atollic/truestudio for stm32 9.0.1/armtools/bin/../lib/gcc/arm-atollic-eabi/6.3.1/armv7e-m/fpu/crtbegin.o
LOAD Drivers\STM32F4xx_HAL_Driver\Src\stm32f4xx_hal.o
LOAD Drivers\STM32F4xx_HAL_Driver\Src\stm32f4xx_hal_adc.o
LOAD Drivers\STM32F4xx_HAL_Driver\Src\stm32f4xx_hal_adc_ex.o
LOAD Drivers\STM32F4xx_HAL_Driver\Src\stm32f4xx_hal_can.o
LOAD Drivers\STM32F4xx_HAL_Driver\Src\stm32f4xx_hal_cortex.o
LOAD Drivers\STM32F4xx_HAL_Driver\Src\stm32f4xx_hal_dac.o
LOAD Drivers\STM32F4xx_HAL_Driver\Src\stm32f4xx_hal_dac_ex.o
LOAD Drivers\STM32F4xx_HAL_Driver\Src\stm32f4xx_hal_dma.o
LOAD Drivers\STM32F4xx_HAL_Driver\Src\stm32f4xx_hal_dma_ex.o
LOAD Drivers\STM32F4xx_HAL_Driver\Src\stm32f4xx_hal_flash.o
LOAD Drivers\STM32F4xx_HAL_Driver\Src\stm32f4xx_hal_flash_ex.o
LOAD Drivers\STM32F4xx_HAL_Driver\Src\stm32f4xx_hal_flash_ramfunc.o
LOAD Drivers\STM32F4xx_HAL_Driver\Src\stm32f4xx_hal_gpio.o
LOAD Drivers\STM32F4xx_HAL_Driver\Src\stm32f4xx_hal_i2c.o
LOAD Drivers\STM32F4xx_HAL_Driver\Src\stm32f4xx_hal_i2c_ex.o
LOAD Drivers\STM32F4xx_HAL_Driver\Src\stm32f4xx_hal_pwr.o
LOAD Drivers\STM32F4xx_HAL_Driver\Src\stm32f4xx_hal_pwr_ex.o
LOAD Drivers\STM32F4xx_HAL_Driver\Src\stm32f4xx_hal_rcc.o
LOAD Drivers\STM32F4xx_HAL_Driver\Src\stm32f4xx_hal_rcc_ex.o
LOAD Drivers\STM32F4xx_HAL_Driver\Src\stm32f4xx_hal_spi.o
LOAD Drivers\STM32F4xx_HAL_Driver\Src\stm32f4xx_hal_tim.o
LOAD Drivers\STM32F4xx_HAL_Driver\Src\stm32f4xx_hal_tim_ex.o
LOAD Src\adc.o
LOAD Src\can.o
LOAD Src\dac.o
LOAD Src\gpio.o
LOAD Src\i2c.o
LOAD Src\main.o
LOAD Src\spi.o
LOAD Src\stm32f4xx_hal_msp.o
LOAD Src\stm32f4xx_it.o
LOAD Src\system_stm32f4xx.o
LOAD startup\startup_stm32f446xx.o
                0x00000080                malloc_getpagesize_P = 0x80
START GROUP
LOAD c:/program files (x86)/atollic/truestudio for stm32 9.0.1/armtools/bin/../lib/gcc/arm-atollic-eabi/6.3.1/../../../../arm-atollic-eabi/lib/armv7e-m/fpu\libc_nano.a
LOAD c:/program files (x86)/atollic/truestudio for stm32 9.0.1/armtools/bin/../lib/gcc/arm-atollic-eabi/6.3.1/../../../../arm-atollic-eabi/lib/armv7e-m/fpu\libm.a
END GROUP
START GROUP
LOAD c:/program files (x86)/atollic/truestudio for stm32 9.0.1/armtools/bin/../lib/gcc/arm-atollic-eabi/6.3.1/armv7e-m/fpu\libgcc.a
LOAD c:/program files (x86)/atollic/truestudio for stm32 9.0.1/armtools/bin/../lib/gcc/arm-atollic-eabi/6.3.1/../../../../arm-atollic-eabi/lib/armv7e-m/fpu\libc_nano.a
END GROUP
START GROUP
LOAD c:/program files (x86)/atollic/truestudio for stm32 9.0.1/armtools/bin/../lib/gcc/arm-atollic-eabi/6.3.1/armv7e-m/fpu\libgcc.a
LOAD c:/program files (x86)/atollic/truestudio for stm32 9.0.1/armtools/bin/../lib/gcc/arm-atollic-eabi/6.3.1/../../../../arm-atollic-eabi/lib/armv7e-m/fpu\libc_nano.a
LOAD c:/program files (x86)/atollic/truestudio for stm32 9.0.1/armtools/bin/../lib/gcc/arm-atollic-eabi/6.3.1/../../../../arm-atollic-eabi/lib/armv7e-m/fpu\libnosys.a
END GROUP
START GROUP
LOAD c:/program files (x86)/atollic/truestudio for stm32 9.0.1/armtools/bin/../lib/gcc/arm-atollic-eabi/6.3.1/armv7e-m/fpu\libgcc.a
LOAD c:/program files (x86)/atollic/truestudio for stm32 9.0.1/armtools/bin/../lib/gcc/arm-atollic-eabi/6.3.1/../../../../arm-atollic-eabi/lib/armv7e-m/fpu\libc_nano.a
LOAD c:/program files (x86)/atollic/truestudio for stm32 9.0.1/armtools/bin/../lib/gcc/arm-atollic-eabi/6.3.1/../../../../arm-atollic-eabi/lib/armv7e-m/fpu\libnosys.a
END GROUP
LOAD c:/program files (x86)/atollic/truestudio for stm32 9.0.1/armtools/bin/../lib/gcc/arm-atollic-eabi/6.3.1/armv7e-m/fpu/crtend.o
LOAD c:/program files (x86)/atollic/truestudio for stm32 9.0.1/armtools/bin/../lib/gcc/arm-atollic-eabi/6.3.1/armv7e-m/fpu/crtn.o
                0x20020000                _estack = 0x20020000
                0x00000200                _Min_Heap_Size = 0x200
                0x00000400                _Min_Stack_Size = 0x400

.isr_vector     0x08000000      0x1c4
                0x08000000                . = ALIGN (0x4)
 *(.isr_vector)
 .isr_vector    0x08000000      0x1c4 startup\startup_stm32f446xx.o
                0x08000000                g_pfnVectors
                0x080001c4                . = ALIGN (0x4)

.text           0x080001c4     0x1d04
                0x080001c4                . = ALIGN (0x4)
 *(.text)
 .text          0x080001c4       0x40 c:/program files (x86)/atollic/truestudio for stm32 9.0.1/armtools/bin/../lib/gcc/arm-atollic-eabi/6.3.1/armv7e-m/fpu/crtbegin.o
 .text          0x08000204       0x30 c:/program files (x86)/atollic/truestudio for stm32 9.0.1/armtools/bin/../lib/gcc/arm-atollic-eabi/6.3.1/armv7e-m/fpu\libgcc.a(_aeabi_uldivmod.o)
                0x08000204                __aeabi_uldivmod
 .text          0x08000234      0x2dc c:/program files (x86)/atollic/truestudio for stm32 9.0.1/armtools/bin/../lib/gcc/arm-atollic-eabi/6.3.1/armv7e-m/fpu\libgcc.a(_udivmoddi4.o)
                0x08000234                __udivmoddi4
 .text          0x08000510        0x4 c:/program files (x86)/atollic/truestudio for stm32 9.0.1/armtools/bin/../lib/gcc/arm-atollic-eabi/6.3.1/armv7e-m/fpu\libgcc.a(_dvmd_tls.o)
                0x08000510                __aeabi_idiv0
                0x08000510                __aeabi_ldiv0
 *(.text*)
 .text.HAL_InitTick
                0x08000514       0x28 Drivers\STM32F4xx_HAL_Driver\Src\stm32f4xx_hal.o
                0x08000514                HAL_InitTick
 .text.HAL_Init
                0x0800053c       0x34 Drivers\STM32F4xx_HAL_Driver\Src\stm32f4xx_hal.o
                0x0800053c                HAL_Init
 .text.HAL_IncTick
                0x08000570       0x10 Drivers\STM32F4xx_HAL_Driver\Src\stm32f4xx_hal.o
                0x08000570                HAL_IncTick
 .text.HAL_GetTick
                0x08000580        0xc Drivers\STM32F4xx_HAL_Driver\Src\stm32f4xx_hal.o
                0x08000580                HAL_GetTick
 .text.HAL_Delay
                0x0800058c       0x20 Drivers\STM32F4xx_HAL_Driver\Src\stm32f4xx_hal.o
                0x0800058c                HAL_Delay
 .text.HAL_ADC_Init
                0x080005ac      0x148 Drivers\STM32F4xx_HAL_Driver\Src\stm32f4xx_hal_adc.o
                0x080005ac                HAL_ADC_Init
 .text.HAL_ADC_ConfigChannel
                0x080006f4      0x130 Drivers\STM32F4xx_HAL_Driver\Src\stm32f4xx_hal_adc.o
                0x080006f4                HAL_ADC_ConfigChannel
 .text.HAL_CAN_Init
                0x08000824      0x12a Drivers\STM32F4xx_HAL_Driver\Src\stm32f4xx_hal_can.o
                0x08000824                HAL_CAN_Init
 *fill*         0x0800094e        0x2 
 .text.HAL_NVIC_SetPriorityGrouping
                0x08000950       0x24 Drivers\STM32F4xx_HAL_Driver\Src\stm32f4xx_hal_cortex.o
                0x08000950                HAL_NVIC_SetPriorityGrouping
 .text.HAL_NVIC_SetPriority
                0x08000974       0x68 Drivers\STM32F4xx_HAL_Driver\Src\stm32f4xx_hal_cortex.o
                0x08000974                HAL_NVIC_SetPriority
 .text.HAL_SYSTICK_Config
                0x080009dc       0x2c Drivers\STM32F4xx_HAL_Driver\Src\stm32f4xx_hal_cortex.o
                0x080009dc                HAL_SYSTICK_Config
 .text.HAL_SYSTICK_CLKSourceConfig
                0x08000a08       0x18 Drivers\STM32F4xx_HAL_Driver\Src\stm32f4xx_hal_cortex.o
                0x08000a08                HAL_SYSTICK_CLKSourceConfig
 .text.HAL_SYSTICK_Callback
                0x08000a20        0x2 Drivers\STM32F4xx_HAL_Driver\Src\stm32f4xx_hal_cortex.o
                0x08000a20                HAL_SYSTICK_Callback
 .text.HAL_SYSTICK_IRQHandler
                0x08000a22        0x8 Drivers\STM32F4xx_HAL_Driver\Src\stm32f4xx_hal_cortex.o
                0x08000a22                HAL_SYSTICK_IRQHandler
 .text.HAL_DAC_Init
                0x08000a2a       0x26 Drivers\STM32F4xx_HAL_Driver\Src\stm32f4xx_hal_dac.o
                0x08000a2a                HAL_DAC_Init
 .text.HAL_DAC_ConfigChannel
                0x08000a50       0x40 Drivers\STM32F4xx_HAL_Driver\Src\stm32f4xx_hal_dac.o
                0x08000a50                HAL_DAC_ConfigChannel
 .text.HAL_GPIO_Init
                0x08000a90      0x1b4 Drivers\STM32F4xx_HAL_Driver\Src\stm32f4xx_hal_gpio.o
                0x08000a90                HAL_GPIO_Init
 .text.HAL_GPIO_WritePin
                0x08000c44        0xa Drivers\STM32F4xx_HAL_Driver\Src\stm32f4xx_hal_gpio.o
                0x08000c44                HAL_GPIO_WritePin
 *fill*         0x08000c4e        0x2 
 .text.HAL_I2C_Init
                0x08000c50       0xdc Drivers\STM32F4xx_HAL_Driver\Src\stm32f4xx_hal_i2c.o
                0x08000c50                HAL_I2C_Init
 .text.HAL_PWREx_EnableOverDrive
                0x08000d2c       0x78 Drivers\STM32F4xx_HAL_Driver\Src\stm32f4xx_hal_pwr_ex.o
                0x08000d2c                HAL_PWREx_EnableOverDrive
 .text.HAL_RCC_ClockConfig
                0x08000da4      0x134 Drivers\STM32F4xx_HAL_Driver\Src\stm32f4xx_hal_rcc.o
                0x08000da4                HAL_RCC_ClockConfig
 .text.HAL_RCC_GetHCLKFreq
                0x08000ed8        0xc Drivers\STM32F4xx_HAL_Driver\Src\stm32f4xx_hal_rcc.o
                0x08000ed8                HAL_RCC_GetHCLKFreq
 .text.HAL_RCC_GetPCLK1Freq
                0x08000ee4       0x20 Drivers\STM32F4xx_HAL_Driver\Src\stm32f4xx_hal_rcc.o
                0x08000ee4                HAL_RCC_GetPCLK1Freq
 .text.HAL_RCC_GetSysClockFreq
                0x08000f04       0x90 Drivers\STM32F4xx_HAL_Driver\Src\stm32f4xx_hal_rcc_ex.o
                0x08000f04                HAL_RCC_GetSysClockFreq
 .text.HAL_RCC_OscConfig
                0x08000f94      0x31c Drivers\STM32F4xx_HAL_Driver\Src\stm32f4xx_hal_rcc_ex.o
                0x08000f94                HAL_RCC_OscConfig
 .text.SPI_WaitFlagStateUntilTimeout
                0x080012b0       0x8e Drivers\STM32F4xx_HAL_Driver\Src\stm32f4xx_hal_spi.o
 .text.SPI_CheckFlag_BSY
                0x0800133e       0x20 Drivers\STM32F4xx_HAL_Driver\Src\stm32f4xx_hal_spi.o
 .text.HAL_SPI_Init
                0x0800135e       0x7a Drivers\STM32F4xx_HAL_Driver\Src\stm32f4xx_hal_spi.o
                0x0800135e                HAL_SPI_Init
 .text.HAL_SPI_TransmitReceive
                0x080013d8      0x1f8 Drivers\STM32F4xx_HAL_Driver\Src\stm32f4xx_hal_spi.o
                0x080013d8                HAL_SPI_TransmitReceive
 .text.MX_ADC1_Init
                0x080015d0       0x64 Src\adc.o
                0x080015d0                MX_ADC1_Init
 .text.MX_ADC2_Init
                0x08001634       0x68 Src\adc.o
                0x08001634                MX_ADC2_Init
 .text.MX_ADC3_Init
                0x0800169c       0x68 Src\adc.o
                0x0800169c                MX_ADC3_Init
 .text.HAL_ADC_MspInit
                0x08001704       0xa4 Src\adc.o
                0x08001704                HAL_ADC_MspInit
 .text.MX_CAN1_Init
                0x080017a8       0x44 Src\can.o
                0x080017a8                MX_CAN1_Init
 .text.HAL_CAN_MspInit
                0x080017ec       0x50 Src\can.o
                0x080017ec                HAL_CAN_MspInit
 .text.MX_DAC_Init
                0x0800183c       0x54 Src\dac.o
                0x0800183c                MX_DAC_Init
 .text.HAL_DAC_MspInit
                0x08001890       0x44 Src\dac.o
                0x08001890                HAL_DAC_MspInit
 .text.MX_GPIO_Init
                0x080018d4       0xc0 Src\gpio.o
                0x080018d4                MX_GPIO_Init
 .text.MX_I2C1_Init
                0x08001994       0x48 Src\i2c.o
                0x08001994                MX_I2C1_Init
 .text.HAL_I2C_MspInit
                0x080019dc       0x54 Src\i2c.o
                0x080019dc                HAL_I2C_MspInit
 .text.SystemClock_Config
                0x08001a30       0xb8 Src\main.o
                0x08001a30                SystemClock_Config
 .text.startup.main
                0x08001ae8      0x1a8 Src\main.o
                0x08001ae8                main
 .text._Error_Handler
                0x08001c90        0x2 Src\main.o
                0x08001c90                _Error_Handler
 *fill*         0x08001c92        0x2 
 .text.MX_SPI1_Init
                0x08001c94       0x50 Src\spi.o
                0x08001c94                MX_SPI1_Init
 .text.HAL_SPI_MspInit
                0x08001ce4       0x64 Src\spi.o
                0x08001ce4                HAL_SPI_MspInit
 .text.HAL_MspInit
                0x08001d48       0x60 Src\stm32f4xx_hal_msp.o
                0x08001d48                HAL_MspInit
 .text.NMI_Handler
                0x08001da8        0x2 Src\stm32f4xx_it.o
                0x08001da8                NMI_Handler
 .text.HardFault_Handler
                0x08001daa        0x2 Src\stm32f4xx_it.o
                0x08001daa                HardFault_Handler
 .text.MemManage_Handler
                0x08001dac        0x2 Src\stm32f4xx_it.o
                0x08001dac                MemManage_Handler
 .text.BusFault_Handler
                0x08001dae        0x2 Src\stm32f4xx_it.o
                0x08001dae                BusFault_Handler
 .text.UsageFault_Handler
                0x08001db0        0x2 Src\stm32f4xx_it.o
                0x08001db0                UsageFault_Handler
 .text.SVC_Handler
                0x08001db2        0x2 Src\stm32f4xx_it.o
                0x08001db2                SVC_Handler
 .text.DebugMon_Handler
                0x08001db4        0x2 Src\stm32f4xx_it.o
                0x08001db4                DebugMon_Handler
 .text.PendSV_Handler
                0x08001db6        0x2 Src\stm32f4xx_it.o
                0x08001db6                PendSV_Handler
 .text.SysTick_Handler
                0x08001db8        0xe Src\stm32f4xx_it.o
                0x08001db8                SysTick_Handler
 *fill*         0x08001dc6        0x2 
 .text.SystemInit
                0x08001dc8       0x4c Src\system_stm32f4xx.o
                0x08001dc8                SystemInit
 .text.Reset_Handler
                0x08001e14       0x50 startup\startup_stm32f446xx.o
                0x08001e14                Reset_Handler
 .text.Default_Handler
                0x08001e64        0x2 startup\startup_stm32f446xx.o
                0x08001e64                RTC_Alarm_IRQHandler
                0x08001e64                EXTI2_IRQHandler
                0x08001e64                TIM8_CC_IRQHandler
                0x08001e64                SPI4_IRQHandler
                0x08001e64                TIM1_CC_IRQHandler
                0x08001e64                DMA2_Stream5_IRQHandler
                0x08001e64                DMA1_Stream5_IRQHandler
                0x08001e64                PVD_IRQHandler
                0x08001e64                SDIO_IRQHandler
                0x08001e64                TAMP_STAMP_IRQHandler
                0x08001e64                CAN2_RX1_IRQHandler
                0x08001e64                EXTI3_IRQHandler
                0x08001e64                TIM8_TRG_COM_TIM14_IRQHandler
                0x08001e64                TIM1_UP_TIM10_IRQHandler
                0x08001e64                TIM8_UP_TIM13_IRQHandler
                0x08001e64                I2C3_ER_IRQHandler
                0x08001e64                FMPI2C1_Event_IRQHandler
                0x08001e64                EXTI0_IRQHandler
                0x08001e64                I2C2_EV_IRQHandler
                0x08001e64                DMA1_Stream2_IRQHandler
                0x08001e64                CAN1_RX0_IRQHandler
                0x08001e64                FPU_IRQHandler
                0x08001e64                OTG_HS_WKUP_IRQHandler
                0x08001e64                CAN2_SCE_IRQHandler
                0x08001e64                DMA2_Stream2_IRQHandler
                0x08001e64                SPI1_IRQHandler
                0x08001e64                TIM6_DAC_IRQHandler
                0x08001e64                TIM1_BRK_TIM9_IRQHandler
                0x08001e64                DCMI_IRQHandler
                0x08001e64                CAN2_RX0_IRQHandler
                0x08001e64                DMA2_Stream3_IRQHandler
                0x08001e64                SAI2_IRQHandler
                0x08001e64                USART6_IRQHandler
                0x08001e64                USART3_IRQHandler
                0x08001e64                CAN1_RX1_IRQHandler
                0x08001e64                UART5_IRQHandler
                0x08001e64                DMA2_Stream0_IRQHandler
                0x08001e64                TIM4_IRQHandler
                0x08001e64                QUADSPI_IRQHandler
                0x08001e64                I2C1_EV_IRQHandler
                0x08001e64                DMA1_Stream6_IRQHandler
                0x08001e64                DMA1_Stream1_IRQHandler
                0x08001e64                UART4_IRQHandler
                0x08001e64                TIM3_IRQHandler
                0x08001e64                RCC_IRQHandler
                0x08001e64                TIM8_BRK_TIM12_IRQHandler
                0x08001e64                Default_Handler
                0x08001e64                CEC_IRQHandler
                0x08001e64                EXTI15_10_IRQHandler
                0x08001e64                ADC_IRQHandler
                0x08001e64                DMA1_Stream7_IRQHandler
                0x08001e64                TIM7_IRQHandler
                0x08001e64                CAN2_TX_IRQHandler
                0x08001e64                TIM5_IRQHandler
                0x08001e64                DMA2_Stream7_IRQHandler
                0x08001e64                I2C3_EV_IRQHandler
                0x08001e64                EXTI9_5_IRQHandler
                0x08001e64                RTC_WKUP_IRQHandler
                0x08001e64                SPDIF_RX_IRQHandler
                0x08001e64                SPI2_IRQHandler
                0x08001e64                OTG_HS_EP1_IN_IRQHandler
                0x08001e64                DMA1_Stream0_IRQHandler
                0x08001e64                CAN1_TX_IRQHandler
                0x08001e64                EXTI4_IRQHandler
                0x08001e64                OTG_HS_EP1_OUT_IRQHandler
                0x08001e64                WWDG_IRQHandler
                0x08001e64                TIM2_IRQHandler
                0x08001e64                OTG_FS_WKUP_IRQHandler
                0x08001e64                TIM1_TRG_COM_TIM11_IRQHandler
                0x08001e64                OTG_HS_IRQHandler
                0x08001e64                EXTI1_IRQHandler
                0x08001e64                USART2_IRQHandler
                0x08001e64                I2C2_ER_IRQHandler
                0x08001e64                DMA2_Stream1_IRQHandler
                0x08001e64                CAN1_SCE_IRQHandler
                0x08001e64                FLASH_IRQHandler
                0x08001e64                DMA2_Stream4_IRQHandler
                0x08001e64                USART1_IRQHandler
                0x08001e64                OTG_FS_IRQHandler
                0x08001e64                SPI3_IRQHandler
                0x08001e64                DMA1_Stream4_IRQHandler
                0x08001e64                I2C1_ER_IRQHandler
                0x08001e64                FMC_IRQHandler
                0x08001e64                DMA2_Stream6_IRQHandler
                0x08001e64                SAI1_IRQHandler
                0x08001e64                DMA1_Stream3_IRQHandler
                0x08001e64                FMPI2C1_Error_IRQHandler
 *fill*         0x08001e66        0x2 
 .text.__libc_init_array
                0x08001e68       0x48 c:/program files (x86)/atollic/truestudio for stm32 9.0.1/armtools/bin/../lib/gcc/arm-atollic-eabi/6.3.1/../../../../arm-atollic-eabi/lib/armv7e-m/fpu\libc_nano.a(lib_a-init.o)
                0x08001e68                __libc_init_array
 *(.glue_7)
 .glue_7        0x08001eb0        0x0 linker stubs
 *(.glue_7t)
 .glue_7t       0x08001eb0        0x0 linker stubs
 *(.eh_frame)
 .eh_frame      0x08001eb0        0x0 c:/program files (x86)/atollic/truestudio for stm32 9.0.1/armtools/bin/../lib/gcc/arm-atollic-eabi/6.3.1/armv7e-m/fpu/crtbegin.o
 *(.init)
 .init          0x08001eb0        0x4 c:/program files (x86)/atollic/truestudio for stm32 9.0.1/armtools/bin/../lib/gcc/arm-atollic-eabi/6.3.1/armv7e-m/fpu/crti.o
                0x08001eb0                _init
 .init          0x08001eb4        0x8 c:/program files (x86)/atollic/truestudio for stm32 9.0.1/armtools/bin/../lib/gcc/arm-atollic-eabi/6.3.1/armv7e-m/fpu/crtn.o
 *(.fini)
 .fini          0x08001ebc        0x4 c:/program files (x86)/atollic/truestudio for stm32 9.0.1/armtools/bin/../lib/gcc/arm-atollic-eabi/6.3.1/armv7e-m/fpu/crti.o
                0x08001ebc                _fini
 .fini          0x08001ec0        0x8 c:/program files (x86)/atollic/truestudio for stm32 9.0.1/armtools/bin/../lib/gcc/arm-atollic-eabi/6.3.1/armv7e-m/fpu/crtn.o
                0x08001ec8                . = ALIGN (0x4)
                0x08001ec8                _etext = .

.vfp11_veneer   0x08001ec8        0x0
 .vfp11_veneer  0x08001ec8        0x0 linker stubs

.v4_bx          0x08001ec8        0x0
 .v4_bx         0x08001ec8        0x0 linker stubs

.iplt           0x08001ec8        0x0
 .iplt          0x08001ec8        0x0 c:/program files (x86)/atollic/truestudio for stm32 9.0.1/armtools/bin/../lib/gcc/arm-atollic-eabi/6.3.1/armv7e-m/fpu/crtbegin.o

.rodata         0x08001ec8       0x68
                0x08001ec8                . = ALIGN (0x4)
 *(.rodata)
 .rodata        0x08001ec8        0xe Src\main.o
 *(.rodata*)
 .rodata.MX_ADC1_Init.str1.1
                0x08001ed6        0xd Src\adc.o
 .rodata.MX_CAN1_Init.str1.1
                0x08001ee3        0xd Src\can.o
 .rodata.MX_DAC_Init.str1.1
                0x08001ef0        0xd Src\dac.o
 .rodata.MX_I2C1_Init.str1.1
                0x08001efd        0xd Src\i2c.o
 .rodata.MX_SPI1_Init.str1.1
                0x08001f0a        0xd Src\spi.o
 .rodata.AHBPrescTable
                0x08001f17       0x10 Src\system_stm32f4xx.o
                0x08001f17                AHBPrescTable
 .rodata.APBPrescTable
                0x08001f27        0x8 Src\system_stm32f4xx.o
                0x08001f27                APBPrescTable
                0x08001f30                . = ALIGN (0x4)
 *fill*         0x08001f2f        0x1 

.ARM.extab
 *(.ARM.extab* .gnu.linkonce.armextab.*)

.ARM            0x08001f30        0x8
                0x08001f30                __exidx_start = .
 *(.ARM.exidx*)
 .ARM.exidx     0x08001f30        0x8 c:/program files (x86)/atollic/truestudio for stm32 9.0.1/armtools/bin/../lib/gcc/arm-atollic-eabi/6.3.1/armv7e-m/fpu\libgcc.a(_udivmoddi4.o)
                0x08001f38                __exidx_end = .

.rel.dyn        0x08001f38        0x0
 .rel.iplt      0x08001f38        0x0 c:/program files (x86)/atollic/truestudio for stm32 9.0.1/armtools/bin/../lib/gcc/arm-atollic-eabi/6.3.1/armv7e-m/fpu/crtbegin.o

.preinit_array  0x08001f38        0x0
                0x08001f38                PROVIDE (__preinit_array_start, .)
 *(.preinit_array*)
                0x08001f38                PROVIDE (__preinit_array_end, .)

.init_array     0x08001f38        0x4
                0x08001f38                PROVIDE (__init_array_start, .)
 *(SORT(.init_array.*))
 *(.init_array*)
 .init_array    0x08001f38        0x4 c:/program files (x86)/atollic/truestudio for stm32 9.0.1/armtools/bin/../lib/gcc/arm-atollic-eabi/6.3.1/armv7e-m/fpu/crtbegin.o
                0x08001f3c                PROVIDE (__init_array_end, .)

.fini_array     0x08001f3c        0x4
                [!provide]                PROVIDE (__fini_array_start, .)
 *(SORT(.fini_array.*))
 *(.fini_array*)
 .fini_array    0x08001f3c        0x4 c:/program files (x86)/atollic/truestudio for stm32 9.0.1/armtools/bin/../lib/gcc/arm-atollic-eabi/6.3.1/armv7e-m/fpu/crtbegin.o
                [!provide]                PROVIDE (__fini_array_end, .)
                0x08001f40                _sidata = LOADADDR (.data)

.data           0x20000000        0x4 load address 0x08001f40
                0x20000000                . = ALIGN (0x4)
                0x20000000                _sdata = .
 *(.data)
 *(.data*)
 .data.SystemCoreClock
                0x20000000        0x4 Src\system_stm32f4xx.o
                0x20000000                SystemCoreClock
                0x20000004                . = ALIGN (0x4)
                0x20000004                _edata = .

.igot.plt       0x20000004        0x0 load address 0x08001f44
 .igot.plt      0x20000004        0x0 c:/program files (x86)/atollic/truestudio for stm32 9.0.1/armtools/bin/../lib/gcc/arm-atollic-eabi/6.3.1/armv7e-m/fpu/crtbegin.o
                0x20000004                . = ALIGN (0x4)

.bss            0x20000004      0x1fc load address 0x08001f44
                0x20000004                _sbss = .
                0x20000004                __bss_start__ = _sbss
 *(.bss)
 .bss           0x20000004       0x1c c:/program files (x86)/atollic/truestudio for stm32 9.0.1/armtools/bin/../lib/gcc/arm-atollic-eabi/6.3.1/armv7e-m/fpu/crtbegin.o
 *(.bss*)
 *(COMMON)
 COMMON         0x20000020        0x4 Drivers\STM32F4xx_HAL_Driver\Src\stm32f4xx_hal.o
                0x20000020                uwTick
 COMMON         0x20000024       0xd8 Src\adc.o
                0x20000024                hadc2
                0x2000006c                hadc1
                0x200000b4                hadc3
 COMMON         0x200000fc       0x44 Src\can.o
                0x200000fc                hcan1
 COMMON         0x20000140       0x14 Src\dac.o
                0x20000140                hdac
 COMMON         0x20000154       0x54 Src\i2c.o
                0x20000154                hi2c1
 COMMON         0x200001a8       0x58 Src\spi.o
                0x200001a8                hspi1
                0x20000200                . = ALIGN (0x4)
                0x20000200                _ebss = .
                0x20000200                __bss_end__ = _ebss

._user_heap_stack
                0x20000200      0x600 load address 0x08001f44
                0x20000200                . = ALIGN (0x4)
                [!provide]                PROVIDE (end, .)
                [!provide]                PROVIDE (_end, .)
                0x20000400                . = (. + _Min_Heap_Size)
 *fill*         0x20000200      0x200 
                0x20000800                . = (. + _Min_Stack_Size)
 *fill*         0x20000400      0x400 
                0x20000800                . = ALIGN (0x4)

/DISCARD/
 libc.a(*)
 libm.a(*)
 libgcc.a(*)

.ARM.attributes
                0x00000000       0x30
 *(.ARM.attributes)
 .ARM.attributes
                0x00000000       0x22 c:/program files (x86)/atollic/truestudio for stm32 9.0.1/armtools/bin/../lib/gcc/arm-atollic-eabi/6.3.1/armv7e-m/fpu/crti.o
 .ARM.attributes
                0x00000022       0x34 c:/program files (x86)/atollic/truestudio for stm32 9.0.1/armtools/bin/../lib/gcc/arm-atollic-eabi/6.3.1/armv7e-m/fpu/crtbegin.o
 .ARM.attributes
                0x00000056       0x39 Drivers\STM32F4xx_HAL_Driver\Src\stm32f4xx_hal.o
 .ARM.attributes
                0x0000008f       0x39 Drivers\STM32F4xx_HAL_Driver\Src\stm32f4xx_hal_adc.o
 .ARM.attributes
                0x000000c8       0x39 Drivers\STM32F4xx_HAL_Driver\Src\stm32f4xx_hal_can.o
 .ARM.attributes
                0x00000101       0x39 Drivers\STM32F4xx_HAL_Driver\Src\stm32f4xx_hal_cortex.o
 .ARM.attributes
                0x0000013a       0x39 Drivers\STM32F4xx_HAL_Driver\Src\stm32f4xx_hal_dac.o
 .ARM.attributes
                0x00000173       0x39 Drivers\STM32F4xx_HAL_Driver\Src\stm32f4xx_hal_gpio.o
 .ARM.attributes
                0x000001ac       0x39 Drivers\STM32F4xx_HAL_Driver\Src\stm32f4xx_hal_i2c.o
 .ARM.attributes
                0x000001e5       0x39 Drivers\STM32F4xx_HAL_Driver\Src\stm32f4xx_hal_pwr_ex.o
 .ARM.attributes
                0x0000021e       0x39 Drivers\STM32F4xx_HAL_Driver\Src\stm32f4xx_hal_rcc.o
 .ARM.attributes
                0x00000257       0x39 Drivers\STM32F4xx_HAL_Driver\Src\stm32f4xx_hal_rcc_ex.o
 .ARM.attributes
                0x00000290       0x39 Drivers\STM32F4xx_HAL_Driver\Src\stm32f4xx_hal_spi.o
 .ARM.attributes
                0x000002c9       0x39 Src\adc.o
 .ARM.attributes
                0x00000302       0x39 Src\can.o
 .ARM.attributes
                0x0000033b       0x39 Src\dac.o
 .ARM.attributes
                0x00000374       0x39 Src\gpio.o
 .ARM.attributes
                0x000003ad       0x39 Src\i2c.o
 .ARM.attributes
                0x000003e6       0x39 Src\main.o
 .ARM.attributes
                0x0000041f       0x39 Src\spi.o
 .ARM.attributes
                0x00000458       0x39 Src\stm32f4xx_hal_msp.o
 .ARM.attributes
                0x00000491       0x39 Src\stm32f4xx_it.o
 .ARM.attributes
                0x000004ca       0x39 Src\system_stm32f4xx.o
 .ARM.attributes
                0x00000503       0x21 startup\startup_stm32f446xx.o
 .ARM.attributes
                0x00000524       0x34 c:/program files (x86)/atollic/truestudio for stm32 9.0.1/armtools/bin/../lib/gcc/arm-atollic-eabi/6.3.1/../../../../arm-atollic-eabi/lib/armv7e-m/fpu\libc_nano.a(lib_a-init.o)
 .ARM.attributes
                0x00000558       0x22 c:/program files (x86)/atollic/truestudio for stm32 9.0.1/armtools/bin/../lib/gcc/arm-atollic-eabi/6.3.1/armv7e-m/fpu\libgcc.a(_aeabi_uldivmod.o)
 .ARM.attributes
                0x0000057a       0x34 c:/program files (x86)/atollic/truestudio for stm32 9.0.1/armtools/bin/../lib/gcc/arm-atollic-eabi/6.3.1/armv7e-m/fpu\libgcc.a(_udivmoddi4.o)
 .ARM.attributes
                0x000005ae       0x22 c:/program files (x86)/atollic/truestudio for stm32 9.0.1/armtools/bin/../lib/gcc/arm-atollic-eabi/6.3.1/armv7e-m/fpu\libgcc.a(_dvmd_tls.o)
 .ARM.attributes
                0x000005d0       0x22 c:/program files (x86)/atollic/truestudio for stm32 9.0.1/armtools/bin/../lib/gcc/arm-atollic-eabi/6.3.1/armv7e-m/fpu/crtn.o
OUTPUT(avionics_temp_module.elf elf32-littlearm)

.debug_info     0x00000000    0x1bb02
 .debug_info    0x00000000     0x1152 Drivers\STM32F4xx_HAL_Driver\Src\stm32f4xx_hal.o
 .debug_info    0x00001152     0x15ad Drivers\STM32F4xx_HAL_Driver\Src\stm32f4xx_hal_adc.o
 .debug_info    0x000026ff     0x1477 Drivers\STM32F4xx_HAL_Driver\Src\stm32f4xx_hal_can.o
 .debug_info    0x00003b76     0x1762 Drivers\STM32F4xx_HAL_Driver\Src\stm32f4xx_hal_cortex.o
 .debug_info    0x000052d8     0x1287 Drivers\STM32F4xx_HAL_Driver\Src\stm32f4xx_hal_dac.o
 .debug_info    0x0000655f      0xfd6 Drivers\STM32F4xx_HAL_Driver\Src\stm32f4xx_hal_gpio.o
 .debug_info    0x00007535     0x3799 Drivers\STM32F4xx_HAL_Driver\Src\stm32f4xx_hal_i2c.o
 .debug_info    0x0000acce     0x100b Drivers\STM32F4xx_HAL_Driver\Src\stm32f4xx_hal_pwr_ex.o
 .debug_info    0x0000bcd9     0x127c Drivers\STM32F4xx_HAL_Driver\Src\stm32f4xx_hal_rcc.o
 .debug_info    0x0000cf55     0x1289 Drivers\STM32F4xx_HAL_Driver\Src\stm32f4xx_hal_rcc_ex.o
 .debug_info    0x0000e1de     0x23d2 Drivers\STM32F4xx_HAL_Driver\Src\stm32f4xx_hal_spi.o
 .debug_info    0x000105b0     0x13e9 Src\adc.o
 .debug_info    0x00011999     0x126c Src\can.o
 .debug_info    0x00012c05     0x11eb Src\dac.o
 .debug_info    0x00013df0      0xd5d Src\gpio.o
 .debug_info    0x00014b4d     0x1254 Src\i2c.o
 .debug_info    0x00015da1     0x26de Src\main.o
 .debug_info    0x0001847f     0x1255 Src\spi.o
 .debug_info    0x000196d4      0xc7f Src\stm32f4xx_hal_msp.o
 .debug_info    0x0001a353      0x9de Src\stm32f4xx_it.o
 .debug_info    0x0001ad31      0xd50 Src\system_stm32f4xx.o
 .debug_info    0x0001ba81       0x81 startup\startup_stm32f446xx.o

.debug_abbrev   0x00000000     0x3777
 .debug_abbrev  0x00000000      0x2cf Drivers\STM32F4xx_HAL_Driver\Src\stm32f4xx_hal.o
 .debug_abbrev  0x000002cf      0x321 Drivers\STM32F4xx_HAL_Driver\Src\stm32f4xx_hal_adc.o
 .debug_abbrev  0x000005f0      0x338 Drivers\STM32F4xx_HAL_Driver\Src\stm32f4xx_hal_can.o
 .debug_abbrev  0x00000928      0x399 Drivers\STM32F4xx_HAL_Driver\Src\stm32f4xx_hal_cortex.o
 .debug_abbrev  0x00000cc1      0x2f4 Drivers\STM32F4xx_HAL_Driver\Src\stm32f4xx_hal_dac.o
 .debug_abbrev  0x00000fb5      0x268 Drivers\STM32F4xx_HAL_Driver\Src\stm32f4xx_hal_gpio.o
 .debug_abbrev  0x0000121d      0x3b4 Drivers\STM32F4xx_HAL_Driver\Src\stm32f4xx_hal_i2c.o
 .debug_abbrev  0x000015d1      0x291 Drivers\STM32F4xx_HAL_Driver\Src\stm32f4xx_hal_pwr_ex.o
 .debug_abbrev  0x00001862      0x348 Drivers\STM32F4xx_HAL_Driver\Src\stm32f4xx_hal_rcc.o
 .debug_abbrev  0x00001baa      0x28a Drivers\STM32F4xx_HAL_Driver\Src\stm32f4xx_hal_rcc_ex.o
 .debug_abbrev  0x00001e34      0x3ac Drivers\STM32F4xx_HAL_Driver\Src\stm32f4xx_hal_spi.o
 .debug_abbrev  0x000021e0      0x23d Src\adc.o
 .debug_abbrev  0x0000241d      0x252 Src\can.o
 .debug_abbrev  0x0000266f      0x227 Src\dac.o
 .debug_abbrev  0x00002896      0x1f7 Src\gpio.o
 .debug_abbrev  0x00002a8d      0x229 Src\i2c.o
 .debug_abbrev  0x00002cb6      0x2ee Src\main.o
 .debug_abbrev  0x00002fa4      0x227 Src\spi.o
 .debug_abbrev  0x000031cb      0x1d3 Src\stm32f4xx_hal_msp.o
 .debug_abbrev  0x0000339e      0x1fd Src\stm32f4xx_it.o
 .debug_abbrev  0x0000359b      0x1ca Src\system_stm32f4xx.o
 .debug_abbrev  0x00003765       0x12 startup\startup_stm32f446xx.o

.debug_loc      0x00000000     0x71cb
 .debug_loc     0x00000000       0x69 Drivers\STM32F4xx_HAL_Driver\Src\stm32f4xx_hal.o
 .debug_loc     0x00000069      0x7c5 Drivers\STM32F4xx_HAL_Driver\Src\stm32f4xx_hal_adc.o
 .debug_loc     0x0000082e      0x903 Drivers\STM32F4xx_HAL_Driver\Src\stm32f4xx_hal_can.o
 .debug_loc     0x00001131      0x4fb Drivers\STM32F4xx_HAL_Driver\Src\stm32f4xx_hal_cortex.o
 .debug_loc     0x0000162c      0x6bf Drivers\STM32F4xx_HAL_Driver\Src\stm32f4xx_hal_dac.o
 .debug_loc     0x00001ceb      0x3cd Drivers\STM32F4xx_HAL_Driver\Src\stm32f4xx_hal_gpio.o
 .debug_loc     0x000020b8     0x2bba Drivers\STM32F4xx_HAL_Driver\Src\stm32f4xx_hal_i2c.o
 .debug_loc     0x00004c72      0x15d Drivers\STM32F4xx_HAL_Driver\Src\stm32f4xx_hal_pwr_ex.o
 .debug_loc     0x00004dcf      0x2d3 Drivers\STM32F4xx_HAL_Driver\Src\stm32f4xx_hal_rcc.o
 .debug_loc     0x000050a2      0x8f3 Drivers\STM32F4xx_HAL_Driver\Src\stm32f4xx_hal_rcc_ex.o
 .debug_loc     0x00005995     0x150f Drivers\STM32F4xx_HAL_Driver\Src\stm32f4xx_hal_spi.o
 .debug_loc     0x00006ea4       0x7f Src\adc.o
 .debug_loc     0x00006f23       0x4d Src\can.o
 .debug_loc     0x00006f70       0x4d Src\dac.o
 .debug_loc     0x00006fbd       0x4d Src\i2c.o
 .debug_loc     0x0000700a       0x58 Src\main.o
 .debug_loc     0x00007062       0x4d Src\spi.o
 .debug_loc     0x000070af      0x11c Src\system_stm32f4xx.o

.debug_aranges  0x00000000      0x9f8
 .debug_aranges
                0x00000000       0xc0 Drivers\STM32F4xx_HAL_Driver\Src\stm32f4xx_hal.o
 .debug_aranges
                0x000000c0       0xb8 Drivers\STM32F4xx_HAL_Driver\Src\stm32f4xx_hal_adc.o
 .debug_aranges
                0x00000178       0x88 Drivers\STM32F4xx_HAL_Driver\Src\stm32f4xx_hal_can.o
 .debug_aranges
                0x00000200       0xa8 Drivers\STM32F4xx_HAL_Driver\Src\stm32f4xx_hal_cortex.o
 .debug_aranges
                0x000002a8       0x98 Drivers\STM32F4xx_HAL_Driver\Src\stm32f4xx_hal_dac.o
 .debug_aranges
                0x00000340       0x58 Drivers\STM32F4xx_HAL_Driver\Src\stm32f4xx_hal_gpio.o
 .debug_aranges
                0x00000398      0x190 Drivers\STM32F4xx_HAL_Driver\Src\stm32f4xx_hal_i2c.o
 .debug_aranges
                0x00000528       0x60 Drivers\STM32F4xx_HAL_Driver\Src\stm32f4xx_hal_pwr_ex.o
 .debug_aranges
                0x00000588       0x88 Drivers\STM32F4xx_HAL_Driver\Src\stm32f4xx_hal_rcc.o
 .debug_aranges
                0x00000610       0x58 Drivers\STM32F4xx_HAL_Driver\Src\stm32f4xx_hal_rcc_ex.o
 .debug_aranges
                0x00000668      0x180 Drivers\STM32F4xx_HAL_Driver\Src\stm32f4xx_hal_spi.o
 .debug_aranges
                0x000007e8       0x40 Src\adc.o
 .debug_aranges
                0x00000828       0x30 Src\can.o
 .debug_aranges
                0x00000858       0x30 Src\dac.o
 .debug_aranges
                0x00000888       0x20 Src\gpio.o
 .debug_aranges
                0x000008a8       0x30 Src\i2c.o
 .debug_aranges
                0x000008d8       0x38 Src\main.o
 .debug_aranges
                0x00000910       0x30 Src\spi.o
 .debug_aranges
                0x00000940       0x20 Src\stm32f4xx_hal_msp.o
 .debug_aranges
                0x00000960       0x48 Src\stm32f4xx_it.o
 .debug_aranges
                0x000009a8       0x28 Src\system_stm32f4xx.o
 .debug_aranges
                0x000009d0       0x28 startup\startup_stm32f446xx.o

.debug_ranges   0x00000000      0xdc8
 .debug_ranges  0x00000000       0xb0 Drivers\STM32F4xx_HAL_Driver\Src\stm32f4xx_hal.o
 .debug_ranges  0x000000b0       0xc8 Drivers\STM32F4xx_HAL_Driver\Src\stm32f4xx_hal_adc.o
 .debug_ranges  0x00000178       0x90 Drivers\STM32F4xx_HAL_Driver\Src\stm32f4xx_hal_can.o
 .debug_ranges  0x00000208      0x138 Drivers\STM32F4xx_HAL_Driver\Src\stm32f4xx_hal_cortex.o
 .debug_ranges  0x00000340       0x88 Drivers\STM32F4xx_HAL_Driver\Src\stm32f4xx_hal_dac.o
 .debug_ranges  0x000003c8       0x68 Drivers\STM32F4xx_HAL_Driver\Src\stm32f4xx_hal_gpio.o
 .debug_ranges  0x00000430      0x358 Drivers\STM32F4xx_HAL_Driver\Src\stm32f4xx_hal_i2c.o
 .debug_ranges  0x00000788       0xb0 Drivers\STM32F4xx_HAL_Driver\Src\stm32f4xx_hal_pwr_ex.o
 .debug_ranges  0x00000838       0xc8 Drivers\STM32F4xx_HAL_Driver\Src\stm32f4xx_hal_rcc.o
 .debug_ranges  0x00000900       0x78 Drivers\STM32F4xx_HAL_Driver\Src\stm32f4xx_hal_rcc_ex.o
 .debug_ranges  0x00000978      0x1d0 Drivers\STM32F4xx_HAL_Driver\Src\stm32f4xx_hal_spi.o
 .debug_ranges  0x00000b48       0x50 Src\adc.o
 .debug_ranges  0x00000b98       0x40 Src\can.o
 .debug_ranges  0x00000bd8       0x40 Src\dac.o
 .debug_ranges  0x00000c18       0x40 Src\gpio.o
 .debug_ranges  0x00000c58       0x20 Src\i2c.o
 .debug_ranges  0x00000c78       0x90 Src\main.o
 .debug_ranges  0x00000d08       0x40 Src\spi.o
 .debug_ranges  0x00000d48       0x10 Src\stm32f4xx_hal_msp.o
 .debug_ranges  0x00000d58       0x38 Src\stm32f4xx_it.o
 .debug_ranges  0x00000d90       0x18 Src\system_stm32f4xx.o
 .debug_ranges  0x00000da8       0x20 startup\startup_stm32f446xx.o

.debug_line     0x00000000     0x7601
 .debug_line    0x00000000      0x43b Drivers\STM32F4xx_HAL_Driver\Src\stm32f4xx_hal.o
 .debug_line    0x0000043b      0x760 Drivers\STM32F4xx_HAL_Driver\Src\stm32f4xx_hal_adc.o
 .debug_line    0x00000b9b      0x80f Drivers\STM32F4xx_HAL_Driver\Src\stm32f4xx_hal_can.o
 .debug_line    0x000013aa      0x4dc Drivers\STM32F4xx_HAL_Driver\Src\stm32f4xx_hal_cortex.o
 .debug_line    0x00001886      0x52e Drivers\STM32F4xx_HAL_Driver\Src\stm32f4xx_hal_dac.o
 .debug_line    0x00001db4      0x475 Drivers\STM32F4xx_HAL_Driver\Src\stm32f4xx_hal_gpio.o
 .debug_line    0x00002229     0x1887 Drivers\STM32F4xx_HAL_Driver\Src\stm32f4xx_hal_i2c.o
 .debug_line    0x00003ab0      0x3e7 Drivers\STM32F4xx_HAL_Driver\Src\stm32f4xx_hal_pwr_ex.o
 .debug_line    0x00003e97      0x57f Drivers\STM32F4xx_HAL_Driver\Src\stm32f4xx_hal_rcc.o
 .debug_line    0x00004416      0x6e1 Drivers\STM32F4xx_HAL_Driver\Src\stm32f4xx_hal_rcc_ex.o
 .debug_line    0x00004af7      0xbb2 Drivers\STM32F4xx_HAL_Driver\Src\stm32f4xx_hal_spi.o
 .debug_line    0x000056a9      0x396 Src\adc.o
 .debug_line    0x00005a3f      0x306 Src\can.o
 .debug_line    0x00005d45      0x308 Src\dac.o
 .debug_line    0x0000604d      0x290 Src\gpio.o
 .debug_line    0x000062dd      0x307 Src\i2c.o
 .debug_line    0x000065e4      0x4a3 Src\main.o
 .debug_line    0x00006a87      0x32c Src\spi.o
 .debug_line    0x00006db3      0x289 Src\stm32f4xx_hal_msp.o
 .debug_line    0x0000703c      0x2d1 Src\stm32f4xx_it.o
 .debug_line    0x0000730d      0x275 Src\system_stm32f4xx.o
 .debug_line    0x00007582       0x7f startup\startup_stm32f446xx.o

.debug_str      0x00000000     0x3dc5
 .debug_str     0x00000000      0xeb9 Drivers\STM32F4xx_HAL_Driver\Src\stm32f4xx_hal.o
                                0xf73 (size before relaxing)
 .debug_str     0x00000eb9      0x6c6 Drivers\STM32F4xx_HAL_Driver\Src\stm32f4xx_hal_adc.o
                                0xdc3 (size before relaxing)
 .debug_str     0x0000157f      0x4cf Drivers\STM32F4xx_HAL_Driver\Src\stm32f4xx_hal_can.o
                                0xc31 (size before relaxing)
 .debug_str     0x00001a4e      0x3c3 Drivers\STM32F4xx_HAL_Driver\Src\stm32f4xx_hal_cortex.o
                               0x10db (size before relaxing)
 .debug_str     0x00001e11      0x347 Drivers\STM32F4xx_HAL_Driver\Src\stm32f4xx_hal_dac.o
                                0xc52 (size before relaxing)
 .debug_str     0x00002158      0x1c1 Drivers\STM32F4xx_HAL_Driver\Src\stm32f4xx_hal_gpio.o
                                0x995 (size before relaxing)
 .debug_str     0x00002319      0xa67 Drivers\STM32F4xx_HAL_Driver\Src\stm32f4xx_hal_i2c.o
                               0x13bb (size before relaxing)
 .debug_str     0x00002d80      0x168 Drivers\STM32F4xx_HAL_Driver\Src\stm32f4xx_hal_pwr_ex.o
                                0x98c (size before relaxing)
 .debug_str     0x00002ee8      0x2b4 Drivers\STM32F4xx_HAL_Driver\Src\stm32f4xx_hal_rcc.o
                                0xb54 (size before relaxing)
 .debug_str     0x0000319c      0x2d9 Drivers\STM32F4xx_HAL_Driver\Src\stm32f4xx_hal_rcc_ex.o
                                0xbe3 (size before relaxing)
 .debug_str     0x00003475      0x67d Drivers\STM32F4xx_HAL_Driver\Src\stm32f4xx_hal_spi.o
                                0xffa (size before relaxing)
 .debug_str     0x00003af2       0x5f Src\adc.o
                                0xcb4 (size before relaxing)
 .debug_str     0x00003b51       0x2a Src\can.o
                                0xb5e (size before relaxing)
 .debug_str     0x00003b7b       0x23 Src\dac.o
                                0xc21 (size before relaxing)
 .debug_str     0x00003b9e       0x1b Src\gpio.o
                                0x82e (size before relaxing)
 .debug_str     0x00003bb9       0x2a Src\i2c.o
                                0xd4e (size before relaxing)
 .debug_str     0x00003be3       0xc5 Src\main.o
                               0x1bc0 (size before relaxing)
 .debug_str     0x00003ca8       0x17 Src\spi.o
                                0xc92 (size before relaxing)
 .debug_str     0x00003cbf       0x1b Src\stm32f4xx_hal_msp.o
                                0xbb6 (size before relaxing)
 .debug_str     0x00003cda       0xa6 Src\stm32f4xx_it.o
                                0x6f7 (size before relaxing)
 .debug_str     0x00003d80       0x45 Src\system_stm32f4xx.o
                                0x7f9 (size before relaxing)

.comment        0x00000000       0x7c
 .comment       0x00000000       0x7c Drivers\STM32F4xx_HAL_Driver\Src\stm32f4xx_hal.o
                                 0x7d (size before relaxing)
 .comment       0x0000007c       0x7d Drivers\STM32F4xx_HAL_Driver\Src\stm32f4xx_hal_adc.o
 .comment       0x0000007c       0x7d Drivers\STM32F4xx_HAL_Driver\Src\stm32f4xx_hal_can.o
 .comment       0x0000007c       0x7d Drivers\STM32F4xx_HAL_Driver\Src\stm32f4xx_hal_cortex.o
 .comment       0x0000007c       0x7d Drivers\STM32F4xx_HAL_Driver\Src\stm32f4xx_hal_dac.o
 .comment       0x0000007c       0x7d Drivers\STM32F4xx_HAL_Driver\Src\stm32f4xx_hal_gpio.o
 .comment       0x0000007c       0x7d Drivers\STM32F4xx_HAL_Driver\Src\stm32f4xx_hal_i2c.o
 .comment       0x0000007c       0x7d Drivers\STM32F4xx_HAL_Driver\Src\stm32f4xx_hal_pwr_ex.o
 .comment       0x0000007c       0x7d Drivers\STM32F4xx_HAL_Driver\Src\stm32f4xx_hal_rcc.o
 .comment       0x0000007c       0x7d Drivers\STM32F4xx_HAL_Driver\Src\stm32f4xx_hal_rcc_ex.o
 .comment       0x0000007c       0x7d Drivers\STM32F4xx_HAL_Driver\Src\stm32f4xx_hal_spi.o
 .comment       0x0000007c       0x7d Src\adc.o
 .comment       0x0000007c       0x7d Src\can.o
 .comment       0x0000007c       0x7d Src\dac.o
 .comment       0x0000007c       0x7d Src\gpio.o
 .comment       0x0000007c       0x7d Src\i2c.o
 .comment       0x0000007c       0x7d Src\main.o
 .comment       0x0000007c       0x7d Src\spi.o
 .comment       0x0000007c       0x7d Src\stm32f4xx_hal_msp.o
 .comment       0x0000007c       0x7d Src\stm32f4xx_it.o
 .comment       0x0000007c       0x7d Src\system_stm32f4xx.o

.debug_frame    0x00000000     0x1cd8
 .debug_frame   0x00000000      0x194 Drivers\STM32F4xx_HAL_Driver\Src\stm32f4xx_hal.o
 .debug_frame   0x00000194      0x244 Drivers\STM32F4xx_HAL_Driver\Src\stm32f4xx_hal_adc.o
 .debug_frame   0x000003d8      0x1bc Drivers\STM32F4xx_HAL_Driver\Src\stm32f4xx_hal_can.o
 .debug_frame   0x00000594      0x158 Drivers\STM32F4xx_HAL_Driver\Src\stm32f4xx_hal_cortex.o
 .debug_frame   0x000006ec      0x1dc Drivers\STM32F4xx_HAL_Driver\Src\stm32f4xx_hal_dac.o
 .debug_frame   0x000008c8       0xd8 Drivers\STM32F4xx_HAL_Driver\Src\stm32f4xx_hal_gpio.o
 .debug_frame   0x000009a0      0x684 Drivers\STM32F4xx_HAL_Driver\Src\stm32f4xx_hal_i2c.o
 .debug_frame   0x00001024       0xf4 Drivers\STM32F4xx_HAL_Driver\Src\stm32f4xx_hal_pwr_ex.o
 .debug_frame   0x00001118      0x138 Drivers\STM32F4xx_HAL_Driver\Src\stm32f4xx_hal_rcc.o
 .debug_frame   0x00001250       0xd4 Drivers\STM32F4xx_HAL_Driver\Src\stm32f4xx_hal_rcc_ex.o
 .debug_frame   0x00001324      0x560 Drivers\STM32F4xx_HAL_Driver\Src\stm32f4xx_hal_spi.o
 .debug_frame   0x00001884       0x8c Src\adc.o
 .debug_frame   0x00001910       0x58 Src\can.o
 .debug_frame   0x00001968       0x50 Src\dac.o
 .debug_frame   0x000019b8       0x34 Src\gpio.o
 .debug_frame   0x000019ec       0x58 Src\i2c.o
 .debug_frame   0x00001a44       0x84 Src\main.o
 .debug_frame   0x00001ac8       0x74 Src\spi.o
 .debug_frame   0x00001b3c       0x2c Src\stm32f4xx_hal_msp.o
 .debug_frame   0x00001b68       0xac Src\stm32f4xx_it.o
 .debug_frame   0x00001c14       0x38 Src\system_stm32f4xx.o
 .debug_frame   0x00001c4c       0x2c c:/program files (x86)/atollic/truestudio for stm32 9.0.1/armtools/bin/../lib/gcc/arm-atollic-eabi/6.3.1/../../../../arm-atollic-eabi/lib/armv7e-m/fpu\libc_nano.a(lib_a-init.o)
 .debug_frame   0x00001c78       0x2c c:/program files (x86)/atollic/truestudio for stm32 9.0.1/armtools/bin/../lib/gcc/arm-atollic-eabi/6.3.1/armv7e-m/fpu\libgcc.a(_aeabi_uldivmod.o)
 .debug_frame   0x00001ca4       0x34 c:/program files (x86)/atollic/truestudio for stm32 9.0.1/armtools/bin/../lib/gcc/arm-atollic-eabi/6.3.1/armv7e-m/fpu\libgcc.a(_udivmoddi4.o)
