stm32f4xx_hal.c:233:13:HAL_MspInit	0	static
stm32f4xx_hal.c:244:13:HAL_MspDeInit	0	static
stm32f4xx_hal.c:204:19:HAL_DeInit	8	static
stm32f4xx_hal.c:267:26:HAL_InitTick	8	static
stm32f4xx_hal.c:171:19:HAL_Init	8	static
stm32f4xx_hal.c:315:13:HAL_IncTick	0	static
stm32f4xx_hal.c:326:17:HAL_GetTick	0	static
stm32f4xx_hal.c:342:13:HAL_Delay	24	static
stm32f4xx_hal.c:368:13:HAL_SuspendTick	0	static
stm32f4xx_hal.c:384:13:HAL_ResumeTick	0	static
stm32f4xx_hal.c:394:10:HAL_GetHalVersion	0	static
stm32f4xx_hal.c:403:10:HAL_GetREVID	0	static
stm32f4xx_hal.c:412:10:HAL_GetDEVID	0	static
stm32f4xx_hal.c:421:6:HAL_DBGMCU_EnableDBGSleepMode	0	static
stm32f4xx_hal.c:430:6:HAL_DBGMCU_DisableDBGSleepMode	0	static
stm32f4xx_hal.c:439:6:HAL_DBGMCU_EnableDBGStopMode	0	static
stm32f4xx_hal.c:448:6:HAL_DBGMCU_DisableDBGStopMode	0	static
stm32f4xx_hal.c:457:6:HAL_DBGMCU_EnableDBGStandbyMode	0	static
stm32f4xx_hal.c:466:6:HAL_DBGMCU_DisableDBGStandbyMode	0	static
stm32f4xx_hal.c:477:6:HAL_EnableCompensationCell	0	static
stm32f4xx_hal.c:488:6:HAL_DisableCompensationCell	0	static
stm32f4xx_hal.c:498:6:HAL_GetUID	0	static
