stm32f4xx_hal_rcc_ex.c:105:19:HAL_RCCEx_PeriphCLKConfig	40	static
stm32f4xx_hal_rcc_ex.c:507:6:HAL_RCCEx_GetPeriphCLKConfig	0	static
stm32f4xx_hal_rcc_ex.c:587:10:HAL_RCCEx_GetPeriphCLKFreq	0	static
stm32f4xx_hal_rcc_ex.c:2772:6:HAL_RCCEx_SelectLSEMode	0	static
stm32f4xx_hal_rcc_ex.c:2822:10:HAL_RCC_GetSysClockFreq	8	static
stm32f4xx_hal_rcc_ex.c:2914:19:HAL_RCC_DeInit	16	static
stm32f4xx_hal_rcc_ex.c:3082:19:HAL_RCC_OscConfig	32	static
stm32f4xx_hal_rcc_ex.c:3403:6:HAL_RCC_GetOscConfig	0	static
