stm32f4xx_hal_dac.c:303:13:HAL_DAC_MspInit	0	static
stm32f4xx_hal_dac.c:230:19:HAL_DAC_Init	8	static
stm32f4xx_hal_dac.c:318:13:HAL_DAC_MspDeInit	0	static
stm32f4xx_hal_dac.c:267:19:HAL_DAC_DeInit	8	static
stm32f4xx_hal_dac.c:359:19:HAL_DAC_Start	8	static
stm32f4xx_hal_dac.c:418:19:HAL_DAC_Stop	8	static
stm32f4xx_hal_dac.c:450:19:HAL_DAC_Start_DMA	24	static
stm32f4xx_hal_dac.c:569:19:HAL_DAC_Stop_DMA	8	static
stm32f4xx_hal_dac.c:619:10:HAL_DAC_GetValue	0	static
stm32f4xx_hal_dac.c:687:13:HAL_DAC_ConvCpltCallbackCh1	0	static
stm32f4xx_hal_dac.c:907:13:DAC_DMAConvCpltCh1	8	static
stm32f4xx_hal_dac.c:702:13:HAL_DAC_ConvHalfCpltCallbackCh1	0	static
stm32f4xx_hal_dac.c:922:13:DAC_DMAHalfConvCpltCh1	8	static
stm32f4xx_hal_dac.c:717:13:HAL_DAC_ErrorCallbackCh1	0	static
stm32f4xx_hal_dac.c:935:13:DAC_DMAErrorCh1	8	static
stm32f4xx_hal_dac.c:732:13:HAL_DAC_DMAUnderrunCallbackCh1	0	static
stm32f4xx_hal_dac.c:641:6:HAL_DAC_IRQHandler	8	static
stm32f4xx_hal_dac.c:771:19:HAL_DAC_ConfigChannel	12	static
stm32f4xx_hal_dac.c:827:19:HAL_DAC_SetValue	16	static
stm32f4xx_hal_dac.c:879:22:HAL_DAC_GetState	0	static
stm32f4xx_hal_dac.c:892:10:HAL_DAC_GetError	0	static
