stm32f4xx_hal_dac_ex.c:108:10:HAL_DACEx_DualGetValue	0	static
stm32f4xx_hal_dac_ex.c:143:19:HAL_DACEx_TriangleWaveGenerate	12	static
stm32f4xx_hal_dac_ex.c:191:19:HAL_DACEx_NoiseWaveGenerate	12	static
stm32f4xx_hal_dac_ex.c:231:19:HAL_DACEx_DualSetValue	0	static
stm32f4xx_hal_dac_ex.c:270:13:HAL_DACEx_ConvCpltCallbackCh2	0	static
stm32f4xx_hal_dac_ex.c:285:13:HAL_DACEx_ConvHalfCpltCallbackCh2	0	static
stm32f4xx_hal_dac_ex.c:300:13:HAL_DACEx_ErrorCallbackCh2	0	static
stm32f4xx_hal_dac_ex.c:315:13:HAL_DACEx_DMAUnderrunCallbackCh2	0	static
stm32f4xx_hal_dac_ex.c:330:6:DAC_DMAConvCpltCh2	8	static
stm32f4xx_hal_dac_ex.c:345:6:DAC_DMAHalfConvCpltCh2	8	static
stm32f4xx_hal_dac_ex.c:358:6:DAC_DMAErrorCh2	8	static
