stm32f4xx_hal_can.c:356:19:HAL_CAN_ConfigFilter	12	static
stm32f4xx_hal_can.c:510:13:HAL_CAN_MspInit	0	static
stm32f4xx_hal_can.c:173:19:HAL_CAN_Init	16	static
stm32f4xx_hal_can.c:525:13:HAL_CAN_MspDeInit	0	static
stm32f4xx_hal_can.c:477:19:HAL_CAN_DeInit	8	static
stm32f4xx_hal_can.c:562:19:HAL_CAN_Transmit	32	static
stm32f4xx_hal_can.c:704:19:HAL_CAN_Transmit_IT	20	static
stm32f4xx_hal_can.c:820:19:HAL_CAN_Receive	24	static
stm32f4xx_hal_can.c:1008:19:HAL_CAN_Receive_IT	8	static
stm32f4xx_hal_can.c:1112:19:HAL_CAN_Sleep	16	static
stm32f4xx_hal_can.c:1167:19:HAL_CAN_WakeUp	16	static
stm32f4xx_hal_can.c:1410:13:HAL_CAN_TxCpltCallback	0	static
stm32f4xx_hal_can.c:1425:13:HAL_CAN_RxCpltCallback	0	static
stm32f4xx_hal_can.c:1548:26:CAN_Receive_IT	16	static
stm32f4xx_hal_can.c:1440:13:HAL_CAN_ErrorCallback	0	static
stm32f4xx_hal_can.c:1219:6:HAL_CAN_IRQHandler	16	static
stm32f4xx_hal_can.c:1475:22:HAL_CAN_GetState	0	static
stm32f4xx_hal_can.c:1487:10:HAL_CAN_GetError	0	static
