Archive member included to satisfy reference by file (symbol)

c:/program files (x86)/atollic/truestudio for stm32 9.0.1/armtools/bin/../lib/gcc/arm-atollic-eabi/6.3.1/../../../../arm-atollic-eabi/lib/armv7e-m/fpu\libc_nano.a(lib_a-init.o)
                              startup\startup_stm32f446xx.o (__libc_init_array)
c:/program files (x86)/atollic/truestudio for stm32 9.0.1/armtools/bin/../lib/gcc/arm-atollic-eabi/6.3.1/armv7e-m/fpu\libgcc.a(_aeabi_uldivmod.o)
                              Drivers\STM32F4xx_HAL_Driver\Src\stm32f4xx_hal_rcc.o (__aeabi_uldivmod)
c:/program files (x86)/atollic/truestudio for stm32 9.0.1/armtools/bin/../lib/gcc/arm-atollic-eabi/6.3.1/armv7e-m/fpu\libgcc.a(_udivmoddi4.o)
                              c:/program files (x86)/atollic/truestudio for stm32 9.0.1/armtools/bin/../lib/gcc/arm-atollic-eabi/6.3.1/armv7e-m/fpu\libgcc.a(_aeabi_uldivmod.o) (__udivmoddi4)
c:/program files (x86)/atollic/truestudio for stm32 9.0.1/armtools/bin/../lib/gcc/arm-atollic-eabi/6.3.1/armv7e-m/fpu\libgcc.a(_dvmd_tls.o)
                              c:/program files (x86)/atollic/truestudio for stm32 9.0.1/armtools/bin/../lib/gcc/arm-atollic-eabi/6.3.1/armv7e-m/fpu\libgcc.a(_aeabi_uldivmod.o) (__aeabi_ldiv0)

Allocating common symbols
Common symbol       size              file

hi2c1               0x54              Src\i2c.o
uwTick              0x4               Drivers\STM32F4xx_HAL_Driver\Src\stm32f4xx_hal.o
pFlash              0x20              Drivers\STM32F4xx_HAL_Driver\Src\stm32f4xx_hal_flash.o
hadc1               0x48              Src\adc.o
hdac                0x14              Src\dac.o
htim1               0x3c              Src\tim.o
hspi1               0x58              Src\spi.o
hcan1               0x44              Src\can.o

Discarded input sections

 .text          0x00000000        0x0 c:/program files (x86)/atollic/truestudio for stm32 9.0.1/armtools/bin/../lib/gcc/arm-atollic-eabi/6.3.1/armv7e-m/fpu/crti.o
 .data          0x00000000        0x0 c:/program files (x86)/atollic/truestudio for stm32 9.0.1/armtools/bin/../lib/gcc/arm-atollic-eabi/6.3.1/armv7e-m/fpu/crti.o
 .bss           0x00000000        0x0 c:/program files (x86)/atollic/truestudio for stm32 9.0.1/armtools/bin/../lib/gcc/arm-atollic-eabi/6.3.1/armv7e-m/fpu/crti.o
 .data          0x00000000        0x4 c:/program files (x86)/atollic/truestudio for stm32 9.0.1/armtools/bin/../lib/gcc/arm-atollic-eabi/6.3.1/armv7e-m/fpu/crtbegin.o
 .text          0x00000000        0x0 Drivers\STM32F4xx_HAL_Driver\Src\stm32f4xx_hal.o
 .data          0x00000000        0x0 Drivers\STM32F4xx_HAL_Driver\Src\stm32f4xx_hal.o
 .bss           0x00000000        0x0 Drivers\STM32F4xx_HAL_Driver\Src\stm32f4xx_hal.o
 .text.HAL_DeInit
                0x00000000       0x58 Drivers\STM32F4xx_HAL_Driver\Src\stm32f4xx_hal.o
 .text.HAL_MspInit
                0x00000000        0xe Drivers\STM32F4xx_HAL_Driver\Src\stm32f4xx_hal.o
 .text.HAL_MspDeInit
                0x00000000        0xe Drivers\STM32F4xx_HAL_Driver\Src\stm32f4xx_hal.o
 .text.HAL_SuspendTick
                0x00000000       0x20 Drivers\STM32F4xx_HAL_Driver\Src\stm32f4xx_hal.o
 .text.HAL_ResumeTick
                0x00000000       0x20 Drivers\STM32F4xx_HAL_Driver\Src\stm32f4xx_hal.o
 .text.HAL_GetHalVersion
                0x00000000       0x14 Drivers\STM32F4xx_HAL_Driver\Src\stm32f4xx_hal.o
 .text.HAL_GetREVID
                0x00000000       0x18 Drivers\STM32F4xx_HAL_Driver\Src\stm32f4xx_hal.o
 .text.HAL_GetDEVID
                0x00000000       0x1c Drivers\STM32F4xx_HAL_Driver\Src\stm32f4xx_hal.o
 .text.HAL_DBGMCU_EnableDBGSleepMode
                0x00000000       0x20 Drivers\STM32F4xx_HAL_Driver\Src\stm32f4xx_hal.o
 .text.HAL_DBGMCU_DisableDBGSleepMode
                0x00000000       0x20 Drivers\STM32F4xx_HAL_Driver\Src\stm32f4xx_hal.o
 .text.HAL_DBGMCU_EnableDBGStopMode
                0x00000000       0x20 Drivers\STM32F4xx_HAL_Driver\Src\stm32f4xx_hal.o
 .text.HAL_DBGMCU_DisableDBGStopMode
                0x00000000       0x20 Drivers\STM32F4xx_HAL_Driver\Src\stm32f4xx_hal.o
 .text.HAL_DBGMCU_EnableDBGStandbyMode
                0x00000000       0x20 Drivers\STM32F4xx_HAL_Driver\Src\stm32f4xx_hal.o
 .text.HAL_DBGMCU_DisableDBGStandbyMode
                0x00000000       0x20 Drivers\STM32F4xx_HAL_Driver\Src\stm32f4xx_hal.o
 .text.HAL_EnableCompensationCell
                0x00000000       0x18 Drivers\STM32F4xx_HAL_Driver\Src\stm32f4xx_hal.o
 .text.HAL_DisableCompensationCell
                0x00000000       0x18 Drivers\STM32F4xx_HAL_Driver\Src\stm32f4xx_hal.o
 .text.HAL_GetUID
                0x00000000       0x3c Drivers\STM32F4xx_HAL_Driver\Src\stm32f4xx_hal.o
 .text          0x00000000        0x0 Drivers\STM32F4xx_HAL_Driver\Src\stm32f4xx_hal_adc.o
 .data          0x00000000        0x0 Drivers\STM32F4xx_HAL_Driver\Src\stm32f4xx_hal_adc.o
[...]
Memory Configuration

Name             Origin             Length             Attributes
RAM              0x20000000         0x00020000         xrw
FLASH            0x08000000         0x00080000         xr
*default*        0x00000000         0xffffffff

Linker script and memory map

LOAD c:/program files (x86)/atollic/truestudio for stm32 9.0.1/armtools/bin/../lib/gcc/arm-atollic-eabi/6.3.1/armv7e-m/fpu/crti.o
LOAD c:/program files (x86)/atollic/truestudio for stm32 9.0.1/armtools/bin/../lib/gcc/arm-atollic-eabi/6.3.1/armv7e-m/fpu/crtbegin.o
LOAD Drivers\STM32F4xx_HAL_Driver\Src\stm32f4xx_hal.o
LOAD Drivers\STM32F4xx_HAL_Driver\Src\stm32f4xx_hal_adc.o
LOAD Drivers\STM32F4xx_HAL_Driver\Src\stm32f4xx_hal_adc_ex.o
LOAD Drivers\STM32F4xx_HAL_Driver\Src\stm32f4xx_hal_can.o
LOAD Drivers\STM32F4xx_HAL_Driver\Src\stm32f4xx_hal_cortex.o
LOAD Drivers\STM32F4xx_HAL_Driver\Src\stm32f4xx_hal_dac.o
LOAD Drivers\STM32F4xx_HAL_Driver\Src\stm32f4xx_hal_dac_ex.o
LOAD Drivers\STM32F4xx_HAL_Driver\Src\stm32f4xx_hal_dma.o
LOAD Drivers\STM32F4xx_HAL_Driver\Src\stm32f4xx_hal_dma_ex.o
LOAD Drivers\STM32F4xx_HAL_Driver\Src\stm32f4xx_hal_flash.o
LOAD Drivers\STM32F4xx_HAL_Driver\Src\stm32f4xx_hal_flash_ex.o
LOAD Drivers\STM32F4xx_HAL_Driver\Src\stm32f4xx_hal_flash_ramfunc.o
LOAD Drivers\STM32F4xx_HAL_Driver\Src\stm32f4xx_hal_gpio.o
LOAD Drivers\STM32F4xx_HAL_Driver\Src\stm32f4xx_hal_i2c.o
LOAD Drivers\STM32F4xx_HAL_Driver\Src\stm32f4xx_hal_i2c_ex.o
LOAD Drivers\STM32F4xx_HAL_Driver\Src\stm32f4xx_hal_pwr.o
LOAD Drivers\STM32F4xx_HAL_Driver\Src\stm32f4xx_hal_pwr_ex.o
LOAD Drivers\STM32F4xx_HAL_Driver\Src\stm32f4xx_hal_rcc.o
LOAD Drivers\STM32F4xx_HAL_Driver\Src\stm32f4xx_hal_rcc_ex.o
LOAD Drivers\STM32F4xx_HAL_Driver\Src\stm32f4xx_hal_spi.o
LOAD Drivers\STM32F4xx_HAL_Driver\Src\stm32f4xx_hal_tim.o
LOAD Drivers\STM32F4xx_HAL_Driver\Src\stm32f4xx_hal_tim_ex.o
LOAD Src\adc.o
LOAD Src\can.o
LOAD Src\dac.o
LOAD Src\gpio.o
LOAD Src\i2c.o
LOAD Src\main.o
LOAD Src\spi.o
LOAD Src\stm32f4xx_hal_msp.o
LOAD Src\stm32f4xx_it.o
LOAD Src\system_stm32f4xx.o
LOAD Src\tim.o
LOAD startup\startup_stm32f446xx.o
                0x00000080                malloc_getpagesize_P = 0x80
START GROUP
LOAD c:/program files (x86)/atollic/truestudio for stm32 9.0.1/armtools/bin/../lib/gcc/arm-atollic-eabi/6.3.1/../../../../arm-atollic-eabi/lib/armv7e-m/fpu\libc_nano.a
LOAD c:/program files (x86)/atollic/truestudio for stm32 9.0.1/armtools/bin/../lib/gcc/arm-atollic-eabi/6.3.1/../../../../arm-atollic-eabi/lib/armv7e-m/fpu\libm.a
END GROUP
START GROUP
LOAD c:/program files (x86)/atollic/truestudio for stm32 9.0.1/armtools/bin/../lib/gcc/arm-atollic-eabi/6.3.1/armv7e-m/fpu\libgcc.a
LOAD c:/program files (x86)/atollic/truestudio for stm32 9.0.1/armtools/bin/../lib/gcc/arm-atollic-eabi/6.3.1/../../../../arm-atollic-eabi/lib/armv7e-m/fpu\libc_nano.a
END GROUP
START GROUP
LOAD c:/program files (x86)/atollic/truestudio for stm32 9.0.1/armtools/bin/../lib/gcc/arm-atollic-eabi/6.3.1/armv7e-m/fpu\libgcc.a
LOAD c:/program files (x86)/atollic/truestudio for stm32 9.0.1/armtools/bin/../lib/gcc/arm-atollic-eabi/6.3.1/../../../../arm-atollic-eabi/lib/armv7e-m/fpu\libc_nano.a
LOAD c:/program files (x86)/atollic/truestudio for stm32 9.0.1/armtools/bin/../lib/gcc/arm-atollic-eabi/6.3.1/../../../../arm-atollic-eabi/lib/armv7e-m/fpu\libnosys.a
END GROUP
START GROUP
LOAD c:/program files (x86)/atollic/truestudio for stm32 9.0.1/armtools/bin/../lib/gcc/arm-atollic-eabi/6.3.1/armv7e-m/fpu\libgcc.a
LOAD c:/program files (x86)/atollic/truestudio for stm32 9.0.1/armtools/bin/../lib/gcc/arm-atollic-eabi/6.3.1/../../../../arm-atollic-eabi/lib/armv7e-m/fpu\libc_nano.a
LOAD c:/program files (x86)/atollic/truestudio for stm32 9.0.1/armtools/bin/../lib/gcc/arm-atollic-eabi/6.3.1/../../../../arm-atollic-eabi/lib/armv7e-m/fpu\libnosys.a
END GROUP
LOAD c:/program files (x86)/atollic/truestudio for stm32 9.0.1/armtools/bin/../lib/gcc/arm-atollic-eabi/6.3.1/armv7e-m/fpu/crtend.o
LOAD c:/program files (x86)/atollic/truestudio for stm32 9.0.1/armtools/bin/../lib/gcc/arm-atollic-eabi/6.3.1/armv7e-m/fpu/crtn.o
                0x20020000                _estack = 0x20020000
                0x00000200                _Min_Heap_Size = 0x200
                0x00000400                _Min_Stack_Size = 0x400

.isr_vector     0x08000000      0x1c4
                0x08000000                . = ALIGN (0x4)
 *(.isr_vector)
 .isr_vector    0x08000000      0x1c4 startup\startup_stm32f446xx.o
                0x08000000                g_pfnVectors
                0x080001c4                . = ALIGN (0x4)

.text           0x080001c4     0x32d4
                0x080001c4                . = ALIGN (0x4)
 *(.text)
 .text          0x080001c4       0x40 c:/program files (x86)/atollic/truestudio for stm32 9.0.1/armtools/bin/../lib/gcc/arm-atollic-eabi/6.3.1/armv7e-m/fpu/crtbegin.o
 .text          0x08000204       0x30 c:/program files (x86)/atollic/truestudio for stm32 9.0.1/armtools/bin/../lib/gcc/arm-atollic-eabi/6.3.1/armv7e-m/fpu\libgcc.a(_aeabi_uldivmod.o)
                0x08000204                __aeabi_uldivmod
 .text          0x08000234      0x2dc c:/program files (x86)/atollic/truestudio for stm32 9.0.1/armtools/bin/../lib/gcc/arm-atollic-eabi/6.3.1/armv7e-m/fpu\libgcc.a(_udivmoddi4.o)
                0x08000234                __udivmoddi4
 .text          0x08000510        0x4 c:/program files (x86)/atollic/truestudio for stm32 9.0.1/armtools/bin/../lib/gcc/arm-atollic-eabi/6.3.1/armv7e-m/fpu\libgcc.a(_dvmd_tls.o)
                0x08000510                __aeabi_idiv0
                0x08000510                __aeabi_ldiv0
 *(.text*)
 .text.HAL_Init
                0x08000514       0x44 Drivers\STM32F4xx_HAL_Driver\Src\stm32f4xx_hal.o
                0x08000514                HAL_Init
 .text.HAL_InitTick
                0x08000558       0x38 Drivers\STM32F4xx_HAL_Driver\Src\stm32f4xx_hal.o
                0x08000558                HAL_InitTick
 .text.HAL_IncTick
                0x08000590       0x1c Drivers\STM32F4xx_HAL_Driver\Src\stm32f4xx_hal.o
                0x08000590                HAL_IncTick
 .text.HAL_GetTick
                0x080005ac       0x18 Drivers\STM32F4xx_HAL_Driver\Src\stm32f4xx_hal.o
                0x080005ac                HAL_GetTick
 .text.HAL_Delay
                0x080005c4       0x3a Drivers\STM32F4xx_HAL_Driver\Src\stm32f4xx_hal.o
                0x080005c4                HAL_Delay
 .text.HAL_ADC_Init
                0x080005fe       0x86 Drivers\STM32F4xx_HAL_Driver\Src\stm32f4xx_hal_adc.o
                0x080005fe                HAL_ADC_Init
 .text.HAL_ADC_Start
                0x08000684      0x14c Drivers\STM32F4xx_HAL_Driver\Src\stm32f4xx_hal_adc.o
                0x08000684                HAL_ADC_Start
 .text.HAL_ADC_Stop
                0x080007d0       0x66 Drivers\STM32F4xx_HAL_Driver\Src\stm32f4xx_hal_adc.o
                0x080007d0                HAL_ADC_Stop
 .text.HAL_ADC_PollForConversion
                0x08000836      0x104 Drivers\STM32F4xx_HAL_Driver\Src\stm32f4xx_hal_adc.o
                0x08000836                HAL_ADC_PollForConversion
 .text.HAL_ADC_GetValue
                0x0800093a       0x1a Drivers\STM32F4xx_HAL_Driver\Src\stm32f4xx_hal_adc.o
                0x0800093a                HAL_ADC_GetValue
 .text.HAL_ADC_ConfigChannel
                0x08000954      0x250 Drivers\STM32F4xx_HAL_Driver\Src\stm32f4xx_hal_adc.o
                0x08000954                HAL_ADC_ConfigChannel
 .text.ADC_Init
                0x08000ba4      0x1f4 Drivers\STM32F4xx_HAL_Driver\Src\stm32f4xx_hal_adc.o
 .text.HAL_CAN_Init
                0x08000d98      0x248 Drivers\STM32F4xx_HAL_Driver\Src\stm32f4xx_hal_can.o
                0x08000d98                HAL_CAN_Init
 .text.NVIC_SetPriorityGrouping
                0x08000fe0       0x48 Drivers\STM32F4xx_HAL_Driver\Src\stm32f4xx_hal_cortex.o
 .text.NVIC_GetPriorityGrouping
                0x08001028       0x1c Drivers\STM32F4xx_HAL_Driver\Src\stm32f4xx_hal_cortex.o
 .text.NVIC_SetPriority
                0x08001044       0x54 Drivers\STM32F4xx_HAL_Driver\Src\stm32f4xx_hal_cortex.o
 .text.NVIC_EncodePriority
                0x08001098       0x62 Drivers\STM32F4xx_HAL_Driver\Src\stm32f4xx_hal_cortex.o
 *fill*         0x080010fa        0x2 
 .text.SysTick_Config
                0x080010fc       0x44 Drivers\STM32F4xx_HAL_Driver\Src\stm32f4xx_hal_cortex.o
 .text.HAL_NVIC_SetPriorityGrouping
                0x08001140       0x16 Drivers\STM32F4xx_HAL_Driver\Src\stm32f4xx_hal_cortex.o
                0x08001140                HAL_NVIC_SetPriorityGrouping
 .text.HAL_NVIC_SetPriority
                0x08001156       0x38 Drivers\STM32F4xx_HAL_Driver\Src\stm32f4xx_hal_cortex.o
                0x08001156                HAL_NVIC_SetPriority
 .text.HAL_SYSTICK_Config
                0x0800118e       0x18 Drivers\STM32F4xx_HAL_Driver\Src\stm32f4xx_hal_cortex.o
                0x0800118e                HAL_SYSTICK_Config
 *fill*         0x080011a6        0x2 
 .text.HAL_SYSTICK_CLKSourceConfig
                0x080011a8       0x38 Drivers\STM32F4xx_HAL_Driver\Src\stm32f4xx_hal_cortex.o
                0x080011a8                HAL_SYSTICK_CLKSourceConfig
 .text.HAL_SYSTICK_IRQHandler
                0x080011e0        0xc Drivers\STM32F4xx_HAL_Driver\Src\stm32f4xx_hal_cortex.o
                0x080011e0                HAL_SYSTICK_IRQHandler
 .text.HAL_SYSTICK_Callback
                0x080011ec        0xe Drivers\STM32F4xx_HAL_Driver\Src\stm32f4xx_hal_cortex.o
                0x080011ec                HAL_SYSTICK_Callback
 .text.HAL_DAC_Init
                0x080011fa       0x44 Drivers\STM32F4xx_HAL_Driver\Src\stm32f4xx_hal_dac.o
                0x080011fa                HAL_DAC_Init
 .text.HAL_DAC_ConfigChannel
                0x0800123e       0x9a Drivers\STM32F4xx_HAL_Driver\Src\stm32f4xx_hal_dac.o
                0x0800123e                HAL_DAC_ConfigChannel
 .text.HAL_GPIO_Init
                0x080012d8      0x324 Drivers\STM32F4xx_HAL_Driver\Src\stm32f4xx_hal_gpio.o
                0x080012d8                HAL_GPIO_Init
 .text.HAL_I2C_Init
                0x080015fc      0x1c0 Drivers\STM32F4xx_HAL_Driver\Src\stm32f4xx_hal_i2c.o
                0x080015fc                HAL_I2C_Init
 .text.HAL_PWREx_EnableOverDrive
                0x080017bc       0xa0 Drivers\STM32F4xx_HAL_Driver\Src\stm32f4xx_hal_pwr_ex.o
                0x080017bc                HAL_PWREx_EnableOverDrive
 .text.HAL_RCC_ClockConfig
                0x0800185c      0x1c4 Drivers\STM32F4xx_HAL_Driver\Src\stm32f4xx_hal_rcc.o
                0x0800185c                HAL_RCC_ClockConfig
 .text.HAL_RCC_GetHCLKFreq
                0x08001a20       0x18 Drivers\STM32F4xx_HAL_Driver\Src\stm32f4xx_hal_rcc.o
                0x08001a20                HAL_RCC_GetHCLKFreq
 .text.HAL_RCC_GetPCLK1Freq
                0x08001a38       0x28 Drivers\STM32F4xx_HAL_Driver\Src\stm32f4xx_hal_rcc.o
                0x08001a38                HAL_RCC_GetPCLK1Freq
 .text.HAL_RCC_GetSysClockFreq
                0x08001a60      0x36c Drivers\STM32F4xx_HAL_Driver\Src\stm32f4xx_hal_rcc_ex.o
                0x08001a60                HAL_RCC_GetSysClockFreq
 .text.HAL_RCC_OscConfig
                0x08001dcc      0x480 Drivers\STM32F4xx_HAL_Driver\Src\stm32f4xx_hal_rcc_ex.o
                0x08001dcc                HAL_RCC_OscConfig
 .text.HAL_SPI_Init
                0x0800224c       0xc6 Drivers\STM32F4xx_HAL_Driver\Src\stm32f4xx_hal_spi.o
                0x0800224c                HAL_SPI_Init
 .text.HAL_TIM_OC_Init
                0x08002312       0x56 Drivers\STM32F4xx_HAL_Driver\Src\stm32f4xx_hal_tim.o
                0x08002312                HAL_TIM_OC_Init
 .text.HAL_TIM_OC_ConfigChannel
                0x08002368       0xc0 Drivers\STM32F4xx_HAL_Driver\Src\stm32f4xx_hal_tim.o
                0x08002368                HAL_TIM_OC_ConfigChannel
 .text.TIM_Base_SetConfig
                0x08002428      0x154 Drivers\STM32F4xx_HAL_Driver\Src\stm32f4xx_hal_tim.o
                0x08002428                TIM_Base_SetConfig
 .text.TIM_OC2_SetConfig
                0x0800257c       0xf0 Drivers\STM32F4xx_HAL_Driver\Src\stm32f4xx_hal_tim.o
                0x0800257c                TIM_OC2_SetConfig
 .text.TIM_OC1_SetConfig
                0x0800266c       0xe8 Drivers\STM32F4xx_HAL_Driver\Src\stm32f4xx_hal_tim.o
 .text.TIM_OC3_SetConfig
                0x08002754       0xf0 Drivers\STM32F4xx_HAL_Driver\Src\stm32f4xx_hal_tim.o
 .text.TIM_OC4_SetConfig
                0x08002844       0xc0 Drivers\STM32F4xx_HAL_Driver\Src\stm32f4xx_hal_tim.o
 .text.HAL_TIMEx_MasterConfigSynchronization
                0x08002904       0x8a Drivers\STM32F4xx_HAL_Driver\Src\stm32f4xx_hal_tim_ex.o
                0x08002904                HAL_TIMEx_MasterConfigSynchronization
 .text.HAL_TIMEx_ConfigBreakDeadTime
                0x0800298e       0xb2 Drivers\STM32F4xx_HAL_Driver\Src\stm32f4xx_hal_tim_ex.o
                0x0800298e                HAL_TIMEx_ConfigBreakDeadTime
 .text.MX_ADC1_Init
                0x08002a40       0xe8 Src\adc.o
                0x08002a40                MX_ADC1_Init
 .text.HAL_ADC_MspInit
                0x08002b28       0x78 Src\adc.o
                0x08002b28                HAL_ADC_MspInit
 .text.MX_CAN1_Init
                0x08002ba0       0x74 Src\can.o
                0x08002ba0                MX_CAN1_Init
 .text.HAL_CAN_MspInit
                0x08002c14       0x64 Src\can.o
                0x08002c14                HAL_CAN_MspInit
 .text.MX_DAC_Init
                0x08002c78       0x70 Src\dac.o
                0x08002c78                MX_DAC_Init
 .text.HAL_DAC_MspInit
                0x08002ce8       0x5c Src\dac.o
                0x08002ce8                HAL_DAC_MspInit
 .text.MX_GPIO_Init
                0x08002d44       0xa4 Src\gpio.o
                0x08002d44                MX_GPIO_Init
 .text.MX_I2C1_Init
                0x08002de8       0x64 Src\i2c.o
                0x08002de8                MX_I2C1_Init
 .text.HAL_I2C_MspInit
                0x08002e4c       0x64 Src\i2c.o
                0x08002e4c                HAL_I2C_MspInit
 .text.main     0x08002eb0       0x8c Src\main.o
                0x08002eb0                main
 .text.SystemClock_Config
                0x08002f3c      0x100 Src\main.o
                0x08002f3c                SystemClock_Config
 .text._Error_Handler
                0x0800303c        0xc Src\main.o
                0x0800303c                _Error_Handler
 .text.MX_SPI1_Init
                0x08003048       0x74 Src\spi.o
                0x08003048                MX_SPI1_Init
 .text.HAL_SPI_MspInit
                0x080030bc       0x88 Src\spi.o
                0x080030bc                HAL_SPI_MspInit
 .text.HAL_MspInit
                0x08003144       0x62 Src\stm32f4xx_hal_msp.o
                0x08003144                HAL_MspInit
 .text.NMI_Handler
                0x080031a6        0xe Src\stm32f4xx_it.o
                0x080031a6                NMI_Handler
 .text.HardFault_Handler
                0x080031b4        0x6 Src\stm32f4xx_it.o
                0x080031b4                HardFault_Handler
 .text.MemManage_Handler
                0x080031ba        0x6 Src\stm32f4xx_it.o
                0x080031ba                MemManage_Handler
 .text.BusFault_Handler
                0x080031c0        0x6 Src\stm32f4xx_it.o
                0x080031c0                BusFault_Handler
 .text.UsageFault_Handler
                0x080031c6        0x6 Src\stm32f4xx_it.o
                0x080031c6                UsageFault_Handler
 .text.SVC_Handler
                0x080031cc        0xe Src\stm32f4xx_it.o
                0x080031cc                SVC_Handler
 .text.DebugMon_Handler
                0x080031da        0xe Src\stm32f4xx_it.o
                0x080031da                DebugMon_Handler
 .text.PendSV_Handler
                0x080031e8        0xe Src\stm32f4xx_it.o
                0x080031e8                PendSV_Handler
 .text.SysTick_Handler
                0x080031f6       0x10 Src\stm32f4xx_it.o
                0x080031f6                SysTick_Handler
 *fill*         0x08003206        0x2 
 .text.SystemInit
                0x08003208       0x6c Src\system_stm32f4xx.o
                0x08003208                SystemInit
 .text.MX_TIM1_Init
                0x08003274       0xe8 Src\tim.o
                0x08003274                MX_TIM1_Init
 .text.HAL_TIM_OC_MspInit
                0x0800335c       0x44 Src\tim.o
                0x0800335c                HAL_TIM_OC_MspInit
 .text.HAL_TIM_MspPostInit
                0x080033a0       0x44 Src\tim.o
                0x080033a0                HAL_TIM_MspPostInit
 .text.Reset_Handler
                0x080033e4       0x50 startup\startup_stm32f446xx.o
                0x080033e4                Reset_Handler
 .text.Default_Handler
                0x08003434        0x2 startup\startup_stm32f446xx.o
                0x08003434                RTC_Alarm_IRQHandler
                0x08003434                EXTI2_IRQHandler
                0x08003434                TIM8_CC_IRQHandler
                0x08003434                SPI4_IRQHandler
                0x08003434                TIM1_CC_IRQHandler
                0x08003434                DMA2_Stream5_IRQHandler
                0x08003434                DMA1_Stream5_IRQHandler
                0x08003434                PVD_IRQHandler
                0x08003434                SDIO_IRQHandler
                0x08003434                TAMP_STAMP_IRQHandler
                0x08003434                CAN2_RX1_IRQHandler
                0x08003434                EXTI3_IRQHandler
                0x08003434                TIM8_TRG_COM_TIM14_IRQHandler
                0x08003434                TIM1_UP_TIM10_IRQHandler
                0x08003434                TIM8_UP_TIM13_IRQHandler
                0x08003434                I2C3_ER_IRQHandler
                0x08003434                FMPI2C1_Event_IRQHandler
                0x08003434                EXTI0_IRQHandler
                0x08003434                I2C2_EV_IRQHandler
                0x08003434                DMA1_Stream2_IRQHandler
                0x08003434                CAN1_RX0_IRQHandler
                0x08003434                FPU_IRQHandler
                0x08003434                OTG_HS_WKUP_IRQHandler
                0x08003434                CAN2_SCE_IRQHandler
                0x08003434                DMA2_Stream2_IRQHandler
                0x08003434                SPI1_IRQHandler
                0x08003434                TIM6_DAC_IRQHandler
                0x08003434                TIM1_BRK_TIM9_IRQHandler
                0x08003434                DCMI_IRQHandler
                0x08003434                CAN2_RX0_IRQHandler
                0x08003434                DMA2_Stream3_IRQHandler
                0x08003434                SAI2_IRQHandler
                0x08003434                USART6_IRQHandler
                0x08003434                USART3_IRQHandler
                0x08003434                CAN1_RX1_IRQHandler
                0x08003434                UART5_IRQHandler
                0x08003434                DMA2_Stream0_IRQHandler
                0x08003434                TIM4_IRQHandler
                0x08003434                QUADSPI_IRQHandler
                0x08003434                I2C1_EV_IRQHandler
                0x08003434                DMA1_Stream6_IRQHandler
                0x08003434                DMA1_Stream1_IRQHandler
                0x08003434                UART4_IRQHandler
                0x08003434                TIM3_IRQHandler
                0x08003434                RCC_IRQHandler
                0x08003434                TIM8_BRK_TIM12_IRQHandler
                0x08003434                Default_Handler
                0x08003434                CEC_IRQHandler
                0x08003434                EXTI15_10_IRQHandler
                0x08003434                ADC_IRQHandler
                0x08003434                DMA1_Stream7_IRQHandler
                0x08003434                TIM7_IRQHandler
                0x08003434                CAN2_TX_IRQHandler
                0x08003434                TIM5_IRQHandler
                0x08003434                DMA2_Stream7_IRQHandler
                0x08003434                I2C3_EV_IRQHandler
                0x08003434                EXTI9_5_IRQHandler
                0x08003434                RTC_WKUP_IRQHandler
                0x08003434                SPDIF_RX_IRQHandler
                0x08003434                SPI2_IRQHandler
                0x08003434                OTG_HS_EP1_IN_IRQHandler
                0x08003434                DMA1_Stream0_IRQHandler
                0x08003434                CAN1_TX_IRQHandler
                0x08003434                EXTI4_IRQHandler
                0x08003434                OTG_HS_EP1_OUT_IRQHandler
                0x08003434                WWDG_IRQHandler
                0x08003434                TIM2_IRQHandler
                0x08003434                OTG_FS_WKUP_IRQHandler
                0x08003434                TIM1_TRG_COM_TIM11_IRQHandler
                0x08003434                OTG_HS_IRQHandler
                0x08003434                EXTI1_IRQHandler
                0x08003434                USART2_IRQHandler
                0x08003434                I2C2_ER_IRQHandler
                0x08003434                DMA2_Stream1_IRQHandler
                0x08003434                CAN1_SCE_IRQHandler
                0x08003434                FLASH_IRQHandler
                0x08003434                DMA2_Stream4_IRQHandler
                0x08003434                USART1_IRQHandler
                0x08003434                OTG_FS_IRQHandler
                0x08003434                SPI3_IRQHandler
                0x08003434                DMA1_Stream4_IRQHandler
                0x08003434                I2C1_ER_IRQHandler
                0x08003434                FMC_IRQHandler
                0x08003434                DMA2_Stream6_IRQHandler
                0x08003434                SAI1_IRQHandler
                0x08003434                DMA1_Stream3_IRQHandler
                0x08003434                FMPI2C1_Error_IRQHandler
 *fill*         0x08003436        0x2 
 .text.__libc_init_array
                0x08003438       0x48 c:/program files (x86)/atollic/truestudio for stm32 9.0.1/armtools/bin/../lib/gcc/arm-atollic-eabi/6.3.1/../../../../arm-atollic-eabi/lib/armv7e-m/fpu\libc_nano.a(lib_a-init.o)
                0x08003438                __libc_init_array
 *(.glue_7)
 .glue_7        0x08003480        0x0 linker stubs
 *(.glue_7t)
 .glue_7t       0x08003480        0x0 linker stubs
 *(.eh_frame)
 .eh_frame      0x08003480        0x0 c:/program files (x86)/atollic/truestudio for stm32 9.0.1/armtools/bin/../lib/gcc/arm-atollic-eabi/6.3.1/armv7e-m/fpu/crtbegin.o
 *(.init)
 .init          0x08003480        0x4 c:/program files (x86)/atollic/truestudio for stm32 9.0.1/armtools/bin/../lib/gcc/arm-atollic-eabi/6.3.1/armv7e-m/fpu/crti.o
                0x08003480                _init
 .init          0x08003484        0x8 c:/program files (x86)/atollic/truestudio for stm32 9.0.1/armtools/bin/../lib/gcc/arm-atollic-eabi/6.3.1/armv7e-m/fpu/crtn.o
 *(.fini)
 .fini          0x0800348c        0x4 c:/program files (x86)/atollic/truestudio for stm32 9.0.1/armtools/bin/../lib/gcc/arm-atollic-eabi/6.3.1/armv7e-m/fpu/crti.o
                0x0800348c                _fini
 .fini          0x08003490        0x8 c:/program files (x86)/atollic/truestudio for stm32 9.0.1/armtools/bin/../lib/gcc/arm-atollic-eabi/6.3.1/armv7e-m/fpu/crtn.o
                0x08003498                . = ALIGN (0x4)
                0x08003498                _etext = .

.vfp11_veneer   0x08003498        0x0
 .vfp11_veneer  0x08003498        0x0 linker stubs

.v4_bx          0x08003498        0x0
 .v4_bx         0x08003498        0x0 linker stubs

.iplt           0x08003498        0x0
 .iplt          0x08003498        0x0 c:/program files (x86)/atollic/truestudio for stm32 9.0.1/armtools/bin/../lib/gcc/arm-atollic-eabi/6.3.1/armv7e-m/fpu/crtbegin.o

.rodata         0x08003498       0x88
                0x08003498                . = ALIGN (0x4)
 *(.rodata)
 .rodata        0x08003498        0xd Src\adc.o
 *fill*         0x080034a5        0x3 
 .rodata        0x080034a8        0xd Src\can.o
 *fill*         0x080034b5        0x3 
 .rodata        0x080034b8        0xd Src\dac.o
 *fill*         0x080034c5        0x3 
 .rodata        0x080034c8        0xd Src\i2c.o
 *fill*         0x080034d5        0x3 
 .rodata        0x080034d8        0xe Src\main.o
 *fill*         0x080034e6        0x2 
 .rodata        0x080034e8        0xd Src\spi.o
 *fill*         0x080034f5        0x3 
 .rodata        0x080034f8        0xd Src\tim.o
 *(.rodata*)
 *fill*         0x08003505        0x3 
 .rodata.AHBPrescTable
                0x08003508       0x10 Src\system_stm32f4xx.o
                0x08003508                AHBPrescTable
 .rodata.APBPrescTable
                0x08003518        0x8 Src\system_stm32f4xx.o
                0x08003518                APBPrescTable
                0x08003520                . = ALIGN (0x4)

.ARM.extab
 *(.ARM.extab* .gnu.linkonce.armextab.*)

.ARM            0x08003520        0x8
                0x08003520                __exidx_start = .
 *(.ARM.exidx*)
 .ARM.exidx     0x08003520        0x8 c:/program files (x86)/atollic/truestudio for stm32 9.0.1/armtools/bin/../lib/gcc/arm-atollic-eabi/6.3.1/armv7e-m/fpu\libgcc.a(_udivmoddi4.o)
                0x08003528                __exidx_end = .

.rel.dyn        0x08003528        0x0
 .rel.iplt      0x08003528        0x0 c:/program files (x86)/atollic/truestudio for stm32 9.0.1/armtools/bin/../lib/gcc/arm-atollic-eabi/6.3.1/armv7e-m/fpu/crtbegin.o

.preinit_array  0x08003528        0x0
                0x08003528                PROVIDE (__preinit_array_start, .)
 *(.preinit_array*)
                0x08003528                PROVIDE (__preinit_array_end, .)

.init_array     0x08003528        0x4
                0x08003528                PROVIDE (__init_array_start, .)
 *(SORT(.init_array.*))
 *(.init_array*)
 .init_array    0x08003528        0x4 c:/program files (x86)/atollic/truestudio for stm32 9.0.1/armtools/bin/../lib/gcc/arm-atollic-eabi/6.3.1/armv7e-m/fpu/crtbegin.o
                0x0800352c                PROVIDE (__init_array_end, .)

.fini_array     0x0800352c        0x4
                [!provide]                PROVIDE (__fini_array_start, .)
 *(SORT(.fini_array.*))
 *(.fini_array*)
 .fini_array    0x0800352c        0x4 c:/program files (x86)/atollic/truestudio for stm32 9.0.1/armtools/bin/../lib/gcc/arm-atollic-eabi/6.3.1/armv7e-m/fpu/crtbegin.o
                [!provide]                PROVIDE (__fini_array_end, .)
                0x08003530                _sidata = LOADADDR (.data)

.data           0x20000000        0x4 load address 0x08003530
                0x20000000                . = ALIGN (0x4)
                0x20000000                _sdata = .
 *(.data)
 *(.data*)
 .data.SystemCoreClock
                0x20000000        0x4 Src\system_stm32f4xx.o
                0x20000000                SystemCoreClock
                0x20000004                . = ALIGN (0x4)
                0x20000004                _edata = .

.igot.plt       0x20000004        0x0 load address 0x08003534
 .igot.plt      0x20000004        0x0 c:/program files (x86)/atollic/truestudio for stm32 9.0.1/armtools/bin/../lib/gcc/arm-atollic-eabi/6.3.1/armv7e-m/fpu/crtbegin.o
                0x20000004                . = ALIGN (0x4)

.bss            0x20000004      0x1a8 load address 0x08003534
                0x20000004                _sbss = .
                0x20000004                __bss_start__ = _sbss
 *(.bss)
 .bss           0x20000004       0x1c c:/program files (x86)/atollic/truestudio for stm32 9.0.1/armtools/bin/../lib/gcc/arm-atollic-eabi/6.3.1/armv7e-m/fpu/crtbegin.o
 *(.bss*)
 *(COMMON)
 COMMON         0x20000020        0x4 Drivers\STM32F4xx_HAL_Driver\Src\stm32f4xx_hal.o
                0x20000020                uwTick
 COMMON         0x20000024       0x48 Src\adc.o
                0x20000024                hadc1
 COMMON         0x2000006c       0x44 Src\can.o
                0x2000006c                hcan1
 COMMON         0x200000b0       0x14 Src\dac.o
                0x200000b0                hdac
 COMMON         0x200000c4       0x54 Src\i2c.o
                0x200000c4                hi2c1
 COMMON         0x20000118       0x58 Src\spi.o
                0x20000118                hspi1
 COMMON         0x20000170       0x3c Src\tim.o
                0x20000170                htim1
                0x200001ac                . = ALIGN (0x4)
                0x200001ac                _ebss = .
                0x200001ac                __bss_end__ = _ebss

._user_heap_stack
                0x200001ac      0x600 load address 0x08003534
                0x200001ac                . = ALIGN (0x4)
                [!provide]                PROVIDE (end, .)
                [!provide]                PROVIDE (_end, .)
                0x200003ac                . = (. + _Min_Heap_Size)
 *fill*         0x200001ac      0x200 
                0x200007ac                . = (. + _Min_Stack_Size)
 *fill*         0x200003ac      0x400 
                0x200007ac                . = ALIGN (0x4)

/DISCARD/
 libc.a(*)
 libm.a(*)
 libgcc.a(*)

.ARM.attributes
                0x00000000       0x30
 *(.ARM.attributes)
 .ARM.attributes
                0x00000000       0x22 c:/program files (x86)/atollic/truestudio for stm32 9.0.1/armtools/bin/../lib/gcc/arm-atollic-eabi/6.3.1/armv7e-m/fpu/crti.o
 .ARM.attributes
                0x00000022       0x34 c:/program files (x86)/atollic/truestudio for stm32 9.0.1/armtools/bin/../lib/gcc/arm-atollic-eabi/6.3.1/armv7e-m/fpu/crtbegin.o
 .ARM.attributes
                0x00000056       0x39 Drivers\STM32F4xx_HAL_Driver\Src\stm32f4xx_hal.o
 .ARM.attributes
                0x0000008f       0x39 Drivers\STM32F4xx_HAL_Driver\Src\stm32f4xx_hal_adc.o
 .ARM.attributes
                0x000000c8       0x39 Drivers\STM32F4xx_HAL_Driver\Src\stm32f4xx_hal_can.o
 .ARM.attributes
                0x00000101       0x39 Drivers\STM32F4xx_HAL_Driver\Src\stm32f4xx_hal_cortex.o
 .ARM.attributes
                0x0000013a       0x39 Drivers\STM32F4xx_HAL_Driver\Src\stm32f4xx_hal_dac.o
 .ARM.attributes
                0x00000173       0x39 Drivers\STM32F4xx_HAL_Driver\Src\stm32f4xx_hal_gpio.o
 .ARM.attributes
                0x000001ac       0x39 Drivers\STM32F4xx_HAL_Driver\Src\stm32f4xx_hal_i2c.o
 .ARM.attributes
                0x000001e5       0x39 Drivers\STM32F4xx_HAL_Driver\Src\stm32f4xx_hal_pwr_ex.o
 .ARM.attributes
                0x0000021e       0x39 Drivers\STM32F4xx_HAL_Driver\Src\stm32f4xx_hal_rcc.o
 .ARM.attributes
                0x00000257       0x39 Drivers\STM32F4xx_HAL_Driver\Src\stm32f4xx_hal_rcc_ex.o
 .ARM.attributes
                0x00000290       0x39 Drivers\STM32F4xx_HAL_Driver\Src\stm32f4xx_hal_spi.o
 .ARM.attributes
                0x000002c9       0x39 Drivers\STM32F4xx_HAL_Driver\Src\stm32f4xx_hal_tim.o
 .ARM.attributes
                0x00000302       0x39 Drivers\STM32F4xx_HAL_Driver\Src\stm32f4xx_hal_tim_ex.o
 .ARM.attributes
                0x0000033b       0x39 Src\adc.o
 .ARM.attributes
                0x00000374       0x39 Src\can.o
 .ARM.attributes
                0x000003ad       0x39 Src\dac.o
 .ARM.attributes
                0x000003e6       0x39 Src\gpio.o
 .ARM.attributes
                0x0000041f       0x39 Src\i2c.o
 .ARM.attributes
                0x00000458       0x39 Src\main.o
 .ARM.attributes
                0x00000491       0x39 Src\spi.o
 .ARM.attributes
                0x000004ca       0x39 Src\stm32f4xx_hal_msp.o
 .ARM.attributes
                0x00000503       0x39 Src\stm32f4xx_it.o
 .ARM.attributes
                0x0000053c       0x39 Src\system_stm32f4xx.o
 .ARM.attributes
                0x00000575       0x39 Src\tim.o
 .ARM.attributes
                0x000005ae       0x21 startup\startup_stm32f446xx.o
 .ARM.attributes
                0x000005cf       0x34 c:/program files (x86)/atollic/truestudio for stm32 9.0.1/armtools/bin/../lib/gcc/arm-atollic-eabi/6.3.1/../../../../arm-atollic-eabi/lib/armv7e-m/fpu\libc_nano.a(lib_a-init.o)
 .ARM.attributes
                0x00000603       0x22 c:/program files (x86)/atollic/truestudio for stm32 9.0.1/armtools/bin/../lib/gcc/arm-atollic-eabi/6.3.1/armv7e-m/fpu\libgcc.a(_aeabi_uldivmod.o)
 .ARM.attributes
                0x00000625       0x34 c:/program files (x86)/atollic/truestudio for stm32 9.0.1/armtools/bin/../lib/gcc/arm-atollic-eabi/6.3.1/armv7e-m/fpu\libgcc.a(_udivmoddi4.o)
 .ARM.attributes
                0x00000659       0x22 c:/program files (x86)/atollic/truestudio for stm32 9.0.1/armtools/bin/../lib/gcc/arm-atollic-eabi/6.3.1/armv7e-m/fpu\libgcc.a(_dvmd_tls.o)
 .ARM.attributes
                0x0000067b       0x22 c:/program files (x86)/atollic/truestudio for stm32 9.0.1/armtools/bin/../lib/gcc/arm-atollic-eabi/6.3.1/armv7e-m/fpu/crtn.o
OUTPUT(Avionics_Forse_Sensor_Program.elf elf32-littlearm)

.debug_info     0x00000000    0x1e395
 .debug_info    0x00000000     0x10b9 Drivers\STM32F4xx_HAL_Driver\Src\stm32f4xx_hal.o
 .debug_info    0x000010b9     0x149f Drivers\STM32F4xx_HAL_Driver\Src\stm32f4xx_hal_adc.o
 .debug_info    0x00002558     0x1366 Drivers\STM32F4xx_HAL_Driver\Src\stm32f4xx_hal_can.o
 .debug_info    0x000038be     0x1600 Drivers\STM32F4xx_HAL_Driver\Src\stm32f4xx_hal_cortex.o
 .debug_info    0x00004ebe     0x11f5 Drivers\STM32F4xx_HAL_Driver\Src\stm32f4xx_hal_dac.o
 .debug_info    0x000060b3      0xfc4 Drivers\STM32F4xx_HAL_Driver\Src\stm32f4xx_hal_gpio.o
 .debug_info    0x00007077     0x2891 Drivers\STM32F4xx_HAL_Driver\Src\stm32f4xx_hal_i2c.o
 .debug_info    0x00009908      0xf5b Drivers\STM32F4xx_HAL_Driver\Src\stm32f4xx_hal_pwr_ex.o
 .debug_info    0x0000a863     0x10d2 Drivers\STM32F4xx_HAL_Driver\Src\stm32f4xx_hal_rcc.o
 .debug_info    0x0000b935     0x109f Drivers\STM32F4xx_HAL_Driver\Src\stm32f4xx_hal_rcc_ex.o
 .debug_info    0x0000c9d4     0x1cf9 Drivers\STM32F4xx_HAL_Driver\Src\stm32f4xx_hal_spi.o
 .debug_info    0x0000e6cd     0x29f8 Drivers\STM32F4xx_HAL_Driver\Src\stm32f4xx_hal_tim.o
 .debug_info    0x000110c5     0x17d2 Drivers\STM32F4xx_HAL_Driver\Src\stm32f4xx_hal_tim_ex.o
 .debug_info    0x00012897     0x11aa Src\adc.o
 .debug_info    0x00013a41     0x11d5 Src\can.o
 .debug_info    0x00014c16     0x10cc Src\dac.o
 .debug_info    0x00015ce2      0xbad Src\gpio.o
 .debug_info    0x0001688f     0x11ba Src\i2c.o
 .debug_info    0x00017a49     0x21d1 Src\main.o
 .debug_info    0x00019c1a     0x1186 Src\spi.o
 .debug_info    0x0001ada0      0xb81 Src\stm32f4xx_hal_msp.o
 .debug_info    0x0001b921      0x9c8 Src\stm32f4xx_it.o
 .debug_info    0x0001c2e9      0xd4b Src\system_stm32f4xx.o
 .debug_info    0x0001d034     0x12da Src\tim.o
 .debug_info    0x0001e30e       0x87 startup\startup_stm32f446xx.o

.debug_abbrev   0x00000000     0x3658
 .debug_abbrev  0x00000000      0x280 Drivers\STM32F4xx_HAL_Driver\Src\stm32f4xx_hal.o
 .debug_abbrev  0x00000280      0x262 Drivers\STM32F4xx_HAL_Driver\Src\stm32f4xx_hal_adc.o
 .debug_abbrev  0x000004e2      0x295 Drivers\STM32F4xx_HAL_Driver\Src\stm32f4xx_hal_can.o
 .debug_abbrev  0x00000777      0x371 Drivers\STM32F4xx_HAL_Driver\Src\stm32f4xx_hal_cortex.o
 .debug_abbrev  0x00000ae8      0x25f Drivers\STM32F4xx_HAL_Driver\Src\stm32f4xx_hal_dac.o
 .debug_abbrev  0x00000d47      0x24c Drivers\STM32F4xx_HAL_Driver\Src\stm32f4xx_hal_gpio.o
 .debug_abbrev  0x00000f93      0x2a1 Drivers\STM32F4xx_HAL_Driver\Src\stm32f4xx_hal_i2c.o
 .debug_abbrev  0x00001234      0x273 Drivers\STM32F4xx_HAL_Driver\Src\stm32f4xx_hal_pwr_ex.o
 .debug_abbrev  0x000014a7      0x2c8 Drivers\STM32F4xx_HAL_Driver\Src\stm32f4xx_hal_rcc.o
 .debug_abbrev  0x0000176f      0x23f Drivers\STM32F4xx_HAL_Driver\Src\stm32f4xx_hal_rcc_ex.o
 .debug_abbrev  0x000019ae      0x2ac Drivers\STM32F4xx_HAL_Driver\Src\stm32f4xx_hal_spi.o
 .debug_abbrev  0x00001c5a      0x2ab Drivers\STM32F4xx_HAL_Driver\Src\stm32f4xx_hal_tim.o
 .debug_abbrev  0x00001f05      0x288 Drivers\STM32F4xx_HAL_Driver\Src\stm32f4xx_hal_tim_ex.o
 .debug_abbrev  0x0000218d      0x1eb Src\adc.o
 .debug_abbrev  0x00002378      0x216 Src\can.o
 .debug_abbrev  0x0000258e      0x1eb Src\dac.o
 .debug_abbrev  0x00002779      0x1a8 Src\gpio.o
 .debug_abbrev  0x00002921      0x1eb Src\i2c.o
 .debug_abbrev  0x00002b0c      0x248 Src\main.o
 .debug_abbrev  0x00002d54      0x1eb Src\spi.o
 .debug_abbrev  0x00002f3f      0x199 Src\stm32f4xx_hal_msp.o
 .debug_abbrev  0x000030d8      0x190 Src\stm32f4xx_it.o
 .debug_abbrev  0x00003268      0x1ca Src\system_stm32f4xx.o
 .debug_abbrev  0x00003432      0x214 Src\tim.o
 .debug_abbrev  0x00003646       0x12 startup\startup_stm32f446xx.o

.debug_aranges  0x00000000     0x10f0
 .debug_aranges
                0x00000000       0xc8 Drivers\STM32F4xx_HAL_Driver\Src\stm32f4xx_hal.o
 .debug_aranges
                0x000000c8       0xe8 Drivers\STM32F4xx_HAL_Driver\Src\stm32f4xx_hal_adc.o
 .debug_aranges
                0x000001b0       0xb0 Drivers\STM32F4xx_HAL_Driver\Src\stm32f4xx_hal_can.o
 .debug_aranges
                0x00000260      0x118 Drivers\STM32F4xx_HAL_Driver\Src\stm32f4xx_hal_cortex.o
 .debug_aranges
                0x00000378       0xc0 Drivers\STM32F4xx_HAL_Driver\Src\stm32f4xx_hal_dac.o
 .debug_aranges
                0x00000438       0x58 Drivers\STM32F4xx_HAL_Driver\Src\stm32f4xx_hal_gpio.o
 .debug_aranges
                0x00000490      0x268 Drivers\STM32F4xx_HAL_Driver\Src\stm32f4xx_hal_i2c.o
 .debug_aranges
                0x000006f8       0x60 Drivers\STM32F4xx_HAL_Driver\Src\stm32f4xx_hal_pwr_ex.o
 .debug_aranges
                0x00000758       0x88 Drivers\STM32F4xx_HAL_Driver\Src\stm32f4xx_hal_rcc.o
 .debug_aranges
                0x000007e0       0x58 Drivers\STM32F4xx_HAL_Driver\Src\stm32f4xx_hal_rcc_ex.o
 .debug_aranges
                0x00000838      0x1c8 Drivers\STM32F4xx_HAL_Driver\Src\stm32f4xx_hal_spi.o
 .debug_aranges
                0x00000a00      0x368 Drivers\STM32F4xx_HAL_Driver\Src\stm32f4xx_hal_tim.o
 .debug_aranges
                0x00000d68      0x140 Drivers\STM32F4xx_HAL_Driver\Src\stm32f4xx_hal_tim_ex.o
 .debug_aranges
                0x00000ea8       0x30 Src\adc.o
 .debug_aranges
                0x00000ed8       0x30 Src\can.o
 .debug_aranges
                0x00000f08       0x30 Src\dac.o
 .debug_aranges
                0x00000f38       0x20 Src\gpio.o
 .debug_aranges
                0x00000f58       0x30 Src\i2c.o
 .debug_aranges
                0x00000f88       0x30 Src\main.o
 .debug_aranges
                0x00000fb8       0x30 Src\spi.o
 .debug_aranges
                0x00000fe8       0x20 Src\stm32f4xx_hal_msp.o
 .debug_aranges
                0x00001008       0x60 Src\stm32f4xx_it.o
 .debug_aranges
                0x00001068       0x28 Src\system_stm32f4xx.o
 .debug_aranges
                0x00001090       0x38 Src\tim.o
 .debug_aranges
                0x000010c8       0x28 startup\startup_stm32f446xx.o

.debug_ranges   0x00000000      0xf68
 .debug_ranges  0x00000000       0xb8 Drivers\STM32F4xx_HAL_Driver\Src\stm32f4xx_hal.o
 .debug_ranges  0x000000b8       0xd8 Drivers\STM32F4xx_HAL_Driver\Src\stm32f4xx_hal_adc.o
 .debug_ranges  0x00000190       0xa0 Drivers\STM32F4xx_HAL_Driver\Src\stm32f4xx_hal_can.o
 .debug_ranges  0x00000230      0x108 Drivers\STM32F4xx_HAL_Driver\Src\stm32f4xx_hal_cortex.o
 .debug_ranges  0x00000338       0xb0 Drivers\STM32F4xx_HAL_Driver\Src\stm32f4xx_hal_dac.o
 .debug_ranges  0x000003e8       0x48 Drivers\STM32F4xx_HAL_Driver\Src\stm32f4xx_hal_gpio.o
 .debug_ranges  0x00000430      0x258 Drivers\STM32F4xx_HAL_Driver\Src\stm32f4xx_hal_i2c.o
 .debug_ranges  0x00000688       0x50 Drivers\STM32F4xx_HAL_Driver\Src\stm32f4xx_hal_pwr_ex.o
 .debug_ranges  0x000006d8       0x78 Drivers\STM32F4xx_HAL_Driver\Src\stm32f4xx_hal_rcc.o
 .debug_ranges  0x00000750       0x48 Drivers\STM32F4xx_HAL_Driver\Src\stm32f4xx_hal_rcc_ex.o
 .debug_ranges  0x00000798      0x1b8 Drivers\STM32F4xx_HAL_Driver\Src\stm32f4xx_hal_spi.o
 .debug_ranges  0x00000950      0x358 Drivers\STM32F4xx_HAL_Driver\Src\stm32f4xx_hal_tim.o
 .debug_ranges  0x00000ca8      0x130 Drivers\STM32F4xx_HAL_Driver\Src\stm32f4xx_hal_tim_ex.o
 .debug_ranges  0x00000dd8       0x20 Src\adc.o
 .debug_ranges  0x00000df8       0x20 Src\can.o
 .debug_ranges  0x00000e18       0x20 Src\dac.o
 .debug_ranges  0x00000e38       0x10 Src\gpio.o
 .debug_ranges  0x00000e48       0x20 Src\i2c.o
 .debug_ranges  0x00000e68       0x20 Src\main.o
 .debug_ranges  0x00000e88       0x20 Src\spi.o
 .debug_ranges  0x00000ea8       0x10 Src\stm32f4xx_hal_msp.o
 .debug_ranges  0x00000eb8       0x50 Src\stm32f4xx_it.o
 .debug_ranges  0x00000f08       0x18 Src\system_stm32f4xx.o
 .debug_ranges  0x00000f20       0x28 Src\tim.o
 .debug_ranges  0x00000f48       0x20 startup\startup_stm32f446xx.o

.debug_line     0x00000000     0x8dcb
 .debug_line    0x00000000      0x43f Drivers\STM32F4xx_HAL_Driver\Src\stm32f4xx_hal.o
 .debug_line    0x0000043f      0x6e2 Drivers\STM32F4xx_HAL_Driver\Src\stm32f4xx_hal_adc.o
 .debug_line    0x00000b21      0x7c9 Drivers\STM32F4xx_HAL_Driver\Src\stm32f4xx_hal_can.o
 .debug_line    0x000012ea      0x5c9 Drivers\STM32F4xx_HAL_Driver\Src\stm32f4xx_hal_cortex.o
 .debug_line    0x000018b3      0x511 Drivers\STM32F4xx_HAL_Driver\Src\stm32f4xx_hal_dac.o
 .debug_line    0x00001dc4      0x483 Drivers\STM32F4xx_HAL_Driver\Src\stm32f4xx_hal_gpio.o
 .debug_line    0x00002247     0x12ba Drivers\STM32F4xx_HAL_Driver\Src\stm32f4xx_hal_i2c.o
 .debug_line    0x00003501      0x3b0 Drivers\STM32F4xx_HAL_Driver\Src\stm32f4xx_hal_pwr_ex.o
 .debug_line    0x000038b1      0x52a Drivers\STM32F4xx_HAL_Driver\Src\stm32f4xx_hal_rcc.o
 .debug_line    0x00003ddb      0x63a Drivers\STM32F4xx_HAL_Driver\Src\stm32f4xx_hal_rcc_ex.o
 .debug_line    0x00004415      0xc36 Drivers\STM32F4xx_HAL_Driver\Src\stm32f4xx_hal_spi.o
 .debug_line    0x0000504b     0x1464 Drivers\STM32F4xx_HAL_Driver\Src\stm32f4xx_hal_tim.o
 .debug_line    0x000064af      0x885 Drivers\STM32F4xx_HAL_Driver\Src\stm32f4xx_hal_tim_ex.o
 .debug_line    0x00006d34      0x320 Src\adc.o
 .debug_line    0x00007054      0x2f8 Src\can.o
 .debug_line    0x0000734c      0x2f9 Src\dac.o
 .debug_line    0x00007645      0x23a Src\gpio.o
 .debug_line    0x0000787f      0x2ff Src\i2c.o
 .debug_line    0x00007b7e      0x409 Src\main.o
 .debug_line    0x00007f87      0x307 Src\spi.o
 .debug_line    0x0000828e      0x24a Src\stm32f4xx_hal_msp.o
 .debug_line    0x000084d8      0x2c6 Src\stm32f4xx_it.o
 .debug_line    0x0000879e      0x270 Src\system_stm32f4xx.o
 .debug_line    0x00008a0e      0x33e Src\tim.o
 .debug_line    0x00008d4c       0x7f startup\startup_stm32f446xx.o

.debug_str      0x00000000     0x50fa
 .debug_str     0x00000000      0xe80 Drivers\STM32F4xx_HAL_Driver\Src\stm32f4xx_hal.o
                                0xf34 (size before relaxing)
 .debug_str     0x00000e80      0x67d Drivers\STM32F4xx_HAL_Driver\Src\stm32f4xx_hal_adc.o
                                0xd7b (size before relaxing)
 .debug_str     0x000014fd      0x4cf Drivers\STM32F4xx_HAL_Driver\Src\stm32f4xx_hal_can.o
                                0xc2b (size before relaxing)
 .debug_str     0x000019cc      0x408 Drivers\STM32F4xx_HAL_Driver\Src\stm32f4xx_hal_cortex.o
                               0x10e1 (size before relaxing)
 .debug_str     0x00001dd4      0x326 Drivers\STM32F4xx_HAL_Driver\Src\stm32f4xx_hal_dac.o
                                0xc18 (size before relaxing)
 .debug_str     0x000020fa      0x1c6 Drivers\STM32F4xx_HAL_Driver\Src\stm32f4xx_hal_gpio.o
                                0x99b (size before relaxing)
 .debug_str     0x000022c0      0xa30 Drivers\STM32F4xx_HAL_Driver\Src\stm32f4xx_hal_i2c.o
                               0x136d (size before relaxing)
 .debug_str     0x00002cf0      0x168 Drivers\STM32F4xx_HAL_Driver\Src\stm32f4xx_hal_pwr_ex.o
                                0x986 (size before relaxing)
 .debug_str     0x00002e58      0x2c9 Drivers\STM32F4xx_HAL_Driver\Src\stm32f4xx_hal_rcc.o
                                0xb33 (size before relaxing)
 .debug_str     0x00003121      0x2d9 Drivers\STM32F4xx_HAL_Driver\Src\stm32f4xx_hal_rcc_ex.o
                                0xbd0 (size before relaxing)
 .debug_str     0x000033fa      0x67d Drivers\STM32F4xx_HAL_Driver\Src\stm32f4xx_hal_spi.o
                                0xfc4 (size before relaxing)
 .debug_str     0x00003a77      0xea4 Drivers\STM32F4xx_HAL_Driver\Src\stm32f4xx_hal_tim.o
                               0x17e6 (size before relaxing)
 .debug_str     0x0000491b      0x543 Drivers\STM32F4xx_HAL_Driver\Src\stm32f4xx_hal_tim_ex.o
                               0x10a1 (size before relaxing)
 .debug_str     0x00004e5e       0x2a Src\adc.o
                                0xc44 (size before relaxing)
 .debug_str     0x00004e88       0x2a Src\can.o
                                0xb2a (size before relaxing)
 .debug_str     0x00004eb2       0x23 Src\dac.o
                                0xbd7 (size before relaxing)
 .debug_str     0x00004ed5       0x1b Src\gpio.o
                                0x777 (size before relaxing)
 .debug_str     0x00004ef0       0x2a Src\i2c.o
                                0xd1a (size before relaxing)
 .debug_str     0x00004f1a       0x67 Src\main.o
                               0x1b97 (size before relaxing)
 .debug_str     0x00004f81       0x24 Src\spi.o
                                0xc5e (size before relaxing)
 .debug_str     0x00004fa5       0x1b Src\stm32f4xx_hal_msp.o
                                0xb8a (size before relaxing)
 .debug_str     0x00004fc0       0xa6 Src\stm32f4xx_it.o
                                0x6da (size before relaxing)
 .debug_str     0x00005066       0x45 Src\system_stm32f4xx.o
                                0x7ff (size before relaxing)
 .debug_str     0x000050ab       0x4f Src\tim.o
                                0xdbe (size before relaxing)

.comment        0x00000000       0x7c
 .comment       0x00000000       0x7c Drivers\STM32F4xx_HAL_Driver\Src\stm32f4xx_hal.o
                                 0x7d (size before relaxing)
 .comment       0x0000007c       0x7d Drivers\STM32F4xx_HAL_Driver\Src\stm32f4xx_hal_adc.o
 .comment       0x0000007c       0x7d Drivers\STM32F4xx_HAL_Driver\Src\stm32f4xx_hal_can.o
 .comment       0x0000007c       0x7d Drivers\STM32F4xx_HAL_Driver\Src\stm32f4xx_hal_cortex.o
 .comment       0x0000007c       0x7d Drivers\STM32F4xx_HAL_Driver\Src\stm32f4xx_hal_dac.o
 .comment       0x0000007c       0x7d Drivers\STM32F4xx_HAL_Driver\Src\stm32f4xx_hal_gpio.o
 .comment       0x0000007c       0x7d Drivers\STM32F4xx_HAL_Driver\Src\stm32f4xx_hal_i2c.o
 .comment       0x0000007c       0x7d Drivers\STM32F4xx_HAL_Driver\Src\stm32f4xx_hal_pwr_ex.o
 .comment       0x0000007c       0x7d Drivers\STM32F4xx_HAL_Driver\Src\stm32f4xx_hal_rcc.o
 .comment       0x0000007c       0x7d Drivers\STM32F4xx_HAL_Driver\Src\stm32f4xx_hal_rcc_ex.o
 .comment       0x0000007c       0x7d Drivers\STM32F4xx_HAL_Driver\Src\stm32f4xx_hal_spi.o
 .comment       0x0000007c       0x7d Drivers\STM32F4xx_HAL_Driver\Src\stm32f4xx_hal_tim.o
 .comment       0x0000007c       0x7d Drivers\STM32F4xx_HAL_Driver\Src\stm32f4xx_hal_tim_ex.o
 .comment       0x0000007c       0x7d Src\adc.o
 .comment       0x0000007c       0x7d Src\can.o
 .comment       0x0000007c       0x7d Src\dac.o
 .comment       0x0000007c       0x7d Src\gpio.o
 .comment       0x0000007c       0x7d Src\i2c.o
 .comment       0x0000007c       0x7d Src\main.o
 .comment       0x0000007c       0x7d Src\spi.o
 .comment       0x0000007c       0x7d Src\stm32f4xx_hal_msp.o
 .comment       0x0000007c       0x7d Src\stm32f4xx_it.o
 .comment       0x0000007c       0x7d Src\system_stm32f4xx.o
 .comment       0x0000007c       0x7d Src\tim.o

.debug_frame    0x00000000     0x459c
 .debug_frame   0x00000000      0x2d8 Drivers\STM32F4xx_HAL_Driver\Src\stm32f4xx_hal.o
 .debug_frame   0x000002d8      0x400 Drivers\STM32F4xx_HAL_Driver\Src\stm32f4xx_hal_adc.o
 .debug_frame   0x000006d8      0x2f8 Drivers\STM32F4xx_HAL_Driver\Src\stm32f4xx_hal_can.o
 .debug_frame   0x000009d0      0x498 Drivers\STM32F4xx_HAL_Driver\Src\stm32f4xx_hal_cortex.o
 .debug_frame   0x00000e68      0x338 Drivers\STM32F4xx_HAL_Driver\Src\stm32f4xx_hal_dac.o
 .debug_frame   0x000011a0      0x14c Drivers\STM32F4xx_HAL_Driver\Src\stm32f4xx_hal_gpio.o
 .debug_frame   0x000012ec      0xb30 Drivers\STM32F4xx_HAL_Driver\Src\stm32f4xx_hal_i2c.o
 .debug_frame   0x00001e1c      0x14c Drivers\STM32F4xx_HAL_Driver\Src\stm32f4xx_hal_pwr_ex.o
 .debug_frame   0x00001f68      0x1f8 Drivers\STM32F4xx_HAL_Driver\Src\stm32f4xx_hal_rcc.o
 .debug_frame   0x00002160      0x158 Drivers\STM32F4xx_HAL_Driver\Src\stm32f4xx_hal_rcc_ex.o
 .debug_frame   0x000022b8      0x7fc Drivers\STM32F4xx_HAL_Driver\Src\stm32f4xx_hal_spi.o
 .debug_frame   0x00002ab4      0xfb4 Drivers\STM32F4xx_HAL_Driver\Src\stm32f4xx_hal_tim.o
 .debug_frame   0x00003a68      0x574 Drivers\STM32F4xx_HAL_Driver\Src\stm32f4xx_hal_tim_ex.o
 .debug_frame   0x00003fdc       0x7c Src\adc.o
 .debug_frame   0x00004058       0x74 Src\can.o
 .debug_frame   0x000040cc       0x7c Src\dac.o
 .debug_frame   0x00004148       0x38 Src\gpio.o
 .debug_frame   0x00004180       0x74 Src\i2c.o
 .debug_frame   0x000041f4       0x70 Src\main.o
 .debug_frame   0x00004264       0x74 Src\spi.o
 .debug_frame   0x000042d8       0x2c Src\stm32f4xx_hal_msp.o
 .debug_frame   0x00004304      0x10c Src\stm32f4xx_it.o
 .debug_frame   0x00004410       0x58 Src\system_stm32f4xx.o
 .debug_frame   0x00004468       0xa8 Src\tim.o
 .debug_frame   0x00004510       0x2c c:/program files (x86)/atollic/truestudio for stm32 9.0.1/armtools/bin/../lib/gcc/arm-atollic-eabi/6.3.1/../../../../arm-atollic-eabi/lib/armv7e-m/fpu\libc_nano.a(lib_a-init.o)
 .debug_frame   0x0000453c       0x2c c:/program files (x86)/atollic/truestudio for stm32 9.0.1/armtools/bin/../lib/gcc/arm-atollic-eabi/6.3.1/armv7e-m/fpu\libgcc.a(_aeabi_uldivmod.o)
 .debug_frame   0x00004568       0x34 c:/program files (x86)/atollic/truestudio for stm32 9.0.1/armtools/bin/../lib/gcc/arm-atollic-eabi/6.3.1/armv7e-m/fpu\libgcc.a(_udivmoddi4.o)
